<html>
<body>
<pre>
<h1>µVision Build Log</h1>
<h2>Project:</h2>
F:\stm32TP\project\STM32F030-TP.uvprojx
Project File Date:  09/19/2015

<h2>Output:</h2>
Rebuild target 'STM32TP'
compiling global.c...
compiling main.c...
compiling led.c...
compiling stm32f0xx_gpio.c...
compiling stm32f0xx_rcc.c...
compiling ht1621_driver.c...
compiling key.c...
assembling startup_stm32f030.s...
compiling system_stm32f0xx.c...
linking...
Program Size: Code=4094 RO-data=230 RW-data=36 ZI-data=1652  
FromELF: creating hex file...
".\STM32TP.axf" - 0 Error(s), 0 Warning(s).

<h2>Software Packages used:</h2>

Package Vendor: ARM
                http://www.keil.com/pack/ARM.CMSIS.4.1.0.pack
                ARM::CMSIS:CORE:3.30.0
                CMSIS (Cortex Microcontroller Software Interface Standard)
   * Component: CORE Version: 3.30.0

Package Vendor: Keil
                http://www.keil.com/pack/Keil.STM32F0xx_DFP.1.4.0.pack
                Keil::Device:Startup:1.5.0
                STMicroelectronics STM32F0 Series Device Support and Examples
   * Component: Startup Version: 1.5.0

<h2>Collection of Component include folders:</h2>
  F:\stm32TP\project\RTE
  C:\Keil_v5\ARM\PACK\ARM\CMSIS\4.1.0\CMSIS\Include
  C:\Keil_v5\ARM\PACK\Keil\STM32F0xx_DFP\1.4.0\Device\Include

<h2>Collection of Component Files used:</h2>

   * Component: ARM::CMSIS:CORE:3.30.0
      Source file:   CMSIS\UserCodeTemplates\ARM\ITM_Retarget.c

   * Component: Keil::Device:Startup:1.5.0
      Source file:   Device\Source\ARM\startup_stm32f030.s
      Source file:   Device\Source\system_stm32f0xx.c
      Source file:   Device\Source\ARM\STM32F0xx_OPT.s
</pre>
</body>
</html>
