Product: MDK-ARM Standard 5.10
Component: ARM Compiler 5.04 update 1 (build 49)
Tool: armlink [5040049]

==============================================================================

Section Cross References

    global.o(.text) refers to stm32f0xx_gpio.o(.text) for GPIO_ReadInputDataBit
    global.o(.text) refers to i2c.o(.text) for Read_EEPROM
    global.o(.text) refers to fflti.o(.text) for __aeabi_ui2f
    global.o(.text) refers to faddsub.o(x$fpl$fadd) for __aeabi_fadd
    global.o(.text) refers to fmul.o(x$fpl$fmul) for __aeabi_fmul
    global.o(.text) refers to ffixui.o(.text) for __aeabi_f2uiz
    global.o(.text) refers to global.o(.data) for .data
    global.o(.text) refers to global.o(.constdata) for .constdata
    global.o(.text) refers to aeabi_sdiv.o(.text) for __aeabi_uidivmod
    global.o(.text) refers to fdiv.o(.text) for __aeabi_fdiv
    global.o(.text) refers to dflti.o(.text) for __aeabi_ui2d
    global.o(.text) refers to daddsub.o(.text) for __aeabi_dadd
    global.o(.text) refers to ddiv.o(.text) for __aeabi_ddiv
    global.o(.text) refers to dmul.o(.text) for __aeabi_dmul
    global.o(.text) refers to d2f.o(.text) for __aeabi_d2f
    global.o(.text) refers to global.o(.bss) for .bss
    global.o(.text) refers to fscalbn.o(.text) for __ARM_scalbnf
    global.o(.text) refers to key.o(.text) for Key_Null_Pro
    global.o(.text) refers to global.o(i.__ARM_common_switch8) for __ARM_common_switch8
    global.o(.text) refers to filter.o(.text) for stable_manual_break
    global.o(.text) refers to timer.o(.data) for flag_10ms_ok
    global.o(.text) refers to f2d.o(.text) for __aeabi_f2d
    global.o(.text) refers to filter.o(.data) for flag_auto_track_enable
    global.o(.text) refers to flef.o(x$fpl$fleqf) for __aeabi_cfcmple
    global.o(.text) refers to faddsub.o(x$fpl$fsub) for __aeabi_fsub
    global.o(.text) refers to frlef.o(x$fpl$frleqf) for __aeabi_cfrcmple
    main.o(.text) refers to filter.o(.text) for filter
    main.o(.text) refers to global.o(.text) for update_new_data
    main.o(.text) refers to key.o(.text) for Get_Key_Code
    main.o(.text) refers to ht1621_driver.o(.text) for Ht1621_F_Display_area1
    main.o(.text) refers to led.o(.text) for LED_Close
    main.o(.text) refers to ad_acquire.o(.text) for Get_temp_ad
    main.o(.text) refers to faddsub.o(x$fpl$fsub) for __aeabi_fsub
    main.o(.text) refers to f2d.o(.text) for __aeabi_f2d
    main.o(.text) refers to abs.o(.text) for abs
    main.o(.text) refers to uart.o(.text) for UART_SendData_NJ_format2
    main.o(.text) refers to timer.o(.text) for TIM3_Init
    main.o(.text) refers to rtc.o(.text) for RTC_Config
    main.o(.text) refers to i2c.o(.text) for I2c_Init
    main.o(.text) refers to epm7064s.o(.text) for EPM7064_PIN_Init
    main.o(.text) refers to global.o(.data) for Factory_Inncal_step
    main.o(.text) refers to global.o(.data) for flag_new_data
    main.o(.text) refers to timer.o(.data) for flag_10ms_ok
    main.o(.text) refers to main.o(.data) for .data
    main.o(.text) refers to global.o(.data) for sleepmode
    main.o(.text) refers to global.o(.data) for asd_para
    main.o(.text) refers to main.o(.constdata) for .constdata
    main.o(.text) refers to global.o(.data) for adc_times
    main.o(.text) refers to global.o(.data) for prehot_time
    main.o(.text) refers to global.o(.data) for Speaker_Time
    main.o(.text) refers to global.o(.bss) for display_buffer
    timer.o(.text) refers to stm32f0xx_rcc.o(.text) for RCC_APB1PeriphClockCmd
    timer.o(.text) refers to stm32f0xx_misc.o(.text) for NVIC_Init
    timer.o(.text) refers to stm32f0xx_tim.o(.text) for TIM_TimeBaseInit
    timer.o(.text) refers to key.o(.text) for Key_Sound_Pro
    timer.o(.text) refers to ht1621_driver.o(.text) for Displaybuf_All_off
    timer.o(.text) refers to led.o(.text) for BL_Close
    timer.o(.text) refers to timer.o(.data) for .data
    timer.o(.text) refers to global.o(.data) for motor_run_time
    timer.o(.text) refers to global.o(.data) for animal_start
    timer.o(.text) refers to global.o(.data) for animal_run_time
    timer.o(.text) refers to global.o(.data) for prehot_time
    uart.o(.text) refers to _printf_pad.o(.text) for _printf_pre_padding
    uart.o(.text) refers to _printf_percent.o(.ARM.Collect$$_printf_percent$$00000000) for _printf_percent
    uart.o(.text) refers to _printf_f.o(.ARM.Collect$$_printf_percent$$00000003) for _printf_f
    uart.o(.text) refers to printf1.o(x$fpl$printf1) for _printf_fp_dec
    uart.o(.text) refers to _printf_d.o(.ARM.Collect$$_printf_percent$$00000009) for _printf_d
    uart.o(.text) refers to _printf_dec.o(.text) for _printf_int_dec
    uart.o(.text) refers to stm32f0xx_rcc.o(.text) for RCC_AHBPeriphClockCmd
    uart.o(.text) refers to stm32f0xx_gpio.o(.text) for GPIO_PinAFConfig
    uart.o(.text) refers to stm32f0xx_usart.o(.text) for USART_Init
    uart.o(.text) refers to f2d.o(.text) for __aeabi_f2d
    uart.o(.text) refers to noretval__2sprintf.o(.text) for __2sprintf
[...]
    filter_ad_NTC                            0x080022b9   Thumb Code   186  filter.o(.text)
    Get_Raw1_Data                            0x08002373   Thumb Code     6  filter.o(.text)
    Get_Ave1_Data                            0x08002379   Thumb Code     6  filter.o(.text)
    Get_Ave2_Data                            0x0800237f   Thumb Code     6  filter.o(.text)
    Get_Filter_Data                          0x08002385   Thumb Code     6  filter.o(.text)
    ADC1_Init                                0x08002499   Thumb Code   210  ad_acquire.o(.text)
    Get_temp_ad                              0x0800256b   Thumb Code     6  ad_acquire.o(.text)
    CPU_LED_Init                             0x08002585   Thumb Code    50  led.o(.text)
    BL_LED_Init                              0x080025b7   Thumb Code    38  led.o(.text)
    SPEAKER_PIN_Init                         0x080025dd   Thumb Code    48  led.o(.text)
    LED_Open                                 0x0800260d   Thumb Code    16  led.o(.text)
    BL_Open                                  0x0800261d   Thumb Code    14  led.o(.text)
    SPEAKER_Open                             0x0800262b   Thumb Code    14  led.o(.text)
    LED_Close                                0x08002639   Thumb Code    16  led.o(.text)
    BL_Close                                 0x08002649   Thumb Code    14  led.o(.text)
    SPEAKER_Close                            0x08002657   Thumb Code    14  led.o(.text)
    GPIO_DeInit                              0x0800266d   Thumb Code    78  stm32f0xx_gpio.o(.text)
    GPIO_Init                                0x080026bb   Thumb Code   112  stm32f0xx_gpio.o(.text)
    GPIO_StructInit                          0x0800272b   Thumb Code    18  stm32f0xx_gpio.o(.text)
    GPIO_PinLockConfig                       0x0800273d   Thumb Code    26  stm32f0xx_gpio.o(.text)
    GPIO_ReadInputDataBit                    0x08002757   Thumb Code    14  stm32f0xx_gpio.o(.text)
    GPIO_ReadInputData                       0x08002765   Thumb Code     4  stm32f0xx_gpio.o(.text)
    GPIO_ReadOutputDataBit                   0x08002769   Thumb Code    14  stm32f0xx_gpio.o(.text)
    GPIO_ReadOutputData                      0x08002777   Thumb Code     4  stm32f0xx_gpio.o(.text)
    GPIO_SetBits                             0x0800277b   Thumb Code     4  stm32f0xx_gpio.o(.text)
    GPIO_ResetBits                           0x0800277f   Thumb Code     4  stm32f0xx_gpio.o(.text)
    GPIO_WriteBit                            0x08002783   Thumb Code    12  stm32f0xx_gpio.o(.text)
    GPIO_Write                               0x0800278f   Thumb Code     4  stm32f0xx_gpio.o(.text)
    GPIO_PinAFConfig                         0x08002793   Thumb Code    32  stm32f0xx_gpio.o(.text)
    RCC_DeInit                               0x080027c9   Thumb Code    78  stm32f0xx_rcc.o(.text)
    RCC_HSEConfig                            0x08002817   Thumb Code    10  stm32f0xx_rcc.o(.text)
    RCC_GetFlagStatus                        0x08002821   Thumb Code    48  stm32f0xx_rcc.o(.text)
    RCC_WaitForHSEStartUp                    0x08002851   Thumb Code    44  stm32f0xx_rcc.o(.text)
    RCC_AdjustHSICalibrationValue            0x0800287d   Thumb Code    16  stm32f0xx_rcc.o(.text)
    RCC_HSICmd                               0x0800288d   Thumb Code    22  stm32f0xx_rcc.o(.text)
    RCC_AdjustHSI14CalibrationValue          0x080028a3   Thumb Code    16  stm32f0xx_rcc.o(.text)
    RCC_HSI14Cmd                             0x080028b3   Thumb Code    22  stm32f0xx_rcc.o(.text)
    RCC_HSI14ADCRequestCmd                   0x080028c9   Thumb Code    20  stm32f0xx_rcc.o(.text)
    RCC_LSEConfig                            0x080028dd   Thumb Code    26  stm32f0xx_rcc.o(.text)
    RCC_LSEDriveConfig                       0x080028f7   Thumb Code    18  stm32f0xx_rcc.o(.text)
    RCC_LSICmd                               0x08002909   Thumb Code    22  stm32f0xx_rcc.o(.text)
    RCC_PLLConfig                            0x0800291f   Thumb Code    24  stm32f0xx_rcc.o(.text)
    RCC_PLLCmd                               0x08002937   Thumb Code    22  stm32f0xx_rcc.o(.text)
    RCC_PREDIV1Config                        0x0800294d   Thumb Code    14  stm32f0xx_rcc.o(.text)
    RCC_ClockSecuritySystemCmd               0x0800295b   Thumb Code    22  stm32f0xx_rcc.o(.text)
    RCC_MCOConfig                            0x08002971   Thumb Code    18  stm32f0xx_rcc.o(.text)
    RCC_SYSCLKConfig                         0x08002983   Thumb Code    14  stm32f0xx_rcc.o(.text)
    RCC_GetSYSCLKSource                      0x08002991   Thumb Code    10  stm32f0xx_rcc.o(.text)
    RCC_HCLKConfig                           0x0800299b   Thumb Code    14  stm32f0xx_rcc.o(.text)
    RCC_PCLKConfig                           0x080029a9   Thumb Code    16  stm32f0xx_rcc.o(.text)
    RCC_ADCCLKConfig                         0x080029b9   Thumb Code    38  stm32f0xx_rcc.o(.text)
    RCC_CECCLKConfig                         0x080029df   Thumb Code    18  stm32f0xx_rcc.o(.text)
    RCC_I2CCLKConfig                         0x080029f1   Thumb Code    18  stm32f0xx_rcc.o(.text)
    RCC_USARTCLKConfig                       0x08002a03   Thumb Code    18  stm32f0xx_rcc.o(.text)
    RCC_GetClocksFreq                        0x08002a15   Thumb Code   208  stm32f0xx_rcc.o(.text)
    RCC_RTCCLKConfig                         0x08002ae5   Thumb Code    10  stm32f0xx_rcc.o(.text)
    RCC_RTCCLKCmd                            0x08002aef   Thumb Code    20  stm32f0xx_rcc.o(.text)
    RCC_BackupResetCmd                       0x08002b03   Thumb Code    22  stm32f0xx_rcc.o(.text)
    RCC_AHBPeriphClockCmd                    0x08002b19   Thumb Code    18  stm32f0xx_rcc.o(.text)
    RCC_APB2PeriphClockCmd                   0x08002b2b   Thumb Code    18  stm32f0xx_rcc.o(.text)
    RCC_APB1PeriphClockCmd                   0x08002b3d   Thumb Code    18  stm32f0xx_rcc.o(.text)
    RCC_AHBPeriphResetCmd                    0x08002b4f   Thumb Code    18  stm32f0xx_rcc.o(.text)
    RCC_APB2PeriphResetCmd                   0x08002b61   Thumb Code    18  stm32f0xx_rcc.o(.text)
    RCC_APB1PeriphResetCmd                   0x08002b73   Thumb Code    18  stm32f0xx_rcc.o(.text)
    RCC_ITConfig                             0x08002b85   Thumb Code    18  stm32f0xx_rcc.o(.text)
    RCC_ClearFlag                            0x08002b97   Thumb Code    46  stm32f0xx_rcc.o(.text)
    RCC_GetITStatus                          0x08002bc5   Thumb Code    16  stm32f0xx_rcc.o(.text)
    RCC_ClearITPendingBit                    0x08002bd5   Thumb Code     6  stm32f0xx_rcc.o(.text)
    ADC_DeInit                               0x08002be1   Thumb Code    28  stm32f0xx_adc.o(.text)
    ADC_Init                                 0x08002bfd   Thumb Code    38  stm32f0xx_adc.o(.text)
    ADC_StructInit                           0x08002c23   Thumb Code    16  stm32f0xx_adc.o(.text)
    ADC_Cmd                                  0x08002c33   Thumb Code    18  stm32f0xx_adc.o(.text)
    ADC_JitterCmd                            0x08002c45   Thumb Code    16  stm32f0xx_adc.o(.text)
    ADC_AutoPowerOffCmd                      0x08002c55   Thumb Code    20  stm32f0xx_adc.o(.text)
    ADC_WaitModeCmd                          0x08002c69   Thumb Code    20  stm32f0xx_adc.o(.text)
    ADC_AnalogWatchdogCmd                    0x08002c7d   Thumb Code    20  stm32f0xx_adc.o(.text)
    ADC_AnalogWatchdogThresholdsConfig       0x08002c91   Thumb Code     8  stm32f0xx_adc.o(.text)
    ADC_AnalogWatchdogSingleChannelConfig    0x08002c99   Thumb Code    14  stm32f0xx_adc.o(.text)
    ADC_AnalogWatchdogSingleChannelCmd       0x08002ca7   Thumb Code    20  stm32f0xx_adc.o(.text)
    ADC_TempSensorCmd                        0x08002cbb   Thumb Code    22  stm32f0xx_adc.o(.text)
    ADC_VrefintCmd                           0x08002cd1   Thumb Code    22  stm32f0xx_adc.o(.text)
    ADC_VbatCmd                              0x08002ce7   Thumb Code    22  stm32f0xx_adc.o(.text)
    ADC_ChannelConfig                        0x08002cfd   Thumb Code    10  stm32f0xx_adc.o(.text)
    ADC_ContinuousModeCmd                    0x08002d07   Thumb Code    20  stm32f0xx_adc.o(.text)
    ADC_DiscModeCmd                          0x08002d1b   Thumb Code    20  stm32f0xx_adc.o(.text)
    ADC_OverrunModeCmd                       0x08002d2f   Thumb Code    20  stm32f0xx_adc.o(.text)
    ADC_GetCalibrationFactor                 0x08002d43   Thumb Code    46  stm32f0xx_adc.o(.text)
    ADC_StopOfConversion                     0x08002d71   Thumb Code    10  stm32f0xx_adc.o(.text)
    ADC_StartOfConversion                    0x08002d7b   Thumb Code    10  stm32f0xx_adc.o(.text)
    ADC_GetConversionValue                   0x08002d85   Thumb Code     6  stm32f0xx_adc.o(.text)
    ADC_DMACmd                               0x08002d8b   Thumb Code    20  stm32f0xx_adc.o(.text)
    ADC_DMARequestModeConfig                 0x08002d9f   Thumb Code    16  stm32f0xx_adc.o(.text)
    ADC_ITConfig                             0x08002daf   Thumb Code    16  stm32f0xx_adc.o(.text)
    ADC_GetFlagStatus                        0x08002dbf   Thumb Code    28  stm32f0xx_adc.o(.text)
    ADC_ClearFlag                            0x08002ddb   Thumb Code     4  stm32f0xx_adc.o(.text)
    ADC_GetITStatus                          0x08002ddf   Thumb Code    22  stm32f0xx_adc.o(.text)
    ADC_ClearITPendingBit                    0x08002df5   Thumb Code     4  stm32f0xx_adc.o(.text)
    TIM_DeInit                               0x08002e05   Thumb Code   152  stm32f0xx_tim.o(.text)
    TIM_TimeBaseInit                         0x08002e9d   Thumb Code    88  stm32f0xx_tim.o(.text)
    TIM_TimeBaseStructInit                   0x08002ef5   Thumb Code    18  stm32f0xx_tim.o(.text)
    TIM_PrescalerConfig                      0x08002f07   Thumb Code     6  stm32f0xx_tim.o(.text)
    TIM_CounterModeConfig                    0x08002f0d   Thumb Code    12  stm32f0xx_tim.o(.text)
    TIM_SetCounter                           0x08002f19   Thumb Code     4  stm32f0xx_tim.o(.text)
    TIM_SetAutoreload                        0x08002f1d   Thumb Code     4  stm32f0xx_tim.o(.text)
    TIM_GetCounter                           0x08002f21   Thumb Code     4  stm32f0xx_tim.o(.text)
    TIM_GetPrescaler                         0x08002f25   Thumb Code     4  stm32f0xx_tim.o(.text)
    TIM_UpdateDisableConfig                  0x08002f29   Thumb Code    18  stm32f0xx_tim.o(.text)
    TIM_UpdateRequestConfig                  0x08002f3b   Thumb Code    18  stm32f0xx_tim.o(.text)
    TIM_ARRPreloadConfig                     0x08002f4d   Thumb Code    18  stm32f0xx_tim.o(.text)
    TIM_SelectOnePulseMode                   0x08002f5f   Thumb Code    16  stm32f0xx_tim.o(.text)
    TIM_SetClockDivision                     0x08002f6f   Thumb Code    16  stm32f0xx_tim.o(.text)
    TIM_Cmd                                  0x08002f7f   Thumb Code    20  stm32f0xx_tim.o(.text)
    TIM_BDTRConfig                           0x08002f93   Thumb Code    34  stm32f0xx_tim.o(.text)
    TIM_BDTRStructInit                       0x08002fb5   Thumb Code    18  stm32f0xx_tim.o(.text)
    TIM_CtrlPWMOutputs                       0x08002fc7   Thumb Code    24  stm32f0xx_tim.o(.text)
    TIM_OC1Init                              0x08002fdf   Thumb Code   104  stm32f0xx_tim.o(.text)
    TIM_OC2Init                              0x08003047   Thumb Code   124  stm32f0xx_tim.o(.text)
    TIM_OC3Init                              0x080030c3   Thumb Code   110  stm32f0xx_tim.o(.text)
    TIM_OC4Init                              0x08003131   Thumb Code    78  stm32f0xx_tim.o(.text)
    TIM_OCStructInit                         0x0800317f   Thumb Code    20  stm32f0xx_tim.o(.text)
    TIM_SelectOCxM                           0x08003193   Thumb Code    70  stm32f0xx_tim.o(.text)
    TIM_SetCompare1                          0x080031d9   Thumb Code     4  stm32f0xx_tim.o(.text)
    TIM_SetCompare2                          0x080031dd   Thumb Code    72  stm32f0xx_tim.o(.text)
    TIM_SetCompare3                          0x08003225   Thumb Code     4  stm32f0xx_tim.o(.text)
    TIM_SetCompare4                          0x08003229   Thumb Code     4  stm32f0xx_tim.o(.text)
    TIM_ForcedOC1Config                      0x0800322d   Thumb Code    12  stm32f0xx_tim.o(.text)
    TIM_ForcedOC2Config                      0x08003239   Thumb Code    14  stm32f0xx_tim.o(.text)
    TIM_ForcedOC3Config                      0x08003247   Thumb Code    12  stm32f0xx_tim.o(.text)
    TIM_ForcedOC4Config                      0x08003253   Thumb Code    14  stm32f0xx_tim.o(.text)
    TIM_CCPreloadControl                     0x08003261   Thumb Code    20  stm32f0xx_tim.o(.text)
    TIM_OC1PreloadConfig                     0x08003275   Thumb Code    12  stm32f0xx_tim.o(.text)
    TIM_OC2PreloadConfig                     0x08003281   Thumb Code    14  stm32f0xx_tim.o(.text)
    TIM_OC3PreloadConfig                     0x0800328f   Thumb Code    12  stm32f0xx_tim.o(.text)
    TIM_OC4PreloadConfig                     0x0800329b   Thumb Code    14  stm32f0xx_tim.o(.text)
    TIM_OC1FastConfig                        0x080032a9   Thumb Code    12  stm32f0xx_tim.o(.text)
    TIM_OC2FastConfig                        0x080032b5   Thumb Code    14  stm32f0xx_tim.o(.text)
    TIM_OC3FastConfig                        0x080032c3   Thumb Code    12  stm32f0xx_tim.o(.text)
    TIM_OC4FastConfig                        0x080032cf   Thumb Code    14  stm32f0xx_tim.o(.text)
    TIM_ClearOC1Ref                          0x080032dd   Thumb Code    12  stm32f0xx_tim.o(.text)
    TIM_ClearOC2Ref                          0x080032e9   Thumb Code    14  stm32f0xx_tim.o(.text)
    TIM_ClearOC3Ref                          0x080032f7   Thumb Code    12  stm32f0xx_tim.o(.text)
    TIM_ClearOC4Ref                          0x08003303   Thumb Code    14  stm32f0xx_tim.o(.text)
    TIM_OC1PolarityConfig                    0x08003311   Thumb Code    12  stm32f0xx_tim.o(.text)
    TIM_OC1NPolarityConfig                   0x0800331d   Thumb Code    12  stm32f0xx_tim.o(.text)
    TIM_OC2PolarityConfig                    0x08003329   Thumb Code    14  stm32f0xx_tim.o(.text)
    TIM_OC2NPolarityConfig                   0x08003337   Thumb Code    14  stm32f0xx_tim.o(.text)
    TIM_OC3PolarityConfig                    0x08003345   Thumb Code    14  stm32f0xx_tim.o(.text)
    TIM_OC3NPolarityConfig                   0x08003353   Thumb Code    14  stm32f0xx_tim.o(.text)
    TIM_OC4PolarityConfig                    0x08003361   Thumb Code    14  stm32f0xx_tim.o(.text)
    TIM_SelectOCREFClear                     0x0800336f   Thumb Code    16  stm32f0xx_tim.o(.text)
    TIM_CCxCmd                               0x0800337f   Thumb Code    22  stm32f0xx_tim.o(.text)
    TIM_CCxNCmd                              0x08003395   Thumb Code    22  stm32f0xx_tim.o(.text)
    TIM_SelectCOM                            0x080033ab   Thumb Code    18  stm32f0xx_tim.o(.text)
    TIM_SetIC4Prescaler                      0x080033bd   Thumb Code    18  stm32f0xx_tim.o(.text)
    TIM_SetIC3Prescaler                      0x080033cf   Thumb Code    16  stm32f0xx_tim.o(.text)
    TIM_SetIC2Prescaler                      0x080033df   Thumb Code    18  stm32f0xx_tim.o(.text)
    TIM_SetIC1Prescaler                      0x0800341b   Thumb Code    16  stm32f0xx_tim.o(.text)
    TIM_ICInit                               0x08003453   Thumb Code   162  stm32f0xx_tim.o(.text)
    TIM_ICStructInit                         0x080034f5   Thumb Code    16  stm32f0xx_tim.o(.text)
    TIM_PWMIConfig                           0x08003505   Thumb Code   104  stm32f0xx_tim.o(.text)
    TIM_GetCapture1                          0x0800356d   Thumb Code     4  stm32f0xx_tim.o(.text)
    TIM_GetCapture2                          0x08003571   Thumb Code     4  stm32f0xx_tim.o(.text)
    TIM_GetCapture3                          0x08003575   Thumb Code     4  stm32f0xx_tim.o(.text)
    TIM_GetCapture4                          0x08003579   Thumb Code     4  stm32f0xx_tim.o(.text)
    TIM_ITConfig                             0x0800357d   Thumb Code    16  stm32f0xx_tim.o(.text)
    TIM_GenerateEvent                        0x0800358d   Thumb Code     4  stm32f0xx_tim.o(.text)
    TIM_GetFlagStatus                        0x08003591   Thumb Code    14  stm32f0xx_tim.o(.text)
    TIM_ClearFlag                            0x0800359f   Thumb Code     6  stm32f0xx_tim.o(.text)
    TIM_GetITStatus                          0x080035a5   Thumb Code    24  stm32f0xx_tim.o(.text)
    TIM_ClearITPendingBit                    0x080035bd   Thumb Code     6  stm32f0xx_tim.o(.text)
    TIM_DMAConfig                            0x080035c3   Thumb Code     8  stm32f0xx_tim.o(.text)
    TIM_DMACmd                               0x080035cb   Thumb Code    16  stm32f0xx_tim.o(.text)
    TIM_SelectCCDMA                          0x080035db   Thumb Code    18  stm32f0xx_tim.o(.text)
    TIM_InternalClockConfig                  0x080035ed   Thumb Code    10  stm32f0xx_tim.o(.text)
    TIM_SelectInputTrigger                   0x080035f7   Thumb Code    12  stm32f0xx_tim.o(.text)
    TIM_ITRxExternalClockConfig              0x08003603   Thumb Code    62  stm32f0xx_tim.o(.text)
    TIM_TIxExternalClockConfig               0x08003641   Thumb Code    48  stm32f0xx_tim.o(.text)
    TIM_ETRConfig                            0x08003671   Thumb Code    18  stm32f0xx_tim.o(.text)
    TIM_ETRClockMode1Config                  0x08003683   Thumb Code    28  stm32f0xx_tim.o(.text)
    TIM_ETRClockMode2Config                  0x0800369f   Thumb Code    20  stm32f0xx_tim.o(.text)
    TIM_SelectOutputTrigger                  0x080036b3   Thumb Code    16  stm32f0xx_tim.o(.text)
    TIM_SelectSlaveMode                      0x080036c3   Thumb Code    16  stm32f0xx_tim.o(.text)
    TIM_SelectMasterSlaveMode                0x080036d3   Thumb Code    16  stm32f0xx_tim.o(.text)
    TIM_EncoderInterfaceConfig               0x080036e3   Thumb Code    42  stm32f0xx_tim.o(.text)
    TIM_SelectHallSensor                     0x0800370d   Thumb Code    18  stm32f0xx_tim.o(.text)
    TIM_RemapConfig                          0x0800371f   Thumb Code     6  stm32f0xx_tim.o(.text)
    USART_DeInit                             0x08003729   Thumb Code    54  stm32f0xx_usart.o(.text)
    USART_Init                               0x0800375f   Thumb Code   128  stm32f0xx_usart.o(.text)
    USART_StructInit                         0x080037df   Thumb Code    22  stm32f0xx_usart.o(.text)
    USART_ClockInit                          0x080037f5   Thumb Code    28  stm32f0xx_usart.o(.text)
    USART_ClockStructInit                    0x08003811   Thumb Code    12  stm32f0xx_usart.o(.text)
    USART_Cmd                                0x0800381d   Thumb Code    20  stm32f0xx_usart.o(.text)
    USART_DirectionModeCmd                   0x08003831   Thumb Code    16  stm32f0xx_usart.o(.text)
    USART_OverSampling8Cmd                   0x08003841   Thumb Code    20  stm32f0xx_usart.o(.text)
    USART_OneBitMethodCmd                    0x08003855   Thumb Code    20  stm32f0xx_usart.o(.text)
    USART_MSBFirstCmd                        0x08003869   Thumb Code    20  stm32f0xx_usart.o(.text)
    USART_DataInvCmd                         0x0800387d   Thumb Code    20  stm32f0xx_usart.o(.text)
    USART_InvPinCmd                          0x08003891   Thumb Code    16  stm32f0xx_usart.o(.text)
    USART_SWAPPinCmd                         0x080038a1   Thumb Code    20  stm32f0xx_usart.o(.text)
    USART_ReceiverTimeOutCmd                 0x080038b5   Thumb Code    20  stm32f0xx_usart.o(.text)
    USART_SetReceiverTimeOut                 0x080038c9   Thumb Code    16  stm32f0xx_usart.o(.text)
    USART_SetPrescaler                       0x080038d9   Thumb Code    16  stm32f0xx_usart.o(.text)
    USART_STOPModeCmd                        0x080038e9   Thumb Code    18  stm32f0xx_usart.o(.text)
    USART_StopModeWakeUpSourceConfig         0x080038fb   Thumb Code    18  stm32f0xx_usart.o(.text)
    USART_AutoBaudRateCmd                    0x0800390d   Thumb Code    20  stm32f0xx_usart.o(.text)
    USART_AutoBaudRateConfig                 0x08003921   Thumb Code    18  stm32f0xx_usart.o(.text)
    USART_SendData                           0x08003933   Thumb Code     8  stm32f0xx_usart.o(.text)
    USART_ReceiveData                        0x0800393b   Thumb Code     8  stm32f0xx_usart.o(.text)
    USART_SetAddress                         0x08003943   Thumb Code    18  stm32f0xx_usart.o(.text)
    USART_MuteModeCmd                        0x08003955   Thumb Code    20  stm32f0xx_usart.o(.text)
    USART_MuteModeWakeUpConfig               0x08003969   Thumb Code    18  stm32f0xx_usart.o(.text)
    USART_AddressDetectionConfig             0x0800397b   Thumb Code    16  stm32f0xx_usart.o(.text)
    USART_LINBreakDetectLengthConfig         0x0800398b   Thumb Code    16  stm32f0xx_usart.o(.text)
    USART_LINCmd                             0x0800399b   Thumb Code    20  stm32f0xx_usart.o(.text)
    USART_HalfDuplexCmd                      0x080039af   Thumb Code    18  stm32f0xx_usart.o(.text)
    USART_SetGuardTime                       0x080039c1   Thumb Code    16  stm32f0xx_usart.o(.text)
    USART_SmartCardCmd                       0x080039d1   Thumb Code    18  stm32f0xx_usart.o(.text)
    USART_SmartCardNACKCmd                   0x080039e3   Thumb Code    18  stm32f0xx_usart.o(.text)
    USART_SetAutoRetryCount                  0x080039f5   Thumb Code    20  stm32f0xx_usart.o(.text)
    USART_SetBlockLength                     0x08003a09   Thumb Code    18  stm32f0xx_usart.o(.text)
    USART_IrDAConfig                         0x08003a1b   Thumb Code    16  stm32f0xx_usart.o(.text)
    USART_IrDACmd                            0x08003a2b   Thumb Code    18  stm32f0xx_usart.o(.text)
    USART_DECmd                              0x08003a3d   Thumb Code    20  stm32f0xx_usart.o(.text)
    USART_DEPolarityConfig                   0x08003a51   Thumb Code    18  stm32f0xx_usart.o(.text)
    USART_SetDEAssertionTime                 0x08003a63   Thumb Code    20  stm32f0xx_usart.o(.text)
    USART_SetDEDeassertionTime               0x08003a77   Thumb Code    20  stm32f0xx_usart.o(.text)
    USART_DMACmd                             0x08003a8b   Thumb Code    16  stm32f0xx_usart.o(.text)
    USART_DMAReceptionErrorConfig            0x08003a9b   Thumb Code    18  stm32f0xx_usart.o(.text)
    USART_ITConfig                           0x08003aad   Thumb Code    42  stm32f0xx_usart.o(.text)
    USART_RequestCmd                         0x08003ad7   Thumb Code    16  stm32f0xx_usart.o(.text)
    USART_OverrunDetectionConfig             0x08003ae7   Thumb Code    18  stm32f0xx_usart.o(.text)
    USART_GetFlagStatus                      0x08003af9   Thumb Code    32  stm32f0xx_usart.o(.text)
    USART_ClearFlag                          0x08003b19   Thumb Code     4  stm32f0xx_usart.o(.text)
    USART_GetITStatus                        0x08003b1d   Thumb Code    56  stm32f0xx_usart.o(.text)
    USART_ClearITPendingBit                  0x08003b55   Thumb Code    10  stm32f0xx_usart.o(.text)
    EXTI_DeInit                              0x08003b61   Thumb Code    20  stm32f0xx_exti.o(.text)
    EXTI_Init                                0x08003b75   Thumb Code   102  stm32f0xx_exti.o(.text)
    EXTI_StructInit                          0x08003bdb   Thumb Code    14  stm32f0xx_exti.o(.text)
    EXTI_GenerateSWInterrupt                 0x08003be9   Thumb Code    10  stm32f0xx_exti.o(.text)
    EXTI_GetFlagStatus                       0x08003bf3   Thumb Code    16  stm32f0xx_exti.o(.text)
    EXTI_ClearFlag                           0x08003c03   Thumb Code     6  stm32f0xx_exti.o(.text)
    EXTI_GetITStatus                         0x08003c09   Thumb Code    16  stm32f0xx_exti.o(.text)
    EXTI_ClearITPendingBit                   0x08003c19   Thumb Code     6  stm32f0xx_exti.o(.text)
    RTC_WaitForSynchro                       0x08003c2d   Thumb Code    74  stm32f0xx_rtc.o(.text)
    RTC_EnterInitMode                        0x08003c77   Thumb Code    56  stm32f0xx_rtc.o(.text)
    RTC_DeInit                               0x08003caf   Thumb Code    72  stm32f0xx_rtc.o(.text)
    RTC_ExitInitMode                         0x08003cf7   Thumb Code    12  stm32f0xx_rtc.o(.text)
    RTC_Init                                 0x08003d03   Thumb Code    68  stm32f0xx_rtc.o(.text)
    RTC_StructInit                           0x08003d47   Thumb Code    14  stm32f0xx_rtc.o(.text)
    RTC_WriteProtectionCmd                   0x08003d55   Thumb Code    20  stm32f0xx_rtc.o(.text)
    RTC_RefClockCmd                          0x08003d69   Thumb Code    54  stm32f0xx_rtc.o(.text)
    RTC_BypassShadowCmd                      0x08003d9f   Thumb Code    34  stm32f0xx_rtc.o(.text)
    RTC_SetTime                              0x08003dc1   Thumb Code   136  stm32f0xx_rtc.o(.text)
    RTC_TimeStructInit                       0x08003e49   Thumb Code    12  stm32f0xx_rtc.o(.text)
    RTC_GetTime                              0x08003e55   Thumb Code    72  stm32f0xx_rtc.o(.text)
    RTC_GetSubSecond                         0x08003e9d   Thumb Code     8  stm32f0xx_rtc.o(.text)
    RTC_SetDate                              0x08003ea5   Thumb Code   138  stm32f0xx_rtc.o(.text)
    RTC_DateStructInit                       0x08003f2f   Thumb Code    14  stm32f0xx_rtc.o(.text)
    RTC_GetDate                              0x08003f3d   Thumb Code    68  stm32f0xx_rtc.o(.text)
    RTC_SetAlarm                             0x08003f81   Thumb Code   130  stm32f0xx_rtc.o(.text)
    RTC_AlarmStructInit                      0x08004003   Thumb Code    42  stm32f0xx_rtc.o(.text)
    RTC_GetAlarm                             0x0800402d   Thumb Code    90  stm32f0xx_rtc.o(.text)
    RTC_AlarmCmd                             0x08004087   Thumb Code    74  stm32f0xx_rtc.o(.text)
    RTC_AlarmSubSecondConfig                 0x080040d1   Thumb Code    26  stm32f0xx_rtc.o(.text)
    RTC_GetAlarmSubSecond                    0x080040eb   Thumb Code    12  stm32f0xx_rtc.o(.text)
    RTC_DayLightSavingConfig                 0x080040f7   Thumb Code    36  stm32f0xx_rtc.o(.text)
    RTC_GetStoreOperation                    0x0800411b   Thumb Code    12  stm32f0xx_rtc.o(.text)
    RTC_OutputConfig                         0x08004127   Thumb Code    36  stm32f0xx_rtc.o(.text)
    RTC_CalibOutputCmd                       0x0800414b   Thumb Code    34  stm32f0xx_rtc.o(.text)
    RTC_CalibOutputConfig                    0x0800416d   Thumb Code    32  stm32f0xx_rtc.o(.text)
    RTC_SmoothCalibConfig                    0x0800418d   Thumb Code    60  stm32f0xx_rtc.o(.text)
    RTC_TimeStampCmd                         0x080041c9   Thumb Code    36  stm32f0xx_rtc.o(.text)
    RTC_GetTimeStamp                         0x080041ed   Thumb Code   126  stm32f0xx_rtc.o(.text)
    RTC_GetTimeStampSubSecond                0x0800426b   Thumb Code     6  stm32f0xx_rtc.o(.text)
    RTC_TamperTriggerConfig                  0x08004271   Thumb Code    22  stm32f0xx_rtc.o(.text)
    RTC_TamperCmd                            0x08004287   Thumb Code    20  stm32f0xx_rtc.o(.text)
    RTC_TamperFilterConfig                   0x0800429b   Thumb Code    22  stm32f0xx_rtc.o(.text)
    RTC_TamperSamplingFreqConfig             0x080042b1   Thumb Code    22  stm32f0xx_rtc.o(.text)
    RTC_TamperPinsPrechargeDuration          0x080042c7   Thumb Code    22  stm32f0xx_rtc.o(.text)
    RTC_TimeStampOnTamperDetectionCmd        0x080042dd   Thumb Code    22  stm32f0xx_rtc.o(.text)
    RTC_TamperPullUpCmd                      0x080042f3   Thumb Code    22  stm32f0xx_rtc.o(.text)
    RTC_WriteBackupRegister                  0x08004309   Thumb Code    16  stm32f0xx_rtc.o(.text)
    RTC_ReadBackupRegister                   0x08004319   Thumb Code    16  stm32f0xx_rtc.o(.text)
    RTC_OutputTypeConfig                     0x08004329   Thumb Code    22  stm32f0xx_rtc.o(.text)
    RTC_SynchroShiftConfig                   0x0800433f   Thumb Code    72  stm32f0xx_rtc.o(.text)
    RTC_ITConfig                             0x08004387   Thumb Code    56  stm32f0xx_rtc.o(.text)
    RTC_GetFlagStatus                        0x080043bf   Thumb Code    20  stm32f0xx_rtc.o(.text)
    RTC_ClearFlag                            0x080043d3   Thumb Code    22  stm32f0xx_rtc.o(.text)
    RTC_GetITStatus                          0x080043e9   Thumb Code    76  stm32f0xx_rtc.o(.text)
    RTC_ClearITPendingBit                    0x08004435   Thumb Code    22  stm32f0xx_rtc.o(.text)
    NVIC_Init                                0x08004479   Thumb Code    70  stm32f0xx_misc.o(.text)
    NVIC_SystemLPConfig                      0x080044bf   Thumb Code    18  stm32f0xx_misc.o(.text)
    SysTick_CLKSourceConfig                  0x080044d1   Thumb Code    20  stm32f0xx_misc.o(.text)
    PWR_DeInit                               0x080044f5   Thumb Code    22  stm32f0xx_pwr.o(.text)
    PWR_BackupAccessCmd                      0x0800450b   Thumb Code    20  stm32f0xx_pwr.o(.text)
    PWR_PVDLevelConfig                       0x0800451f   Thumb Code    14  stm32f0xx_pwr.o(.text)
    PWR_PVDCmd                               0x0800452d   Thumb Code    20  stm32f0xx_pwr.o(.text)
    PWR_WakeUpPinCmd                         0x08004541   Thumb Code    18  stm32f0xx_pwr.o(.text)
    PWR_EnterSleepMode                       0x08004553   Thumb Code    22  stm32f0xx_pwr.o(.text)
    PWR_EnterSTOPMode                        0x08004569   Thumb Code    40  stm32f0xx_pwr.o(.text)
    PWR_EnterSTANDBYMode                     0x08004591   Thumb Code    30  stm32f0xx_pwr.o(.text)
    PWR_GetFlagStatus                        0x080045af   Thumb Code    16  stm32f0xx_pwr.o(.text)
    PWR_ClearFlag                            0x080045bf   Thumb Code    12  stm32f0xx_pwr.o(.text)
    SYSCFG_DeInit                            0x080045d5   Thumb Code    30  stm32f0xx_syscfg.o(.text)
    SYSCFG_MemoryRemapConfig                 0x080045f3   Thumb Code    14  stm32f0xx_syscfg.o(.text)
    SYSCFG_DMAChannelRemapConfig             0x08004601   Thumb Code    18  stm32f0xx_syscfg.o(.text)
    SYSCFG_I2CFastModePlusConfig             0x08004613   Thumb Code    18  stm32f0xx_syscfg.o(.text)
    SYSCFG_EXTILineConfig                    0x08004625   Thumb Code    34  stm32f0xx_syscfg.o(.text)
    SYSCFG_BreakConfig                       0x08004647   Thumb Code    10  stm32f0xx_syscfg.o(.text)
    SYSCFG_GetFlagStatus                     0x08004651   Thumb Code    14  stm32f0xx_syscfg.o(.text)
    SYSCFG_ClearFlag                         0x0800465f   Thumb Code    10  stm32f0xx_syscfg.o(.text)
    DMA_DeInit                               0x0800466d   Thumb Code   100  stm32f0xx_dma.o(.text)
    DMA_Init                                 0x080046d1   Thumb Code    56  stm32f0xx_dma.o(.text)
    DMA_StructInit                           0x08004709   Thumb Code    26  stm32f0xx_dma.o(.text)
    DMA_Cmd                                  0x08004723   Thumb Code    20  stm32f0xx_dma.o(.text)
    DMA_SetCurrDataCounter                   0x08004737   Thumb Code     4  stm32f0xx_dma.o(.text)
    DMA_GetCurrDataCounter                   0x0800473b   Thumb Code     6  stm32f0xx_dma.o(.text)
    DMA_ITConfig                             0x08004741   Thumb Code    16  stm32f0xx_dma.o(.text)
    DMA_GetFlagStatus                        0x08004751   Thumb Code    18  stm32f0xx_dma.o(.text)
    DMA_ClearFlag                            0x08004763   Thumb Code     8  stm32f0xx_dma.o(.text)
    DMA_GetITStatus                          0x0800476b   Thumb Code    18  stm32f0xx_dma.o(.text)
    DMA_ClearITPendingBit                    0x0800477d   Thumb Code     8  stm32f0xx_dma.o(.text)
    Init_1621                                0x08004809   Thumb Code    92  ht1621_driver.o(.text)
    Update_Display                           0x08004865   Thumb Code    78  ht1621_driver.o(.text)
    Displaybuf_All_off                       0x080048b3   Thumb Code    18  ht1621_driver.o(.text)
    Displaybuf_All_on                        0x080048c5   Thumb Code    18  ht1621_driver.o(.text)
    Display_Boot_Info                        0x080048d7   Thumb Code    50  ht1621_driver.o(.text)
    Display_Model_Info                       0x08004909   Thumb Code    76  ht1621_driver.o(.text)
    update_area1_buf                         0x08004955   Thumb Code   136  ht1621_driver.o(.text)
    Display_weight_Data                      0x080049dd   Thumb Code   206  ht1621_driver.o(.text)
    Display_weight_Data_Special              0x08004aab   Thumb Code   128  ht1621_driver.o(.text)
    Display_Prehot_time                      0x08004b2b   Thumb Code   186  ht1621_driver.o(.text)
    Display_Inner_code                       0x08004be5   Thumb Code    54  ht1621_driver.o(.text)
    Display_density_mode                     0x08004c1b   Thumb Code    64  ht1621_driver.o(.text)
    Display_animal_time                      0x08004c5b   Thumb Code    80  ht1621_driver.o(.text)
    Display_density_step                     0x08004cab   Thumb Code    86  ht1621_driver.o(.text)
    Display_normal_main                      0x08004d01   Thumb Code   920  ht1621_driver.o(.text)
    Display_CALL_Pro                         0x08005099   Thumb Code   106  ht1621_driver.o(.text)
    Display_CAL_Pro                          0x08005103   Thumb Code   250  ht1621_driver.o(.text)
    Display_CAL_INNER_Pro                    0x080051fd   Thumb Code    76  ht1621_driver.o(.text)
    Display_REC_Pro                          0x08005249   Thumb Code   236  ht1621_driver.o(.text)
    Display_CFG_Pro                          0x08005335   Thumb Code   214  ht1621_driver.o(.text)
    Ht1621_Display_area1                     0x0800540b   Thumb Code   210  ht1621_driver.o(.text)
    Ht1621_Display_area2                     0x080054dd   Thumb Code   232  ht1621_driver.o(.text)
    Display_weight_unit                      0x080055c5   Thumb Code    40  ht1621_driver.o(.text)
    Ht1621_Display_area3                     0x080055ed   Thumb Code   542  ht1621_driver.o(.text)
    Display_F_CFG_Pro                        0x0800580b   Thumb Code   404  ht1621_driver.o(.text)
    Display_inner_cal_sub                    0x0800599f   Thumb Code    72  ht1621_driver.o(.text)
    Ht1621_F_Display_area1                   0x080059e7   Thumb Code    44  ht1621_driver.o(.text)
    Ht1621_F_Display_area3                   0x08005a13   Thumb Code    54  ht1621_driver.o(.text)
    Key_Init                                 0x08005a71   Thumb Code    68  key.o(.text)
    Key_Sound_Pro                            0x08005ab5   Thumb Code    28  key.o(.text)
    Get_Key_Code                             0x08005ad1   Thumb Code     6  key.o(.text)
    Key_Scan                                 0x08005ad7   Thumb Code   226  key.o(.text)
    Key_Null_Pro                             0x08005bb9   Thumb Code    10  key.o(.text)
    Key_ON_OFF_Pro                           0x08005bc3   Thumb Code    58  key.o(.text)
    Key_Zero_Pro                             0x08005bfd   Thumb Code   164  key.o(.text)
    Key_Print_Pro                            0x08005ca1   Thumb Code   112  key.o(.text)
    Key_Config_Pro                           0x08005d11   Thumb Code    24  key.o(.text)
    Key_Save_Up_Pro                          0x08005d29   Thumb Code    48  key.o(.text)
    Key_Rec_Down_Pro                         0x08005d59   Thumb Code   220  key.o(.text)
    Key_LONG_Cal_Confirm_Pro                 0x08005e35   Thumb Code     2  key.o(.text)
    Key_Cal_Confirm_Pro                      0x08005e37   Thumb Code   468  key.o(.text)
    Key_Tare_Ret_Pro                         0x0800600b   Thumb Code   100  key.o(.text)
    Key_Group1_Pro                           0x0800606f   Thumb Code    32  key.o(.text)
    Key_Pro                                  0x0800608f   Thumb Code   126  key.o(.text)
    Get_F_tmp                                0x0800610d   Thumb Code     6  key.o(.text)
    Key_F_ON_OFF_Pro                         0x08006113   Thumb Code    28  key.o(.text)
    Key_F_Config_Pro                         0x0800612f   Thumb Code    52  key.o(.text)
    Key_F_Tare_Ret_Pro                       0x08006163   Thumb Code    38  key.o(.text)
    Key_F_Zero_Pro                           0x08006189   Thumb Code   126  key.o(.text)
    Key_F_Print_Pro                          0x08006207   Thumb Code    50  key.o(.text)
    Key_F_Up_Pro                             0x08006239   Thumb Code   390  key.o(.text)
    Key_F_Down_Pro                           0x080063bf   Thumb Code   192  key.o(.text)
    Key_F_Confirm_Pro                        0x0800647f   Thumb Code   326  key.o(.text)
    Key_F_Pro                                0x080065c5   Thumb Code    84  key.o(.text)
    EPM7064_PIN_Init                         0x08006695   Thumb Code   178  epm7064s.o(.text)
    Read_EPM7064_Low                         0x08006747   Thumb Code    42  epm7064s.o(.text)
    Read_EPM7064_High                        0x08006771   Thumb Code    44  epm7064s.o(.text)
    EXTI0_1_IRQHandler                       0x0800680d   Thumb Code    62  epm7064s.o(.text)
    Get_Raw                                  0x0800684b   Thumb Code     6  epm7064s.o(.text)
    SET_I2C_OUTPUT                           0x08006865   Thumb Code    38  i2c.o(.text)
    SET_I2C_INPUT                            0x0800688b   Thumb Code    36  i2c.o(.text)
    I2c_Init                                 0x0800693f   Thumb Code    56  i2c.o(.text)
    Read_EEPROM                              0x08006a01   Thumb Code   114  i2c.o(.text)
    Write_EEPROM                             0x08006a73   Thumb Code   194  i2c.o(.text)
    RTC_IRQHandler                           0x08006bcd   Thumb Code    30  rtc.o(.text)
    RTC_INT_Config                           0x08006beb   Thumb Code    52  rtc.o(.text)
    Set_RTC_Date                             0x08006c1f   Thumb Code    28  rtc.o(.text)
    RTC_TimeRegulate                         0x08006c3b   Thumb Code    94  rtc.o(.text)
    Set_RTC_Time                             0x08006c99   Thumb Code    24  rtc.o(.text)
    RTC_Config                               0x08006cb1   Thumb Code    80  rtc.o(.text)
    Reset_Handler                            0x08006d05   Thumb Code    38  startup_stm32f030.o(.text)
    NMI_Handler                              0x08006d2b   Thumb Code     2  startup_stm32f030.o(.text)
    HardFault_Handler                        0x08006d2d   Thumb Code     2  startup_stm32f030.o(.text)
    SVC_Handler                              0x08006d2f   Thumb Code     2  startup_stm32f030.o(.text)
    PendSV_Handler                           0x08006d31   Thumb Code     2  startup_stm32f030.o(.text)
    SysTick_Handler                          0x08006d33   Thumb Code     2  startup_stm32f030.o(.text)
    ADC1_IRQHandler                          0x08006d35   Thumb Code     0  startup_stm32f030.o(.text)
    DMA1_Channel1_IRQHandler                 0x08006d35   Thumb Code     0  startup_stm32f030.o(.text)
    DMA1_Channel2_3_IRQHandler               0x08006d35   Thumb Code     0  startup_stm32f030.o(.text)
    DMA1_Channel4_5_IRQHandler               0x08006d35   Thumb Code     0  startup_stm32f030.o(.text)
    EXTI2_3_IRQHandler                       0x08006d35   Thumb Code     0  startup_stm32f030.o(.text)
    EXTI4_15_IRQHandler                      0x08006d35   Thumb Code     0  startup_stm32f030.o(.text)
    FLASH_IRQHandler                         0x08006d35   Thumb Code     0  startup_stm32f030.o(.text)
    I2C1_IRQHandler                          0x08006d35   Thumb Code     0  startup_stm32f030.o(.text)
    I2C2_IRQHandler                          0x08006d35   Thumb Code     0  startup_stm32f030.o(.text)
    RCC_IRQHandler                           0x08006d35   Thumb Code     0  startup_stm32f030.o(.text)
    SPI1_IRQHandler                          0x08006d35   Thumb Code     0  startup_stm32f030.o(.text)
    SPI2_IRQHandler                          0x08006d35   Thumb Code     0  startup_stm32f030.o(.text)
    TIM14_IRQHandler                         0x08006d35   Thumb Code     0  startup_stm32f030.o(.text)
    TIM15_IRQHandler                         0x08006d35   Thumb Code     0  startup_stm32f030.o(.text)
    TIM16_IRQHandler                         0x08006d35   Thumb Code     0  startup_stm32f030.o(.text)
    TIM17_IRQHandler                         0x08006d35   Thumb Code     0  startup_stm32f030.o(.text)
    TIM1_BRK_UP_TRG_COM_IRQHandler           0x08006d35   Thumb Code     0  startup_stm32f030.o(.text)
    TIM1_CC_IRQHandler                       0x08006d35   Thumb Code     0  startup_stm32f030.o(.text)
    USART1_IRQHandler                        0x08006d35   Thumb Code     0  startup_stm32f030.o(.text)
    USART2_IRQHandler                        0x08006d35   Thumb Code     0  startup_stm32f030.o(.text)
    WWDG_IRQHandler                          0x08006d35   Thumb Code     0  startup_stm32f030.o(.text)
    __user_initial_stackheap                 0x08006d39   Thumb Code     0  startup_stm32f030.o(.text)
    SystemInit                               0x08006d79   Thumb Code    84  system_stm32f0xx.o(.text)
    SystemCoreClockUpdate                    0x08006dcd   Thumb Code    90  system_stm32f0xx.o(.text)
    __2sprintf                               0x08006ed1   Thumb Code    36  noretval__2sprintf.o(.text)
    _printf_pre_padding                      0x08006ef9   Thumb Code    44  _printf_pad.o(.text)
    _printf_post_padding                     0x08006f25   Thumb Code    34  _printf_pad.o(.text)
    _printf_int_dec                          0x08006f49   Thumb Code    90  _printf_dec.o(.text)
    __printf                                 0x08006fb5   Thumb Code   306  __printf_flags_wp.o(.text)
    abs                                      0x080070ed   Thumb Code     8  abs.o(.text)
    memcmp                                   0x080070f5   Thumb Code    90  memcmp.o(.text)
    __aeabi_uidiv                            0x0800714f   Thumb Code     0  aeabi_sdiv.o(.text)
    __aeabi_uidivmod                         0x0800714f   Thumb Code    20  aeabi_sdiv.o(.text)
    __aeabi_idiv                             0x08007163   Thumb Code     0  aeabi_sdiv.o(.text)
    __aeabi_idivmod                          0x08007163   Thumb Code   326  aeabi_sdiv.o(.text)
    __use_two_region_memory                  0x080072a9   Thumb Code     2  heapauxi.o(.text)
    __rt_heap_escrow$2region                 0x080072ab   Thumb Code     2  heapauxi.o(.text)
    __rt_heap_expand$2region                 0x080072ad   Thumb Code     2  heapauxi.o(.text)
    __aeabi_d2f                              0x080072b1   Thumb Code     0  d2f.o(.text)
    _d2f                                     0x080072b1   Thumb Code   120  d2f.o(.text)
    __aeabi_dadd                             0x08007625   Thumb Code     0  daddsub.o(.text)
    _dadd                                    0x08007625   Thumb Code    22  daddsub.o(.text)
    __aeabi_dsub                             0x0800763b   Thumb Code     0  daddsub.o(.text)
    _dsub                                    0x0800763b   Thumb Code    22  daddsub.o(.text)
    __aeabi_drsub                            0x08007651   Thumb Code     0  daddsub.o(.text)
    _drsb                                    0x08007651   Thumb Code    24  daddsub.o(.text)
    __aeabi_ddiv                             0x0800767d   Thumb Code     0  ddiv.o(.text)
    _ddiv                                    0x0800767d   Thumb Code  1072  ddiv.o(.text)
    _drdiv                                   0x08007aad   Thumb Code    20  ddiv.o(.text)
    __aeabi_d2uiz                            0x08007ac5   Thumb Code     0  dfixui.o(.text)
    _dfixu                                   0x08007ac5   Thumb Code    64  dfixui.o(.text)
    __aeabi_i2d_normalise                    0x08007b09   Thumb Code    66  dflti.o(.text)
    __aeabi_i2d                              0x08007b4b   Thumb Code    16  dflti.o(.text)
    _dflt                                    0x08007b4b   Thumb Code     0  dflti.o(.text)
    __aeabi_ui2d                             0x08007b5b   Thumb Code     6  dflti.o(.text)
    _dfltu                                   0x08007b5b   Thumb Code     0  dflti.o(.text)
    __aeabi_dmul                             0x08007b61   Thumb Code     0  dmul.o(.text)
    _dmul                                    0x08007b61   Thumb Code   592  dmul.o(.text)
    __aeabi_f2d                              0x08007dc9   Thumb Code     0  f2d.o(.text)
    _f2d                                     0x08007dc9   Thumb Code    80  f2d.o(.text)
    __aeabi_fdiv                             0x08007e1d   Thumb Code     0  fdiv.o(.text)
    _fdiv                                    0x08007e1d   Thumb Code   336  fdiv.o(.text)
    _frdiv                                   0x08007f6d   Thumb Code     8  fdiv.o(.text)
    __aeabi_f2uiz                            0x08007f7d   Thumb Code     0  ffixui.o(.text)
    _ffixu                                   0x08007f7d   Thumb Code    48  ffixui.o(.text)
    __aeabi_i2f_normalise                    0x08007fad   Thumb Code    72  fflti.o(.text)
    __aeabi_i2f                              0x08007ff5   Thumb Code    16  fflti.o(.text)
    _fflt                                    0x08007ff5   Thumb Code     0  fflti.o(.text)
    __aeabi_ui2f                             0x08008005   Thumb Code     6  fflti.o(.text)
    _ffltu                                   0x08008005   Thumb Code     0  fflti.o(.text)
    __ARM_scalbnf                            0x0800800d   Thumb Code    64  fscalbn.o(.text)
    _printf_int_common                       0x08008051   Thumb Code   176  _printf_intcommon.o(.text)
    __lib_sel_fp_printf                      0x08008101   Thumb Code     2  _printf_fp_dec.o(.text)
    _printf_fp_dec_real                      0x0800829b   Thumb Code   620  _printf_fp_dec.o(.text)
    _printf_char_common                      0x0800851f   Thumb Code    32  _printf_char_common.o(.text)
    _sputc                                   0x08008545   Thumb Code    10  _sputc.o(.text)
    __rt_udiv10                              0x0800854f   Thumb Code    40  rtudiv10.o(.text)
    __fpl_fcmp_InfNaN                        0x08008579   Thumb Code    96  fcmpin.o(.text)
    __rt_locale                              0x080085dd   Thumb Code     8  rt_locale_intlibspace.o(.text)
    _ll_udiv10                               0x080085e5   Thumb Code   122  lludiv10.o(.text)
    _printf_fp_infnan                        0x08008661   Thumb Code   120  _printf_fp_infnan.o(.text)
    _btod_etento                             0x080086e9   Thumb Code   196  bigflt0.o(.text)
    _btod_d2e                                0x080087b1   Thumb Code    64  btod.o(.text)
    _btod_emul                               0x08008ba7   Thumb Code    24  btod.o(.text)
    _btod_emuld                              0x08008bbf   Thumb Code    60  btod.o(.text)
    _btod_ediv                               0x08008bfb   Thumb Code    22  btod.o(.text)
    _btod_edivd                              0x08008c11   Thumb Code    60  btod.o(.text)
    __fpl_cmpreturn                          0x08008c59   Thumb Code    44  cmpret.o(.text)
    __fpl_fcheck_NaN2                        0x08008c89   Thumb Code    10  fnan2.o(.text)
    __user_libspace                          0x08008c99   Thumb Code     8  libspace.o(.text)
    __user_perproc_libspace                  0x08008c99   Thumb Code     0  libspace.o(.text)
    __user_perthread_libspace                0x08008c99   Thumb Code     0  libspace.o(.text)
    __user_setup_stackheap                   0x08008ca1   Thumb Code    62  sys_stackheap_outer.o(.text)
    exit                                     0x08008cdf   Thumb Code    12  exit.o(.text)
    strcmp                                   0x08008ced   Thumb Code   132  strcmp.o(.text)
    __fpl_return_NaN                         0x08008d75   Thumb Code    94  retnan.o(.text)
    _sys_exit                                0x08008dd5   Thumb Code     8  sys_exit.o(.text)
    __I$use$semihosting                      0x08008de1   Thumb Code     0  use_no_semi.o(.text)
    __use_no_semihosting_swi                 0x08008de1   Thumb Code     2  use_no_semi.o(.text)
    __decompress                             0x08008de3   Thumb Code     0  __dczerorl2.o(.text)
    __decompress1                            0x08008de3   Thumb Code    86  __dczerorl2.o(.text)
    __semihosting_library_function           0x08008de3   Thumb Code     0  indicate_semi.o(.text)
    __ARM_common_ll_muluu                    0x08008e39   Thumb Code    48  btod.o(i.__ARM_common_ll_muluu)
    __ARM_common_switch8                     0x08008e69   Thumb Code    26  global.o(i.__ARM_common_switch8)
    __ARM_fpclassify                         0x08008e85   Thumb Code    40  fpclassify.o(i.__ARM_fpclassify)
    _is_digit                                0x08008eb1   Thumb Code    14  __printf_wp.o(i._is_digit)
    _get_lc_numeric                          0x08008ec1   Thumb Code    44  lc_numeric_c.o(locale$$code)
    __aeabi_fadd                             0x08008eed   Thumb Code     0  faddsub.o(x$fpl$fadd)
    _fadd                                    0x08008eed   Thumb Code   134  faddsub.o(x$fpl$fadd)
    __aeabi_cfcmple                          0x08008f79   Thumb Code     0  flef.o(x$fpl$fleqf)
    _fcmple                                  0x08008f79   Thumb Code    78  flef.o(x$fpl$fleqf)
    __aeabi_fmul                             0x08008fcd   Thumb Code     0  fmul.o(x$fpl$fmul)
    _fmul                                    0x08008fcd   Thumb Code   172  fmul.o(x$fpl$fmul)
    __aeabi_cfrcmple                         0x0800907d   Thumb Code     0  frlef.o(x$fpl$frleqf)
    _frcmple                                 0x0800907d   Thumb Code    84  frlef.o(x$fpl$frleqf)
    __aeabi_fsub                             0x080090d5   Thumb Code     0  faddsub.o(x$fpl$fsub)
    _fsub                                    0x080090d5   Thumb Code   204  faddsub.o(x$fpl$fsub)
    _printf_fp_dec                           0x080091a5   Thumb Code    16  printf1.o(x$fpl$printf1)
    __I$use$fp                               0x080091b4   Number         0  usenofp.o(x$fpl$usenofp)
    machine_alarm                            0x080091b4   Data          12  global.o(.constdata)
    machine_division                         0x080091c0   Data          12  global.o(.constdata)
    machine_4s5r                             0x080091cc   Data          12  global.o(.constdata)
    machine_display_min                      0x080091d8   Data          12  global.o(.constdata)
    DENSITY_STAND_SOLID                      0x080091e4   Data          36  global.o(.constdata)
    DENSITY_STAND_LIQUID                     0x08009208   Data          36  global.o(.constdata)
    machine_speed                            0x0800922c   Data          48  main.o(.constdata)
    machine_nameC                            0x0800925c   Data         144  uart.o(.constdata)
    ntc_table                                0x080092ec   Data          96  filter.o(.constdata)
    ntc_start                                0x0800934c   Data          23  filter.o(.constdata)
    display_FULL_OVER                        0x08009363   Data           7  ht1621_driver.o(.constdata)
    display_CAL_INFO1                        0x0800936a   Data           7  ht1621_driver.o(.constdata)
    display_CAL_INFO2                        0x08009371   Data           7  ht1621_driver.o(.constdata)
    display_CAL_INFO3                        0x08009378   Data           7  ht1621_driver.o(.constdata)
    display_CALL_INFO                        0x0800937f   Data           7  ht1621_driver.o(.constdata)
    display_CFG_INFO                         0x08009386   Data           7  ht1621_driver.o(.constdata)
    display_F_CFG_INFO                       0x0800938d   Data           7  ht1621_driver.o(.constdata)
    display_BOOT_INFO                        0x08009394   Data           7  ht1621_driver.o(.constdata)
    display_MODEL_INFO                       0x0800939b   Data           7  ht1621_driver.o(.constdata)
    display_PCS_INFO                         0x080093a2   Data           7  ht1621_driver.o(.constdata)
    display_DENSITY_STEP1                    0x080093a9   Data           7  ht1621_driver.o(.constdata)
    display_DENSITY_STEP2                    0x080093b0   Data           7  ht1621_driver.o(.constdata)
    display_ANIMAL_TIME                      0x080093b7   Data           7  ht1621_driver.o(.constdata)
    display_REC_ERROR                        0x080093be   Data           7  ht1621_driver.o(.constdata)
    display_code                             0x080093c5   Data          26  ht1621_driver.o(.constdata)
    display_code1                            0x080093df   Data          13  ht1621_driver.o(.constdata)
    display_DEN_MODE                         0x080093ec   Data          28  ht1621_driver.o(.constdata)
    display_step                             0x08009408   Data           9  ht1621_driver.o(.constdata)
    ANIMAL_TIME                              0x08009411   Data           6  key.o(.constdata)
    SAMPLE_COUNT                             0x08009417   Data           7  key.o(.constdata)
    F_Mode_MAX                               0x0800941e   Data          11  key.o(.constdata)
    Region$$Table$$Base                      0x080096b0   Number         0  anon$$obj.o(Region$$Table)
    Region$$Table$$Limit                     0x080096d0   Number         0  anon$$obj.o(Region$$Table)
    full_flag                                0x20000000   Data           1  global.o(.data)
    flag_LOGO                                0x20000001   Data           1  global.o(.data)
    flag_language                            0x20000002   Data           1  global.o(.data)
    repetion_func                            0x20000003   Data           1  global.o(.data)
    int_func                                 0x20000004   Data           1  global.o(.data)
    line_cal_en                              0x20000005   Data           1  global.o(.data)
    lock_func_en                             0x20000006   Data           1  global.o(.data)
    disdiv_para                              0x20000007   Data           1  global.o(.data)
    sleepmode                                0x20000008   Data           1  global.o(.data)
    current_mode                             0x20000009   Data           1  global.o(.data)
    current_unit                             0x2000000a   Data           1  global.o(.data)
    del_last_one                             0x2000000b   Data           1  global.o(.data)
    stable_flag                              0x2000000c   Data           1  global.o(.data)
    power_on_flag                            0x2000000d   Data           1  global.o(.data)
    power_on_clr_cnt                         0x2000000e   Data           1  global.o(.data)
    do_zer0_flag                             0x2000000f   Data           1  global.o(.data)
    do_tare_flag                             0x20000010   Data           1  global.o(.data)
    do_sam100_flag                           0x20000011   Data           1  global.o(.data)
    positive_flag                            0x20000012   Data           1  global.o(.data)
    point10_cal_start                        0x20000013   Data           1  global.o(.data)
    point10_cal_step                         0x20000014   Data           1  global.o(.data)
    point10_cal_ok                           0x20000015   Data           1  global.o(.data)
    point2_cal_start                         0x20000016   Data           1  global.o(.data)
    point2_cal_step                          0x20000017   Data           1  global.o(.data)
    point2_cal_ok                            0x20000018   Data           1  global.o(.data)
    inner_code_step                          0x20000019   Data           1  global.o(.data)
    auto_zer0_valid                          0x2000001a   Data           1  global.o(.data)
    density_mode_index                       0x2000001b   Data           1  global.o(.data)
    solid_sel_index                          0x2000001c   Data           1  global.o(.data)
    liquid_sel_index                         0x2000001d   Data           1  global.o(.data)
    temp_cmp_flag                            0x2000001e   Data           1  global.o(.data)
    temp_error_flag                          0x2000001f   Data           1  global.o(.data)
    temp_unit                                0x20000020   Data           1  global.o(.data)
    rec_total_num                            0x20000021   Data           1  global.o(.data)
    rec_index                                0x20000022   Data           1  global.o(.data)
    display_flag_mp                          0x20000023   Data           1  global.o(.data)
    dot_position                             0x20000024   Data           1  global.o(.data)
    motor_err_flag                           0x20000025   Data           1  global.o(.data)
    uart_format_type                         0x20000026   Data           1  global.o(.data)
    no_key_time                              0x20000028   Data           2  global.o(.data)
    line_cal_para                            0x2000002a   Data           2  global.o(.data)
    user_cal_para                            0x2000002c   Data           2  global.o(.data)
    inner_real_g                             0x2000003c   Data           4  global.o(.data)
    clr_data                                 0x20000040   Data           4  global.o(.data)
    zer0_data                                0x20000044   Data           4  global.o(.data)
    full_code                                0x20000048   Data           4  global.o(.data)
    new_data                                 0x2000004c   Data           4  global.o(.data)
    new_data_big                             0x20000050   Data           4  global.o(.data)
    tare_data                                0x20000054   Data           4  global.o(.data)
    percent_10_data                          0x20000058   Data           4  global.o(.data)
    offset_polar                             0x2000005c   Data           4  global.o(.data)
    offset_50g                               0x20000060   Data           4  global.o(.data)
    offset_100g                              0x20000064   Data           4  global.o(.data)
    offset_150g                              0x20000068   Data           4  global.o(.data)
    expected_100g                            0x2000006c   Data           4  global.o(.data)
    expected_50g                             0x20000070   Data           4  global.o(.data)
    expected_25g                             0x20000074   Data           4  global.o(.data)
    weigh_coef1                              0x20000078   Data           4  global.o(.data)
    tare_weight                              0x2000007c   Data           4  global.o(.data)
    gross_weight                             0x20000080   Data           4  global.o(.data)
    net_weight                               0x20000084   Data           4  global.o(.data)
    weight_per_pcs                           0x20000088   Data           4  global.o(.data)
    pcs_number                               0x2000008c   Data           4  global.o(.data)
    weight_compare_100                       0x20000090   Data           4  global.o(.data)
    number_100                               0x20000094   Data           4  global.o(.data)
    density_data                             0x20000098   Data           4  global.o(.data)
    temp_float                               0x2000009c   Data           4  global.o(.data)
    temp_cmp_point                           0x200000a0   Data           4  global.o(.data)
    model_id                                 0x200000a4   Data           4  global.o(.data)
    system_division                          0x200000a8   Data           4  global.o(.data)
    inner_code_min                           0x200000ac   Data           4  global.o(.data)
    inner_code_max                           0x200000b0   Data           4  global.o(.data)
    additional_num                           0x200000b4   Data           4  global.o(.data)
    display_min_value                        0x200000b8   Data           4  global.o(.data)
    full_range                               0x200000bc   Data           4  global.o(.data)
    weight_alarm                             0x200000c0   Data           4  global.o(.data)
    motor_run_time                           0x200000c4   Data           4  global.o(.data)
    Speaker_Time                             0x200000d0   Data           1  global.o(.data)
    asd_para                                 0x200000d1   Data           1  global.o(.data)
    prehot_time                              0x200000d2   Data           2  global.o(.data)
    done_ok_flag                             0x200000d4   Data           1  global.o(.data)
    current_menu                             0x200000d5   Data           1  global.o(.data)
    current_mode_bak                         0x200000d6   Data           1  global.o(.data)
    flag_new_data                            0x200000d7   Data           1  global.o(.data)
    sample_pcs_enter                         0x200000d8   Data           1  global.o(.data)
    sample_pcs_index                         0x200000d9   Data           1  global.o(.data)
    sample_pcs_ok                            0x200000da   Data           1  global.o(.data)
    compare_100_flag                         0x200000db   Data           1  global.o(.data)
    check_valid                              0x200000dc   Data           1  global.o(.data)
    check_flag                               0x200000dd   Data           1  global.o(.data)
    sample_limit_step                        0x200000de   Data           1  global.o(.data)
    limit1_weight                            0x200000e0   Data           4  global.o(.data)
    limit2_weight                            0x200000e4   Data           4  global.o(.data)
    animal_data                              0x200000e8   Data           4  global.o(.data)
    animal_time_index                        0x200000ec   Data           1  global.o(.data)
    animal_run_time                          0x200000ed   Data           1  global.o(.data)
    animal_start                             0x200000ee   Data           1  global.o(.data)
    density_step                             0x200000ef   Data           1  global.o(.data)
    REC_flag                                 0x200000f0   Data           1  global.o(.data)
    REC_current_mode                         0x200000f1   Data           1  global.o(.data)
    REC_current_unit                         0x200000f2   Data           1  global.o(.data)
    disp_rec_index                           0x200000f3   Data           1  global.o(.data)
    adc_times                                0x200000f4   Data           2  global.o(.data)
    factory_inner_cal_full                   0x200000f8   Data           4  global.o(.data)
    user_inner_cal_full                      0x200000fc   Data           4  global.o(.data)
    motor_pos_flag                           0x20000100   Data           1  global.o(.data)
    Factory_Inncal_step                      0x20000101   Data           1  global.o(.data)
    print_busy                               0x20000102   Data           1  global.o(.data)
    flag_5ms_ok                              0x20000108   Data           1  timer.o(.data)
    flag_10ms_ok                             0x20000109   Data           1  timer.o(.data)
    flag_100ms_ok                            0x2000010a   Data           1  timer.o(.data)
    flag_300ms_ok                            0x2000010b   Data           1  timer.o(.data)
    flag_1ms_ok                              0x2000010c   Data           1  timer.o(.data)
    flag_1ms_ok_for_delay                    0x2000010d   Data           1  timer.o(.data)
    flag_500ms_ok                            0x2000010e   Data           1  timer.o(.data)
    flag_1s_ok                               0x2000010f   Data           1  timer.o(.data)
    one_minute_timer                         0x20000114   Data           4  timer.o(.data)
    timer_5ms                                0x20000118   Data           4  timer.o(.data)
    timer_10ms                               0x2000011c   Data           4  timer.o(.data)
    timer_100ms                              0x20000120   Data           4  timer.o(.data)
    timer_300ms                              0x20000124   Data           4  timer.o(.data)
    timer_500ms                              0x20000128   Data           4  timer.o(.data)
    timer_1s                                 0x2000012c   Data           4  timer.o(.data)
    flag_auto_track_enable                   0x20000131   Data           1  filter.o(.data)
    auto_track_cnt                           0x20000132   Data           1  filter.o(.data)
    flag_load_track_enable                   0x20000133   Data           1  filter.o(.data)
    load_track_cnt                           0x20000134   Data           1  filter.o(.data)
    SystemCoreClock                          0x200001c8   Data           4  system_stm32f0xx.o(.data)
    AHBPrescTable                            0x200001cc   Data          16  system_stm32f0xx.o(.data)
    display_buffer                           0x200001dc   Data          14  global.o(.bss)
    Point10_Cal_Buf                          0x200001ec   Data          48  global.o(.bss)
    point10_k                                0x2000021c   Data          44  global.o(.bss)
    __libspace_start                         0x200003d8   Data          96  libspace.o(.bss)
    __temporary_stack_top$libspace           0x20000438   Data           0  libspace.o(.bss)



==============================================================================

Memory Map of the image

  Image Entry point : 0x08006d05

  Load Region LR_1 (Base: 0x08000000, Size: 0x000098c8, Max: 0xffffffff, ABSOLUTE, COMPRESSED[0x00009708])

    Execution Region ER_RO (Base: 0x08000000, Size: 0x000096ec, Max: 0xffffffff, ABSOLUTE)

    Base Addr    Size         Type   Attr      Idx    E Section Name        Object

    0x08000000   0x000000b4   Data   RO          801    RESET               startup_stm32f030.o
    0x080000b4   0x00000008   Code   RO          877  * !!!main             c_p.l(__main.o)
    0x080000bc   0x0000003c   Code   RO         1130    !!!scatter          c_p.l(__scatter.o)
    0x080000f8   0x0000001c   Code   RO         1132    !!handler_zi        c_p.l(__scatter_zi.o)
    0x08000114   0x00000002   Code   RO          866    .ARM.Collect$$_printf_percent$$00000000  c_p.l(_printf_percent.o)
    0x08000116   0x0000000a   Code   RO          865    .ARM.Collect$$_printf_percent$$00000003  c_p.l(_printf_f.o)
    0x08000120   0x0000000a   Code   RO          864    .ARM.Collect$$_printf_percent$$00000009  c_p.l(_printf_d.o)
    0x0800012a   0x00000004   Code   RO          930    .ARM.Collect$$_printf_percent$$00000017  c_p.l(_printf_percent_end.o)
    0x0800012e   0x00000002   Code   RO         1001    .ARM.Collect$$libinit$$00000000  c_p.l(libinit.o)
    0x08000130   0x00000004   Code   RO         1002    .ARM.Collect$$libinit$$00000001  c_p.l(libinit2.o)
    0x08000134   0x00000000   Code   RO         1006    .ARM.Collect$$libinit$$00000008  c_p.l(libinit2.o)
    0x08000134   0x00000000   Code   RO         1008    .ARM.Collect$$libinit$$0000000A  c_p.l(libinit2.o)
    0x08000134   0x00000000   Code   RO         1010    .ARM.Collect$$libinit$$0000000C  c_p.l(libinit2.o)
    0x08000134   0x00000006   Code   RO         1011    .ARM.Collect$$libinit$$0000000D  c_p.l(libinit2.o)
    0x0800013a   0x00000000   Code   RO         1013    .ARM.Collect$$libinit$$0000000F  c_p.l(libinit2.o)
    0x0800013a   0x00000000   Code   RO         1015    .ARM.Collect$$libinit$$00000011  c_p.l(libinit2.o)
    0x0800013a   0x00000000   Code   RO         1017    .ARM.Collect$$libinit$$00000013  c_p.l(libinit2.o)
    0x0800013a   0x0000000a   Code   RO         1018    .ARM.Collect$$libinit$$00000014  c_p.l(libinit2.o)
    0x08000144   0x00000000   Code   RO         1019    .ARM.Collect$$libinit$$00000015  c_p.l(libinit2.o)
    0x08000144   0x00000000   Code   RO         1021    .ARM.Collect$$libinit$$00000017  c_p.l(libinit2.o)
    0x08000144   0x00000000   Code   RO         1023    .ARM.Collect$$libinit$$00000019  c_p.l(libinit2.o)
    0x08000144   0x00000000   Code   RO         1025    .ARM.Collect$$libinit$$0000001B  c_p.l(libinit2.o)
    0x08000144   0x00000000   Code   RO         1027    .ARM.Collect$$libinit$$0000001D  c_p.l(libinit2.o)
    0x08000144   0x00000000   Code   RO         1029    .ARM.Collect$$libinit$$0000001F  c_p.l(libinit2.o)
    0x08000144   0x00000000   Code   RO         1031    .ARM.Collect$$libinit$$00000021  c_p.l(libinit2.o)
    0x08000144   0x00000000   Code   RO         1033    .ARM.Collect$$libinit$$00000023  c_p.l(libinit2.o)
    0x08000144   0x00000000   Code   RO         1037    .ARM.Collect$$libinit$$0000002A  c_p.l(libinit2.o)
    0x08000144   0x00000000   Code   RO         1039    .ARM.Collect$$libinit$$0000002C  c_p.l(libinit2.o)
    0x08000144   0x00000000   Code   RO         1041    .ARM.Collect$$libinit$$0000002E  c_p.l(libinit2.o)
    0x08000144   0x00000000   Code   RO         1043    .ARM.Collect$$libinit$$00000030  c_p.l(libinit2.o)
    0x08000144   0x00000002   Code   RO         1044    .ARM.Collect$$libinit$$00000031  c_p.l(libinit2.o)
    0x08000146   0x00000002   Code   RO         1094    .ARM.Collect$$libshutdown$$00000000  c_p.l(libshutdown.o)
    0x08000148   0x00000000   Code   RO         1113    .ARM.Collect$$libshutdown$$00000003  c_p.l(libshutdown2.o)
    0x08000148   0x00000000   Code   RO         1116    .ARM.Collect$$libshutdown$$00000006  c_p.l(libshutdown2.o)
    0x08000148   0x00000000   Code   RO         1119    .ARM.Collect$$libshutdown$$00000009  c_p.l(libshutdown2.o)
    0x08000148   0x00000000   Code   RO         1121    .ARM.Collect$$libshutdown$$0000000B  c_p.l(libshutdown2.o)
    0x08000148   0x00000000   Code   RO         1124    .ARM.Collect$$libshutdown$$0000000E  c_p.l(libshutdown2.o)
    0x08000148   0x00000002   Code   RO         1125    .ARM.Collect$$libshutdown$$0000000F  c_p.l(libshutdown2.o)
    0x0800014a   0x00000000   Code   RO          917    .ARM.Collect$$rtentry$$00000000  c_p.l(rtentry.o)
    0x0800014a   0x00000000   Code   RO          937    .ARM.Collect$$rtentry$$00000002  c_p.l(rtentry2.o)
    0x0800014a   0x00000006   Code   RO          949    .ARM.Collect$$rtentry$$00000004  c_p.l(rtentry4.o)
    0x08000150   0x00000000   Code   RO          939    .ARM.Collect$$rtentry$$00000009  c_p.l(rtentry2.o)
    0x08000150   0x00000004   Code   RO          940    .ARM.Collect$$rtentry$$0000000A  c_p.l(rtentry2.o)
    0x08000154   0x00000000   Code   RO          942    .ARM.Collect$$rtentry$$0000000C  c_p.l(rtentry2.o)
    0x08000154   0x00000008   Code   RO          943    .ARM.Collect$$rtentry$$0000000D  c_p.l(rtentry2.o)
    0x0800015c   0x00000002   Code   RO         1048    .ARM.Collect$$rtexit$$00000000  c_p.l(rtexit.o)
    0x0800015e   0x00000000   Code   RO         1063    .ARM.Collect$$rtexit$$00000002  c_p.l(rtexit2.o)
    0x0800015e   0x00000004   Code   RO         1064    .ARM.Collect$$rtexit$$00000003  c_p.l(rtexit2.o)
    0x08000162   0x00000006   Code   RO         1065    .ARM.Collect$$rtexit$$00000004  c_p.l(rtexit2.o)
    0x08000168   0x000014ac   Code   RO            3    .text               global.o
    0x08001614   0x0000032c   Code   RO          180    .text               main.o
    0x08001940   0x00000190   Code   RO          224    .text               timer.o
    0x08001ad0   0x0000051c   Code   RO          253    .text               uart.o
    0x08001fec   0x000004ac   Code   RO          283    .text               filter.o
    0x08002498   0x000000ec   Code   RO          314    .text               ad_acquire.o
    0x08002584   0x000000e8   Code   RO          336    .text               led.o
    0x0800266c   0x0000015c   Code   RO          414    .text               stm32f0xx_gpio.o
    0x080027c8   0x00000418   Code   RO          434    .text               stm32f0xx_rcc.o
    0x08002be0   0x00000224   Code   RO          456    .text               stm32f0xx_adc.o
    0x08002e04   0x00000924   Code   RO          476    .text               stm32f0xx_tim.o
    0x08003728   0x00000436   Code   RO          497    .text               stm32f0xx_usart.o
    0x08003b5e   0x00000002   PAD
    0x08003b60   0x000000cc   Code   RO          517    .text               stm32f0xx_exti.o
    0x08003c2c   0x0000084c   Code   RO          557    .text               stm32f0xx_rtc.o
    0x08004478   0x0000007c   Code   RO          578    .text               stm32f0xx_misc.o
    0x080044f4   0x000000e0   Code   RO          598    .text               stm32f0xx_pwr.o
    0x080045d4   0x00000098   Code   RO          618    .text               stm32f0xx_syscfg.o
    0x0800466c   0x00000124   Code   RO          638    .text               stm32f0xx_dma.o
    0x08004790   0x000012e0   Code   RO          658    .text               ht1621_driver.o
    0x08005a70   0x00000c24   Code   RO          686    .text               key.o
    0x08006694   0x000001d0   Code   RO          714    .text               epm7064s.o
    0x08006864   0x00000368   Code   RO          737    .text               i2c.o
    0x08006bcc   0x00000138   Code   RO          781    .text               rtc.o
    0x08006d04   0x00000074   Code   RO          802  * .text               startup_stm32f030.o
    0x08006d78   0x00000158   Code   RO          808    .text               system_stm32f0xx.o
    0x08006ed0   0x00000028   Code   RO          836    .text               c_p.l(noretval__2sprintf.o)
    0x08006ef8   0x0000004e   Code   RO          840    .text               c_p.l(_printf_pad.o)
    0x08006f46   0x00000002   PAD
    0x08006f48   0x0000006c   Code   RO          842    .text               c_p.l(_printf_dec.o)
    0x08006fb4   0x00000138   Code   RO          856    .text               c_p.l(__printf_flags_wp.o)
    0x080070ec   0x00000008   Code   RO          867    .text               c_p.l(abs.o)
    0x080070f4   0x0000005a   Code   RO          869    .text               c_p.l(memcmp.o)
    0x0800714e   0x0000015a   Code   RO          871    .text               c_p.l(aeabi_sdiv.o)
    0x080072a8   0x00000006   Code   RO          875    .text               c_p.l(heapauxi.o)
    0x080072ae   0x00000002   PAD
    0x080072b0   0x0000007c   Code   RO          879    .text               fz_ps.l(d2f.o)
    0x0800732c   0x00000350   Code   RO          881    .text               fz_ps.l(daddsub.o)
    0x0800767c   0x00000448   Code   RO          883    .text               fz_ps.l(ddiv.o)
    0x08007ac4   0x00000044   Code   RO          886    .text               fz_ps.l(dfixui.o)
    0x08007b08   0x00000058   Code   RO          888    .text               fz_ps.l(dflti.o)
    0x08007b60   0x00000268   Code   RO          890    .text               fz_ps.l(dmul.o)
    0x08007dc8   0x00000054   Code   RO          892    .text               fz_ps.l(f2d.o)
    0x08007e1c   0x00000160   Code   RO          900    .text               fz_ps.l(fdiv.o)
    0x08007f7c   0x00000030   Code   RO          903    .text               fz_ps.l(ffixui.o)
    0x08007fac   0x0000005e   Code   RO          905    .text               fz_ps.l(fflti.o)
    0x0800800a   0x00000002   PAD
    0x0800800c   0x00000044   Code   RO          913    .text               fz_ps.l(fscalbn.o)
    0x08008050   0x000000b0   Code   RO          922    .text               c_p.l(_printf_intcommon.o)
    0x08008100   0x00000414   Code   RO          924    .text               c_p.l(_printf_fp_dec.o)
    0x08008514   0x00000030   Code   RO          926    .text               c_p.l(_printf_char_common.o)
    0x08008544   0x0000000a   Code   RO          928    .text               c_p.l(_sputc.o)
    0x0800854e   0x00000028   Code   RO          931    .text               c_p.l(rtudiv10.o)
    0x08008576   0x00000002   PAD
    0x08008578   0x00000064   Code   RO          933    .text               fz_ps.l(fcmpin.o)
    0x080085dc   0x00000008   Code   RO          956    .text               c_p.l(rt_locale_intlibspace.o)
    0x080085e4   0x0000007a   Code   RO          958    .text               c_p.l(lludiv10.o)
    0x0800865e   0x00000002   PAD
    0x08008660   0x00000088   Code   RO          960    .text               c_p.l(_printf_fp_infnan.o)
    0x080086e8   0x000000c8   Code   RO          964    .text               c_p.l(bigflt0.o)
    0x080087b0   0x000004a8   Code   RO          967    .text               c_p.l(btod.o)
    0x08008c58   0x00000030   Code   RO          974    .text               fz_ps.l(cmpret.o)
    0x08008c88   0x00000010   Code   RO          976    .text               fz_ps.l(fnan2.o)
    0x08008c98   0x00000008   Code   RO          982    .text               c_p.l(libspace.o)
    0x08008ca0   0x0000003e   Code   RO          985    .text               c_p.l(sys_stackheap_outer.o)
    0x08008cde   0x0000000c   Code   RO          988    .text               c_p.l(exit.o)
    0x08008cea   0x00000002   PAD
    0x08008cec   0x00000088   Code   RO          994    .text               c_p.l(strcmp.o)
    0x08008d74   0x0000005e   Code   RO         1045    .text               fz_ps.l(retnan.o)
    0x08008dd2   0x00000002   PAD
    0x08008dd4   0x0000000c   Code   RO         1060    .text               c_p.l(sys_exit.o)
    0x08008de0   0x00000002   Code   RO         1081    .text               c_p.l(use_no_semi.o)
    0x08008de2   0x00000000   Code   RO         1083    .text               c_p.l(indicate_semi.o)
    0x08008de2   0x00000056   Code   RO         1128    .text               c_p.l(__dczerorl2.o)
    0x08008e38   0x00000030   Code   RO          969    i.__ARM_common_ll_muluu  c_p.l(btod.o)
    0x08008e68   0x0000001a   Code   RO           62    i.__ARM_common_switch8  global.o
    0x08008e82   0x00000002   PAD
    0x08008e84   0x0000002c   Code   RO          980    i.__ARM_fpclassify  m_ps.l(fpclassify.o)
    0x08008eb0   0x0000000e   Code   RO          854    i._is_digit         c_p.l(__printf_wp.o)
    0x08008ebe   0x00000002   PAD
    0x08008ec0   0x0000002c   Code   RO          972    locale$$code        c_p.l(lc_numeric_c.o)
    0x08008eec   0x0000008c   Code   RO          894    x$fpl$fadd          fz_ps.l(faddsub.o)
    0x08008f78   0x00000054   Code   RO          907    x$fpl$fleqf         fz_ps.l(flef.o)
    0x08008fcc   0x000000b0   Code   RO          909    x$fpl$fmul          fz_ps.l(fmul.o)
    0x0800907c   0x00000058   Code   RO          911    x$fpl$frleqf        fz_ps.l(frlef.o)
    0x080090d4   0x000000d0   Code   RO          896    x$fpl$fsub          fz_ps.l(faddsub.o)
    0x080091a4   0x00000010   Code   RO          915    x$fpl$printf1       fz_ps.l(printf1.o)
    0x080091b4   0x00000000   Code   RO          935    x$fpl$usenofp       fz_ps.l(usenofp.o)
    0x080091b4   0x00000078   Data   RO            6    .constdata          global.o
    0x0800922c   0x00000030   Data   RO          182    .constdata          main.o
    0x0800925c   0x00000090   Data   RO          255    .constdata          uart.o
    0x080092ec   0x00000077   Data   RO          285    .constdata          filter.o
    0x08009363   0x000000ae   Data   RO          659    .constdata          ht1621_driver.o
    0x08009411   0x00000018   Data   RO          687    .constdata          key.o
    0x08009429   0x00000011   Data   RO          857    .constdata          c_p.l(__printf_flags_wp.o)
    0x0800943a   0x00000080   Data   RO          884    .constdata          fz_ps.l(ddiv.o)
    0x080094ba   0x00000040   Data   RO          901    .constdata          fz_ps.l(fdiv.o)
    0x080094fa   0x00000002   PAD
    0x080094fc   0x00000094   Data   RO          965    .constdata          c_p.l(bigflt0.o)
    0x08009590   0x0000011f   Data   RO          257    .conststring        uart.o
    0x080096af   0x00000001   PAD
    0x080096b0   0x00000020   Data   RO         1126    Region$$Table       anon$$obj.o
    0x080096d0   0x0000001c   Data   RO          971    locale$$data        c_p.l(lc_numeric_c.o)


    Execution Region ER_RW (Base: 0x20000000, Size: 0x000001dc, Max: 0xffffffff, ABSOLUTE, COMPRESSED[0x0000001c])

    Base Addr    Size         Type   Attr      Idx    E Section Name        Object

    0x20000000   0x000000d0   Data   RW            7    .data               global.o
    0x200000d0   0x00000001   Data   RW            8    .data               global.o
    0x200000d1   0x00000001   Data   RW            9    .data               global.o
    0x200000d2   0x00000002   Data   RW           10    .data               global.o
    0x200000d4   0x00000001   Data   RW           12    .data               global.o
    0x200000d5   0x00000001   Data   RW           13    .data               global.o
    0x200000d6   0x00000001   Data   RW           14    .data               global.o
    0x200000d7   0x00000001   Data   RW           15    .data               global.o
    0x200000d8   0x00000001   Data   RW           19    .data               global.o
    0x200000d9   0x00000001   Data   RW           20    .data               global.o
    0x200000da   0x00000001   Data   RW           21    .data               global.o
    0x200000db   0x00000001   Data   RW           22    .data               global.o
    0x200000dc   0x00000001   Data   RW           23    .data               global.o
    0x200000dd   0x00000001   Data   RW           24    .data               global.o
    0x200000de   0x00000001   Data   RW           25    .data               global.o
    0x200000df   0x00000001   PAD
    0x200000e0   0x00000004   Data   RW           26    .data               global.o
    0x200000e4   0x00000004   Data   RW           27    .data               global.o
    0x200000e8   0x00000004   Data   RW           28    .data               global.o
    0x200000ec   0x00000001   Data   RW           29    .data               global.o
    0x200000ed   0x00000001   Data   RW           30    .data               global.o
    0x200000ee   0x00000001   Data   RW           31    .data               global.o
    0x200000ef   0x00000001   Data   RW           32    .data               global.o
    0x200000f0   0x00000001   Data   RW           33    .data               global.o
    0x200000f1   0x00000001   Data   RW           34    .data               global.o
    0x200000f2   0x00000001   Data   RW           35    .data               global.o
    0x200000f3   0x00000001   Data   RW           36    .data               global.o
    0x200000f4   0x00000002   Data   RW           37    .data               global.o
    0x200000f6   0x00000002   PAD
    0x200000f8   0x00000004   Data   RW           38    .data               global.o
    0x200000fc   0x00000004   Data   RW           39    .data               global.o
    0x20000100   0x00000001   Data   RW           40    .data               global.o
    0x20000101   0x00000001   Data   RW           42    .data               global.o
    0x20000102   0x00000001   Data   RW           43    .data               global.o
    0x20000103   0x00000001   PAD
    0x20000104   0x00000004   Data   RW          183    .data               main.o
    0x20000108   0x00000028   Data   RW          225    .data               timer.o
    0x20000130   0x00000050   Data   RW          286    .data               filter.o
    0x20000180   0x00000002   Data   RW          315    .data               ad_acquire.o
    0x20000182   0x00000010   Data   RW          435    .data               stm32f0xx_rcc.o
    0x20000192   0x0000000a   Data   RW          661    .data               ht1621_driver.o
    0x2000019c   0x00000010   Data   RW          688    .data               key.o
    0x200001ac   0x0000001c   Data   RW          715    .data               epm7064s.o
    0x200001c8   0x00000014   Data   RW          809    .data               system_stm32f0xx.o


    Execution Region ER_ZI (Base: 0x200001dc, Size: 0x0000085c, Max: 0xffffffff, ABSOLUTE)

    Base Addr    Size         Type   Attr      Idx    E Section Name        Object

    0x200001dc   0x0000000e   Zero   RW            4    .bss                global.o
    0x200001ea   0x00000002   PAD
    0x200001ec   0x0000008c   Zero   RW            5    .bss                global.o
    0x20000278   0x00000160   Zero   RW          284    .bss                filter.o
    0x200003d8   0x00000060   Zero   RW          983    .bss                c_p.l(libspace.o)
    0x20000438   0x00000200   Zero   RW          800    HEAP                startup_stm32f030.o
    0x20000638   0x00000400   Zero   RW          799    STACK               startup_stm32f030.o


==============================================================================

Image component sizes


      Code (inc. data)   RO Data    RW Data    ZI Data      Debug   Object Name

       236         20          0          2          0       1296   ad_acquire.o
       464         20          0         28          0       2431   epm7064s.o
      1196         86        119         80        352       6103   filter.o
      5318        246        120        256        154     246105   global.o
      4832        660        174         10          0      11261   ht1621_driver.o
       872          8          0          0          0       2867   i2c.o
      3108        536         24         16          0       7609   key.o
       232          8          0          0          0     235315   led.o
       812        102         48          4          0      10006   main.o
       312          4          0          0          0       1450   rtc.o
       116         56        180          0       1536        632   startup_stm32f030.o
       548         12          0          0          0       5835   stm32f0xx_adc.o
       292         12          0          0          0       3130   stm32f0xx_dma.o
       204         14          0          0          0       2051   stm32f0xx_exti.o
       348         22          0          0          0       3177   stm32f0xx_gpio.o
       124         16          0          0          0       1280   stm32f0xx_misc.o
       224         10          0          0          0       1930   stm32f0xx_pwr.o
      1048         38          0         16          0       7646   stm32f0xx_rcc.o
      2124         50          0          0          0      11718   stm32f0xx_rtc.o
       152          4          0          0          0       1762   stm32f0xx_syscfg.o
      2340        116          0          0          0      17755   stm32f0xx_tim.o
      1078         18          0          0          0       9870   stm32f0xx_usart.o
       344         28          0         20          0       1647   system_stm32f0xx.o
       400         40          0         40          0       2486   timer.o
      1308        282        431          0          0       4393   uart.o

    ----------------------------------------------------------------------
     28036       2408       1129        476       2044     599755   Object Totals
         0          0         32          0          0          0   (incl. Generated)
         4          0          1          4          2          0   (incl. Padding)

    ----------------------------------------------------------------------

      Code (inc. data)   RO Data    RW Data    ZI Data      Debug   Library Member Name

        86          0          0          0          0          0   __dczerorl2.o
         8          0          0          0          0         68   __main.o
       312          6         17          0          0         76   __printf_flags_wp.o
        14          0          0          0          0         60   __printf_wp.o
        60          8          0          0          0          0   __scatter.o
        28          0          0          0          0          0   __scatter_zi.o
        48          6          0          0          0         88   _printf_char_common.o
        10          0          0          0          0          0   _printf_d.o
       108         18          0          0          0         76   _printf_dec.o
        10          0          0          0          0          0   _printf_f.o
      1044         14          0          0          0        176   _printf_fp_dec.o
       136         16          0          0          0         76   _printf_fp_infnan.o
       176          0          0          0          0         84   _printf_intcommon.o
        78          0          0          0          0        100   _printf_pad.o
         2          0          0          0          0          0   _printf_percent.o
         4          0          0          0          0          0   _printf_percent_end.o
        10          0          0          0          0         60   _sputc.o
         8          0          0          0          0         60   abs.o
       346          0          0          0          0         92   aeabi_sdiv.o
       200          4        148          0          0         80   bigflt0.o
      1240         12          0          0          0        316   btod.o
        12          0          0          0          0         64   exit.o
         6          0          0          0          0        136   heapauxi.o
         0          0          0          0          0          0   indicate_semi.o
        44         10         28          0          0         76   lc_numeric_c.o
         2          0          0          0          0          0   libinit.o
        22          0          0          0          0          0   libinit2.o
         2          0          0          0          0          0   libshutdown.o
         2          0          0          0          0          0   libshutdown2.o
         8          4          0          0         96         68   libspace.o
       122          0          0          0          0         72   lludiv10.o
        90          0          0          0          0         68   memcmp.o
        40          4          0          0          0         84   noretval__2sprintf.o
         8          4          0          0          0         68   rt_locale_intlibspace.o
         0          0          0          0          0          0   rtentry.o
        12          0          0          0          0          0   rtentry2.o
         6          0          0          0          0          0   rtentry4.o
         2          0          0          0          0          0   rtexit.o
        10          0          0          0          0          0   rtexit2.o
        40          0          0          0          0         60   rtudiv10.o
       136          4          0          0          0         72   strcmp.o
        12          4          0          0          0         60   sys_exit.o
        62          0          0          0          0         80   sys_stackheap_outer.o
         2          0          0          0          0         68   use_no_semi.o
        48          4          0          0          0         60   cmpret.o
       124          4          0          0          0         72   d2f.o
       848         20          0          0          0        228   daddsub.o
      1096         26        128          0          0        116   ddiv.o
        68          4          0          0          0         68   dfixui.o
        88          0          0          0          0         92   dflti.o
       616         24          0          0          0         84   dmul.o
        84          4          0          0          0         60   f2d.o
       348          8          0          0          0        160   faddsub.o
       100          4          0          0          0         68   fcmpin.o
       352          8         64          0          0         88   fdiv.o
        48          0          0          0          0         60   ffixui.o
        94          0          0          0          0         92   fflti.o
        84          4          0          0          0         76   flef.o
       176          4          0          0          0         80   fmul.o
        16          6          0          0          0         68   fnan2.o
        88          4          0          0          0         76   frlef.o
        68          4          0          0          0         68   fscalbn.o
        16          4          0          0          0         76   printf1.o
        94          0          0          0          0         68   retnan.o
         0          0          0          0          0          0   usenofp.o
        44          4          0          0          0         60   fpclassify.o

    ----------------------------------------------------------------------
      9084        250        387          0         96       4208   Library Totals
        16          0          2          0          0          0   (incl. Padding)

    ----------------------------------------------------------------------

      Code (inc. data)   RO Data    RW Data    ZI Data      Debug   Library Name

      4568        114        193          0         96       2388   c_p.l
      4456        132        192          0          0       1760   fz_ps.l
        44          4          0          0          0         60   m_ps.l

    ----------------------------------------------------------------------
      9084        250        387          0         96       4208   Library Totals

    ----------------------------------------------------------------------

==============================================================================


      Code (inc. data)   RO Data    RW Data    ZI Data      Debug   

     37120       2658       1516        476       2140     598611   Grand Totals
     37120       2658       1516         28       2140     598611   ELF Image Totals (compressed)
     37120       2658       1516         28          0          0   ROM Totals

==============================================================================

    Total RO  Size (Code + RO Data)                38636 (  37.73kB)
    Total RW  Size (RW Data + ZI Data)              2616 (   2.55kB)
    Total ROM Size (Code + RO Data + RW Data)      38664 (  37.76kB)

==============================================================================

