Product: MDK-ARM Standard 5.10
Component: ARM Compiler 5.04 update 1 (build 49)
Tool: armlink [5040049]

==============================================================================

Section Cross References

    global.o(.text) refers to stm32f0xx_gpio.o(.text) for GPIO_ReadInputDataBit
    global.o(.text) refers to i2c.o(.text) for Read_EEPROM
    global.o(.text) refers to fflti.o(.text) for __aeabi_ui2f
    global.o(.text) refers to faddsub.o(x$fpl$fadd) for __aeabi_fadd
    global.o(.text) refers to fmul.o(x$fpl$fmul) for __aeabi_fmul
    global.o(.text) refers to ffixui.o(.text) for __aeabi_f2uiz
    global.o(.text) refers to global.o(.data) for .data
    global.o(.text) refers to global.o(.constdata) for .constdata
    global.o(.text) refers to aeabi_sdiv.o(.text) for __aeabi_uidivmod
    global.o(.text) refers to fdiv.o(.text) for __aeabi_fdiv
    global.o(.text) refers to dflti.o(.text) for __aeabi_ui2d
    global.o(.text) refers to daddsub.o(.text) for __aeabi_dadd
    global.o(.text) refers to ddiv.o(.text) for __aeabi_ddiv
    global.o(.text) refers to dmul.o(.text) for __aeabi_dmul
    global.o(.text) refers to d2f.o(.text) for __aeabi_d2f
    global.o(.text) refers to global.o(.bss) for .bss
    global.o(.text) refers to fscalbn.o(.text) for __ARM_scalbnf
    global.o(.text) refers to key.o(.text) for Key_Null_Pro
    global.o(.text) refers to timer.o(.data) for flag_10ms_ok
    global.o(.text) refers to global.o(i.__ARM_common_switch8) for __ARM_common_switch8
    global.o(.text) refers to filter.o(.text) for stable_manual_break
    global.o(.text) refers to f2d.o(.text) for __aeabi_f2d
    global.o(.text) refers to flef.o(x$fpl$fleqf) for __aeabi_cfcmple
    global.o(.text) refers to faddsub.o(x$fpl$fsub) for __aeabi_fsub
    global.o(.text) refers to frlef.o(x$fpl$frleqf) for __aeabi_cfrcmple
    global.o(.text) refers to uart.o(.text) for USART_Configuration
    global.o(.text) refers to filter.o(.data) for flag_auto_track_enable
    main.o(.text) refers to filter.o(.text) for filter
    main.o(.text) refers to global.o(.text) for update_new_data
    main.o(.text) refers to key.o(.text) for Get_Key_Code
    main.o(.text) refers to ht1621_driver.o(.text) for Ht1621_F_Display_area1
    main.o(.text) refers to led.o(.text) for LED_Close
    main.o(.text) refers to ad_acquire.o(.text) for Get_temp_ad
    main.o(.text) refers to faddsub.o(x$fpl$fsub) for __aeabi_fsub
    main.o(.text) refers to f2d.o(.text) for __aeabi_f2d
    main.o(.text) refers to abs.o(.text) for abs
    main.o(.text) refers to uart.o(.text) for UART_SendData_NJ_format1
    main.o(.text) refers to timer.o(.text) for TIM3_Init
    main.o(.text) refers to rtc.o(.text) for RTC_Config
    main.o(.text) refers to i2c.o(.text) for I2c_Init
    main.o(.text) refers to epm7064s.o(.text) for EPM7064_PIN_Init
    main.o(.text) refers to global.o(.data) for flag_LOGO
    main.o(.text) refers to global.o(.bss) for display_buffer
    main.o(.text) refers to global.o(.data) for Factory_Inncal_step
    main.o(.text) refers to global.o(.data) for flag_new_data
    main.o(.text) refers to timer.o(.data) for flag_10ms_ok
    main.o(.text) refers to main.o(.data) for .data
    main.o(.text) refers to global.o(.data) for asd_para
    main.o(.text) refers to main.o(.constdata) for .constdata
    main.o(.text) refers to global.o(.data) for adc_times
    main.o(.text) refers to global.o(.data) for prehot_time
    main.o(.text) refers to global.o(.data) for Speaker_Time
    timer.o(.text) refers to stm32f0xx_rcc.o(.text) for RCC_APB1PeriphClockCmd
    timer.o(.text) refers to stm32f0xx_misc.o(.text) for NVIC_Init
    timer.o(.text) refers to stm32f0xx_tim.o(.text) for TIM_TimeBaseInit
    timer.o(.text) refers to key.o(.text) for Key_Sound_Pro
    timer.o(.text) refers to ht1621_driver.o(.text) for Displaybuf_All_off
    timer.o(.text) refers to led.o(.text) for BL_Close
    timer.o(.text) refers to timer.o(.data) for .data
    timer.o(.text) refers to global.o(.data) for motor_run_time
    timer.o(.text) refers to global.o(.data) for animal_start
    timer.o(.text) refers to global.o(.data) for animal_run_time
    timer.o(.text) refers to global.o(.data) for prehot_time
    uart.o(.text) refers to _printf_pad.o(.text) for _printf_pre_padding
    uart.o(.text) refers to _printf_percent.o(.ARM.Collect$$_printf_percent$$00000000) for _printf_percent
    uart.o(.text) refers to _printf_f.o(.ARM.Collect$$_printf_percent$$00000003) for _printf_f
    uart.o(.text) refers to printf1.o(x$fpl$printf1) for _printf_fp_dec
    uart.o(.text) refers to _printf_d.o(.ARM.Collect$$_printf_percent$$00000009) for _printf_d
    uart.o(.text) refers to _printf_dec.o(.text) for _printf_int_dec
    uart.o(.text) refers to stm32f0xx_rcc.o(.text) for RCC_AHBPeriphClockCmd
    uart.o(.text) refers to stm32f0xx_gpio.o(.text) for GPIO_PinAFConfig
    uart.o(.text) refers to stm32f0xx_usart.o(.text) for USART_Init
    uart.o(.text) refers to f2d.o(.text) for __aeabi_f2d
[...]
    Get_Raw1_Data                            0x08002603   Thumb Code     6  filter.o(.text)
    Get_Ave1_Data                            0x08002609   Thumb Code     6  filter.o(.text)
    Get_Ave2_Data                            0x0800260f   Thumb Code    90  filter.o(.text)
    Get_Filter_Data                          0x08002669   Thumb Code     6  filter.o(.text)
    ADC1_Init                                0x08002735   Thumb Code   210  ad_acquire.o(.text)
    Get_temp_ad                              0x08002807   Thumb Code     6  ad_acquire.o(.text)
    CPU_LED_Init                             0x08002821   Thumb Code    50  led.o(.text)
    BL_LED_Init                              0x08002853   Thumb Code    38  led.o(.text)
    SPEAKER_PIN_Init                         0x08002879   Thumb Code    48  led.o(.text)
    LED_Open                                 0x080028a9   Thumb Code    16  led.o(.text)
    BL_Open                                  0x080028b9   Thumb Code    14  led.o(.text)
    SPEAKER_Open                             0x080028c7   Thumb Code    14  led.o(.text)
    LED_Close                                0x080028d5   Thumb Code    16  led.o(.text)
    BL_Close                                 0x080028e5   Thumb Code    14  led.o(.text)
    SPEAKER_Close                            0x080028f3   Thumb Code    14  led.o(.text)
    GPIO_DeInit                              0x08002909   Thumb Code    78  stm32f0xx_gpio.o(.text)
    GPIO_Init                                0x08002957   Thumb Code   112  stm32f0xx_gpio.o(.text)
    GPIO_StructInit                          0x080029c7   Thumb Code    18  stm32f0xx_gpio.o(.text)
    GPIO_PinLockConfig                       0x080029d9   Thumb Code    26  stm32f0xx_gpio.o(.text)
    GPIO_ReadInputDataBit                    0x080029f3   Thumb Code    14  stm32f0xx_gpio.o(.text)
    GPIO_ReadInputData                       0x08002a01   Thumb Code     4  stm32f0xx_gpio.o(.text)
    GPIO_ReadOutputDataBit                   0x08002a05   Thumb Code    14  stm32f0xx_gpio.o(.text)
    GPIO_ReadOutputData                      0x08002a13   Thumb Code     4  stm32f0xx_gpio.o(.text)
    GPIO_SetBits                             0x08002a17   Thumb Code     4  stm32f0xx_gpio.o(.text)
    GPIO_ResetBits                           0x08002a1b   Thumb Code     4  stm32f0xx_gpio.o(.text)
    GPIO_WriteBit                            0x08002a1f   Thumb Code    12  stm32f0xx_gpio.o(.text)
    GPIO_Write                               0x08002a2b   Thumb Code     4  stm32f0xx_gpio.o(.text)
    GPIO_PinAFConfig                         0x08002a2f   Thumb Code    32  stm32f0xx_gpio.o(.text)
    RCC_DeInit                               0x08002a65   Thumb Code    78  stm32f0xx_rcc.o(.text)
    RCC_HSEConfig                            0x08002ab3   Thumb Code    10  stm32f0xx_rcc.o(.text)
    RCC_GetFlagStatus                        0x08002abd   Thumb Code    48  stm32f0xx_rcc.o(.text)
    RCC_WaitForHSEStartUp                    0x08002aed   Thumb Code    44  stm32f0xx_rcc.o(.text)
    RCC_AdjustHSICalibrationValue            0x08002b19   Thumb Code    16  stm32f0xx_rcc.o(.text)
    RCC_HSICmd                               0x08002b29   Thumb Code    22  stm32f0xx_rcc.o(.text)
    RCC_AdjustHSI14CalibrationValue          0x08002b3f   Thumb Code    16  stm32f0xx_rcc.o(.text)
    RCC_HSI14Cmd                             0x08002b4f   Thumb Code    22  stm32f0xx_rcc.o(.text)
    RCC_HSI14ADCRequestCmd                   0x08002b65   Thumb Code    20  stm32f0xx_rcc.o(.text)
    RCC_LSEConfig                            0x08002b79   Thumb Code    26  stm32f0xx_rcc.o(.text)
    RCC_LSEDriveConfig                       0x08002b93   Thumb Code    18  stm32f0xx_rcc.o(.text)
    RCC_LSICmd                               0x08002ba5   Thumb Code    22  stm32f0xx_rcc.o(.text)
    RCC_PLLConfig                            0x08002bbb   Thumb Code    24  stm32f0xx_rcc.o(.text)
    RCC_PLLCmd                               0x08002bd3   Thumb Code    22  stm32f0xx_rcc.o(.text)
    RCC_PREDIV1Config                        0x08002be9   Thumb Code    14  stm32f0xx_rcc.o(.text)
    RCC_ClockSecuritySystemCmd               0x08002bf7   Thumb Code    22  stm32f0xx_rcc.o(.text)
    RCC_MCOConfig                            0x08002c0d   Thumb Code    18  stm32f0xx_rcc.o(.text)
    RCC_SYSCLKConfig                         0x08002c1f   Thumb Code    14  stm32f0xx_rcc.o(.text)
    RCC_GetSYSCLKSource                      0x08002c2d   Thumb Code    10  stm32f0xx_rcc.o(.text)
    RCC_HCLKConfig                           0x08002c37   Thumb Code    14  stm32f0xx_rcc.o(.text)
    RCC_PCLKConfig                           0x08002c45   Thumb Code    16  stm32f0xx_rcc.o(.text)
    RCC_ADCCLKConfig                         0x08002c55   Thumb Code    38  stm32f0xx_rcc.o(.text)
    RCC_CECCLKConfig                         0x08002c7b   Thumb Code    18  stm32f0xx_rcc.o(.text)
    RCC_I2CCLKConfig                         0x08002c8d   Thumb Code    18  stm32f0xx_rcc.o(.text)
    RCC_USARTCLKConfig                       0x08002c9f   Thumb Code    18  stm32f0xx_rcc.o(.text)
    RCC_GetClocksFreq                        0x08002cb1   Thumb Code   208  stm32f0xx_rcc.o(.text)
    RCC_RTCCLKConfig                         0x08002d81   Thumb Code    10  stm32f0xx_rcc.o(.text)
    RCC_RTCCLKCmd                            0x08002d8b   Thumb Code    20  stm32f0xx_rcc.o(.text)
    RCC_BackupResetCmd                       0x08002d9f   Thumb Code    22  stm32f0xx_rcc.o(.text)
    RCC_AHBPeriphClockCmd                    0x08002db5   Thumb Code    18  stm32f0xx_rcc.o(.text)
    RCC_APB2PeriphClockCmd                   0x08002dc7   Thumb Code    18  stm32f0xx_rcc.o(.text)
    RCC_APB1PeriphClockCmd                   0x08002dd9   Thumb Code    18  stm32f0xx_rcc.o(.text)
    RCC_AHBPeriphResetCmd                    0x08002deb   Thumb Code    18  stm32f0xx_rcc.o(.text)
    RCC_APB2PeriphResetCmd                   0x08002dfd   Thumb Code    18  stm32f0xx_rcc.o(.text)
    RCC_APB1PeriphResetCmd                   0x08002e0f   Thumb Code    18  stm32f0xx_rcc.o(.text)
    RCC_ITConfig                             0x08002e21   Thumb Code    18  stm32f0xx_rcc.o(.text)
    RCC_ClearFlag                            0x08002e33   Thumb Code    46  stm32f0xx_rcc.o(.text)
    RCC_GetITStatus                          0x08002e61   Thumb Code    16  stm32f0xx_rcc.o(.text)
    RCC_ClearITPendingBit                    0x08002e71   Thumb Code     6  stm32f0xx_rcc.o(.text)
    ADC_DeInit                               0x08002e7d   Thumb Code    28  stm32f0xx_adc.o(.text)
    ADC_Init                                 0x08002e99   Thumb Code    38  stm32f0xx_adc.o(.text)
    ADC_StructInit                           0x08002ebf   Thumb Code    16  stm32f0xx_adc.o(.text)
    ADC_Cmd                                  0x08002ecf   Thumb Code    18  stm32f0xx_adc.o(.text)
    ADC_JitterCmd                            0x08002ee1   Thumb Code    16  stm32f0xx_adc.o(.text)
    ADC_AutoPowerOffCmd                      0x08002ef1   Thumb Code    20  stm32f0xx_adc.o(.text)
    ADC_WaitModeCmd                          0x08002f05   Thumb Code    20  stm32f0xx_adc.o(.text)
    ADC_AnalogWatchdogCmd                    0x08002f19   Thumb Code    20  stm32f0xx_adc.o(.text)
    ADC_AnalogWatchdogThresholdsConfig       0x08002f2d   Thumb Code     8  stm32f0xx_adc.o(.text)
    ADC_AnalogWatchdogSingleChannelConfig    0x08002f35   Thumb Code    14  stm32f0xx_adc.o(.text)
    ADC_AnalogWatchdogSingleChannelCmd       0x08002f43   Thumb Code    20  stm32f0xx_adc.o(.text)
    ADC_TempSensorCmd                        0x08002f57   Thumb Code    22  stm32f0xx_adc.o(.text)
    ADC_VrefintCmd                           0x08002f6d   Thumb Code    22  stm32f0xx_adc.o(.text)
    ADC_VbatCmd                              0x08002f83   Thumb Code    22  stm32f0xx_adc.o(.text)
    ADC_ChannelConfig                        0x08002f99   Thumb Code    10  stm32f0xx_adc.o(.text)
    ADC_ContinuousModeCmd                    0x08002fa3   Thumb Code    20  stm32f0xx_adc.o(.text)
    ADC_DiscModeCmd                          0x08002fb7   Thumb Code    20  stm32f0xx_adc.o(.text)
    ADC_OverrunModeCmd                       0x08002fcb   Thumb Code    20  stm32f0xx_adc.o(.text)
    ADC_GetCalibrationFactor                 0x08002fdf   Thumb Code    46  stm32f0xx_adc.o(.text)
    ADC_StopOfConversion                     0x0800300d   Thumb Code    10  stm32f0xx_adc.o(.text)
    ADC_StartOfConversion                    0x08003017   Thumb Code    10  stm32f0xx_adc.o(.text)
    ADC_GetConversionValue                   0x08003021   Thumb Code     6  stm32f0xx_adc.o(.text)
    ADC_DMACmd                               0x08003027   Thumb Code    20  stm32f0xx_adc.o(.text)
    ADC_DMARequestModeConfig                 0x0800303b   Thumb Code    16  stm32f0xx_adc.o(.text)
    ADC_ITConfig                             0x0800304b   Thumb Code    16  stm32f0xx_adc.o(.text)
    ADC_GetFlagStatus                        0x0800305b   Thumb Code    28  stm32f0xx_adc.o(.text)
    ADC_ClearFlag                            0x08003077   Thumb Code     4  stm32f0xx_adc.o(.text)
    ADC_GetITStatus                          0x0800307b   Thumb Code    22  stm32f0xx_adc.o(.text)
    ADC_ClearITPendingBit                    0x08003091   Thumb Code     4  stm32f0xx_adc.o(.text)
    TIM_DeInit                               0x080030a1   Thumb Code   152  stm32f0xx_tim.o(.text)
    TIM_TimeBaseInit                         0x08003139   Thumb Code    88  stm32f0xx_tim.o(.text)
    TIM_TimeBaseStructInit                   0x08003191   Thumb Code    18  stm32f0xx_tim.o(.text)
    TIM_PrescalerConfig                      0x080031a3   Thumb Code     6  stm32f0xx_tim.o(.text)
    TIM_CounterModeConfig                    0x080031a9   Thumb Code    12  stm32f0xx_tim.o(.text)
    TIM_SetCounter                           0x080031b5   Thumb Code     4  stm32f0xx_tim.o(.text)
    TIM_SetAutoreload                        0x080031b9   Thumb Code     4  stm32f0xx_tim.o(.text)
    TIM_GetCounter                           0x080031bd   Thumb Code     4  stm32f0xx_tim.o(.text)
    TIM_GetPrescaler                         0x080031c1   Thumb Code     4  stm32f0xx_tim.o(.text)
    TIM_UpdateDisableConfig                  0x080031c5   Thumb Code    18  stm32f0xx_tim.o(.text)
    TIM_UpdateRequestConfig                  0x080031d7   Thumb Code    18  stm32f0xx_tim.o(.text)
    TIM_ARRPreloadConfig                     0x080031e9   Thumb Code    18  stm32f0xx_tim.o(.text)
    TIM_SelectOnePulseMode                   0x080031fb   Thumb Code    16  stm32f0xx_tim.o(.text)
    TIM_SetClockDivision                     0x0800320b   Thumb Code    16  stm32f0xx_tim.o(.text)
    TIM_Cmd                                  0x0800321b   Thumb Code    20  stm32f0xx_tim.o(.text)
    TIM_BDTRConfig                           0x0800322f   Thumb Code    34  stm32f0xx_tim.o(.text)
    TIM_BDTRStructInit                       0x08003251   Thumb Code    18  stm32f0xx_tim.o(.text)
    TIM_CtrlPWMOutputs                       0x08003263   Thumb Code    24  stm32f0xx_tim.o(.text)
    TIM_OC1Init                              0x0800327b   Thumb Code   104  stm32f0xx_tim.o(.text)
    TIM_OC2Init                              0x080032e3   Thumb Code   124  stm32f0xx_tim.o(.text)
    TIM_OC3Init                              0x0800335f   Thumb Code   110  stm32f0xx_tim.o(.text)
    TIM_OC4Init                              0x080033cd   Thumb Code    78  stm32f0xx_tim.o(.text)
    TIM_OCStructInit                         0x0800341b   Thumb Code    20  stm32f0xx_tim.o(.text)
    TIM_SelectOCxM                           0x0800342f   Thumb Code    70  stm32f0xx_tim.o(.text)
    TIM_SetCompare1                          0x08003475   Thumb Code     4  stm32f0xx_tim.o(.text)
    TIM_SetCompare2                          0x08003479   Thumb Code    72  stm32f0xx_tim.o(.text)
    TIM_SetCompare3                          0x080034c1   Thumb Code     4  stm32f0xx_tim.o(.text)
    TIM_SetCompare4                          0x080034c5   Thumb Code     4  stm32f0xx_tim.o(.text)
    TIM_ForcedOC1Config                      0x080034c9   Thumb Code    12  stm32f0xx_tim.o(.text)
    TIM_ForcedOC2Config                      0x080034d5   Thumb Code    14  stm32f0xx_tim.o(.text)
    TIM_ForcedOC3Config                      0x080034e3   Thumb Code    12  stm32f0xx_tim.o(.text)
    TIM_ForcedOC4Config                      0x080034ef   Thumb Code    14  stm32f0xx_tim.o(.text)
    TIM_CCPreloadControl                     0x080034fd   Thumb Code    20  stm32f0xx_tim.o(.text)
    TIM_OC1PreloadConfig                     0x08003511   Thumb Code    12  stm32f0xx_tim.o(.text)
    TIM_OC2PreloadConfig                     0x0800351d   Thumb Code    14  stm32f0xx_tim.o(.text)
    TIM_OC3PreloadConfig                     0x0800352b   Thumb Code    12  stm32f0xx_tim.o(.text)
    TIM_OC4PreloadConfig                     0x08003537   Thumb Code    14  stm32f0xx_tim.o(.text)
    TIM_OC1FastConfig                        0x08003545   Thumb Code    12  stm32f0xx_tim.o(.text)
    TIM_OC2FastConfig                        0x08003551   Thumb Code    14  stm32f0xx_tim.o(.text)
    TIM_OC3FastConfig                        0x0800355f   Thumb Code    12  stm32f0xx_tim.o(.text)
    TIM_OC4FastConfig                        0x0800356b   Thumb Code    14  stm32f0xx_tim.o(.text)
    TIM_ClearOC1Ref                          0x08003579   Thumb Code    12  stm32f0xx_tim.o(.text)
    TIM_ClearOC2Ref                          0x08003585   Thumb Code    14  stm32f0xx_tim.o(.text)
    TIM_ClearOC3Ref                          0x08003593   Thumb Code    12  stm32f0xx_tim.o(.text)
    TIM_ClearOC4Ref                          0x0800359f   Thumb Code    14  stm32f0xx_tim.o(.text)
    TIM_OC1PolarityConfig                    0x080035ad   Thumb Code    12  stm32f0xx_tim.o(.text)
    TIM_OC1NPolarityConfig                   0x080035b9   Thumb Code    12  stm32f0xx_tim.o(.text)
    TIM_OC2PolarityConfig                    0x080035c5   Thumb Code    14  stm32f0xx_tim.o(.text)
    TIM_OC2NPolarityConfig                   0x080035d3   Thumb Code    14  stm32f0xx_tim.o(.text)
    TIM_OC3PolarityConfig                    0x080035e1   Thumb Code    14  stm32f0xx_tim.o(.text)
    TIM_OC3NPolarityConfig                   0x080035ef   Thumb Code    14  stm32f0xx_tim.o(.text)
    TIM_OC4PolarityConfig                    0x080035fd   Thumb Code    14  stm32f0xx_tim.o(.text)
    TIM_SelectOCREFClear                     0x0800360b   Thumb Code    16  stm32f0xx_tim.o(.text)
    TIM_CCxCmd                               0x0800361b   Thumb Code    22  stm32f0xx_tim.o(.text)
    TIM_CCxNCmd                              0x08003631   Thumb Code    22  stm32f0xx_tim.o(.text)
    TIM_SelectCOM                            0x08003647   Thumb Code    18  stm32f0xx_tim.o(.text)
    TIM_SetIC4Prescaler                      0x08003659   Thumb Code    18  stm32f0xx_tim.o(.text)
    TIM_SetIC3Prescaler                      0x0800366b   Thumb Code    16  stm32f0xx_tim.o(.text)
    TIM_SetIC2Prescaler                      0x0800367b   Thumb Code    18  stm32f0xx_tim.o(.text)
    TIM_SetIC1Prescaler                      0x080036b7   Thumb Code    16  stm32f0xx_tim.o(.text)
    TIM_ICInit                               0x080036ef   Thumb Code   162  stm32f0xx_tim.o(.text)
    TIM_ICStructInit                         0x08003791   Thumb Code    16  stm32f0xx_tim.o(.text)
    TIM_PWMIConfig                           0x080037a1   Thumb Code   104  stm32f0xx_tim.o(.text)
    TIM_GetCapture1                          0x08003809   Thumb Code     4  stm32f0xx_tim.o(.text)
    TIM_GetCapture2                          0x0800380d   Thumb Code     4  stm32f0xx_tim.o(.text)
    TIM_GetCapture3                          0x08003811   Thumb Code     4  stm32f0xx_tim.o(.text)
    TIM_GetCapture4                          0x08003815   Thumb Code     4  stm32f0xx_tim.o(.text)
    TIM_ITConfig                             0x08003819   Thumb Code    16  stm32f0xx_tim.o(.text)
    TIM_GenerateEvent                        0x08003829   Thumb Code     4  stm32f0xx_tim.o(.text)
    TIM_GetFlagStatus                        0x0800382d   Thumb Code    14  stm32f0xx_tim.o(.text)
    TIM_ClearFlag                            0x0800383b   Thumb Code     6  stm32f0xx_tim.o(.text)
    TIM_GetITStatus                          0x08003841   Thumb Code    24  stm32f0xx_tim.o(.text)
    TIM_ClearITPendingBit                    0x08003859   Thumb Code     6  stm32f0xx_tim.o(.text)
    TIM_DMAConfig                            0x0800385f   Thumb Code     8  stm32f0xx_tim.o(.text)
    TIM_DMACmd                               0x08003867   Thumb Code    16  stm32f0xx_tim.o(.text)
    TIM_SelectCCDMA                          0x08003877   Thumb Code    18  stm32f0xx_tim.o(.text)
    TIM_InternalClockConfig                  0x08003889   Thumb Code    10  stm32f0xx_tim.o(.text)
    TIM_SelectInputTrigger                   0x08003893   Thumb Code    12  stm32f0xx_tim.o(.text)
    TIM_ITRxExternalClockConfig              0x0800389f   Thumb Code    62  stm32f0xx_tim.o(.text)
    TIM_TIxExternalClockConfig               0x080038dd   Thumb Code    48  stm32f0xx_tim.o(.text)
    TIM_ETRConfig                            0x0800390d   Thumb Code    18  stm32f0xx_tim.o(.text)
    TIM_ETRClockMode1Config                  0x0800391f   Thumb Code    28  stm32f0xx_tim.o(.text)
    TIM_ETRClockMode2Config                  0x0800393b   Thumb Code    20  stm32f0xx_tim.o(.text)
    TIM_SelectOutputTrigger                  0x0800394f   Thumb Code    16  stm32f0xx_tim.o(.text)
    TIM_SelectSlaveMode                      0x0800395f   Thumb Code    16  stm32f0xx_tim.o(.text)
    TIM_SelectMasterSlaveMode                0x0800396f   Thumb Code    16  stm32f0xx_tim.o(.text)
    TIM_EncoderInterfaceConfig               0x0800397f   Thumb Code    42  stm32f0xx_tim.o(.text)
    TIM_SelectHallSensor                     0x080039a9   Thumb Code    18  stm32f0xx_tim.o(.text)
    TIM_RemapConfig                          0x080039bb   Thumb Code     6  stm32f0xx_tim.o(.text)
    USART_DeInit                             0x080039c5   Thumb Code    54  stm32f0xx_usart.o(.text)
    USART_Init                               0x080039fb   Thumb Code   128  stm32f0xx_usart.o(.text)
    USART_StructInit                         0x08003a7b   Thumb Code    22  stm32f0xx_usart.o(.text)
    USART_ClockInit                          0x08003a91   Thumb Code    28  stm32f0xx_usart.o(.text)
    USART_ClockStructInit                    0x08003aad   Thumb Code    12  stm32f0xx_usart.o(.text)
    USART_Cmd                                0x08003ab9   Thumb Code    20  stm32f0xx_usart.o(.text)
    USART_DirectionModeCmd                   0x08003acd   Thumb Code    16  stm32f0xx_usart.o(.text)
    USART_OverSampling8Cmd                   0x08003add   Thumb Code    20  stm32f0xx_usart.o(.text)
    USART_OneBitMethodCmd                    0x08003af1   Thumb Code    20  stm32f0xx_usart.o(.text)
    USART_MSBFirstCmd                        0x08003b05   Thumb Code    20  stm32f0xx_usart.o(.text)
    USART_DataInvCmd                         0x08003b19   Thumb Code    20  stm32f0xx_usart.o(.text)
    USART_InvPinCmd                          0x08003b2d   Thumb Code    16  stm32f0xx_usart.o(.text)
    USART_SWAPPinCmd                         0x08003b3d   Thumb Code    20  stm32f0xx_usart.o(.text)
    USART_ReceiverTimeOutCmd                 0x08003b51   Thumb Code    20  stm32f0xx_usart.o(.text)
    USART_SetReceiverTimeOut                 0x08003b65   Thumb Code    16  stm32f0xx_usart.o(.text)
    USART_SetPrescaler                       0x08003b75   Thumb Code    16  stm32f0xx_usart.o(.text)
    USART_STOPModeCmd                        0x08003b85   Thumb Code    18  stm32f0xx_usart.o(.text)
    USART_StopModeWakeUpSourceConfig         0x08003b97   Thumb Code    18  stm32f0xx_usart.o(.text)
    USART_AutoBaudRateCmd                    0x08003ba9   Thumb Code    20  stm32f0xx_usart.o(.text)
    USART_AutoBaudRateConfig                 0x08003bbd   Thumb Code    18  stm32f0xx_usart.o(.text)
    USART_SendData                           0x08003bcf   Thumb Code     8  stm32f0xx_usart.o(.text)
    USART_ReceiveData                        0x08003bd7   Thumb Code     8  stm32f0xx_usart.o(.text)
    USART_SetAddress                         0x08003bdf   Thumb Code    18  stm32f0xx_usart.o(.text)
    USART_MuteModeCmd                        0x08003bf1   Thumb Code    20  stm32f0xx_usart.o(.text)
    USART_MuteModeWakeUpConfig               0x08003c05   Thumb Code    18  stm32f0xx_usart.o(.text)
    USART_AddressDetectionConfig             0x08003c17   Thumb Code    16  stm32f0xx_usart.o(.text)
    USART_LINBreakDetectLengthConfig         0x08003c27   Thumb Code    16  stm32f0xx_usart.o(.text)
    USART_LINCmd                             0x08003c37   Thumb Code    20  stm32f0xx_usart.o(.text)
    USART_HalfDuplexCmd                      0x08003c4b   Thumb Code    18  stm32f0xx_usart.o(.text)
    USART_SetGuardTime                       0x08003c5d   Thumb Code    16  stm32f0xx_usart.o(.text)
    USART_SmartCardCmd                       0x08003c6d   Thumb Code    18  stm32f0xx_usart.o(.text)
    USART_SmartCardNACKCmd                   0x08003c7f   Thumb Code    18  stm32f0xx_usart.o(.text)
    USART_SetAutoRetryCount                  0x08003c91   Thumb Code    20  stm32f0xx_usart.o(.text)
    USART_SetBlockLength                     0x08003ca5   Thumb Code    18  stm32f0xx_usart.o(.text)
    USART_IrDAConfig                         0x08003cb7   Thumb Code    16  stm32f0xx_usart.o(.text)
    USART_IrDACmd                            0x08003cc7   Thumb Code    18  stm32f0xx_usart.o(.text)
    USART_DECmd                              0x08003cd9   Thumb Code    20  stm32f0xx_usart.o(.text)
    USART_DEPolarityConfig                   0x08003ced   Thumb Code    18  stm32f0xx_usart.o(.text)
    USART_SetDEAssertionTime                 0x08003cff   Thumb Code    20  stm32f0xx_usart.o(.text)
    USART_SetDEDeassertionTime               0x08003d13   Thumb Code    20  stm32f0xx_usart.o(.text)
    USART_DMACmd                             0x08003d27   Thumb Code    16  stm32f0xx_usart.o(.text)
    USART_DMAReceptionErrorConfig            0x08003d37   Thumb Code    18  stm32f0xx_usart.o(.text)
    USART_ITConfig                           0x08003d49   Thumb Code    42  stm32f0xx_usart.o(.text)
    USART_RequestCmd                         0x08003d73   Thumb Code    16  stm32f0xx_usart.o(.text)
    USART_OverrunDetectionConfig             0x08003d83   Thumb Code    18  stm32f0xx_usart.o(.text)
    USART_GetFlagStatus                      0x08003d95   Thumb Code    32  stm32f0xx_usart.o(.text)
    USART_ClearFlag                          0x08003db5   Thumb Code     4  stm32f0xx_usart.o(.text)
    USART_GetITStatus                        0x08003db9   Thumb Code    56  stm32f0xx_usart.o(.text)
    USART_ClearITPendingBit                  0x08003df1   Thumb Code    10  stm32f0xx_usart.o(.text)
    EXTI_DeInit                              0x08003dfd   Thumb Code    20  stm32f0xx_exti.o(.text)
    EXTI_Init                                0x08003e11   Thumb Code   102  stm32f0xx_exti.o(.text)
    EXTI_StructInit                          0x08003e77   Thumb Code    14  stm32f0xx_exti.o(.text)
    EXTI_GenerateSWInterrupt                 0x08003e85   Thumb Code    10  stm32f0xx_exti.o(.text)
    EXTI_GetFlagStatus                       0x08003e8f   Thumb Code    16  stm32f0xx_exti.o(.text)
    EXTI_ClearFlag                           0x08003e9f   Thumb Code     6  stm32f0xx_exti.o(.text)
    EXTI_GetITStatus                         0x08003ea5   Thumb Code    16  stm32f0xx_exti.o(.text)
    EXTI_ClearITPendingBit                   0x08003eb5   Thumb Code     6  stm32f0xx_exti.o(.text)
    RTC_WaitForSynchro                       0x08003ec9   Thumb Code    74  stm32f0xx_rtc.o(.text)
    RTC_EnterInitMode                        0x08003f13   Thumb Code    56  stm32f0xx_rtc.o(.text)
    RTC_DeInit                               0x08003f4b   Thumb Code    72  stm32f0xx_rtc.o(.text)
    RTC_ExitInitMode                         0x08003f93   Thumb Code    12  stm32f0xx_rtc.o(.text)
    RTC_Init                                 0x08003f9f   Thumb Code    68  stm32f0xx_rtc.o(.text)
    RTC_StructInit                           0x08003fe3   Thumb Code    14  stm32f0xx_rtc.o(.text)
    RTC_WriteProtectionCmd                   0x08003ff1   Thumb Code    20  stm32f0xx_rtc.o(.text)
    RTC_RefClockCmd                          0x08004005   Thumb Code    54  stm32f0xx_rtc.o(.text)
    RTC_BypassShadowCmd                      0x0800403b   Thumb Code    34  stm32f0xx_rtc.o(.text)
    RTC_SetTime                              0x0800405d   Thumb Code   136  stm32f0xx_rtc.o(.text)
    RTC_TimeStructInit                       0x080040e5   Thumb Code    12  stm32f0xx_rtc.o(.text)
    RTC_GetTime                              0x080040f1   Thumb Code    72  stm32f0xx_rtc.o(.text)
    RTC_GetSubSecond                         0x08004139   Thumb Code     8  stm32f0xx_rtc.o(.text)
    RTC_SetDate                              0x08004141   Thumb Code   138  stm32f0xx_rtc.o(.text)
    RTC_DateStructInit                       0x080041cb   Thumb Code    14  stm32f0xx_rtc.o(.text)
    RTC_GetDate                              0x080041d9   Thumb Code    68  stm32f0xx_rtc.o(.text)
    RTC_SetAlarm                             0x0800421d   Thumb Code   130  stm32f0xx_rtc.o(.text)
    RTC_AlarmStructInit                      0x0800429f   Thumb Code    42  stm32f0xx_rtc.o(.text)
    RTC_GetAlarm                             0x080042c9   Thumb Code    90  stm32f0xx_rtc.o(.text)
    RTC_AlarmCmd                             0x08004323   Thumb Code    74  stm32f0xx_rtc.o(.text)
    RTC_AlarmSubSecondConfig                 0x0800436d   Thumb Code    26  stm32f0xx_rtc.o(.text)
    RTC_GetAlarmSubSecond                    0x08004387   Thumb Code    12  stm32f0xx_rtc.o(.text)
    RTC_DayLightSavingConfig                 0x08004393   Thumb Code    36  stm32f0xx_rtc.o(.text)
    RTC_GetStoreOperation                    0x080043b7   Thumb Code    12  stm32f0xx_rtc.o(.text)
    RTC_OutputConfig                         0x080043c3   Thumb Code    36  stm32f0xx_rtc.o(.text)
    RTC_CalibOutputCmd                       0x080043e7   Thumb Code    34  stm32f0xx_rtc.o(.text)
    RTC_CalibOutputConfig                    0x08004409   Thumb Code    32  stm32f0xx_rtc.o(.text)
    RTC_SmoothCalibConfig                    0x08004429   Thumb Code    60  stm32f0xx_rtc.o(.text)
    RTC_TimeStampCmd                         0x08004465   Thumb Code    36  stm32f0xx_rtc.o(.text)
    RTC_GetTimeStamp                         0x08004489   Thumb Code   126  stm32f0xx_rtc.o(.text)
    RTC_GetTimeStampSubSecond                0x08004507   Thumb Code     6  stm32f0xx_rtc.o(.text)
    RTC_TamperTriggerConfig                  0x0800450d   Thumb Code    22  stm32f0xx_rtc.o(.text)
    RTC_TamperCmd                            0x08004523   Thumb Code    20  stm32f0xx_rtc.o(.text)
    RTC_TamperFilterConfig                   0x08004537   Thumb Code    22  stm32f0xx_rtc.o(.text)
    RTC_TamperSamplingFreqConfig             0x0800454d   Thumb Code    22  stm32f0xx_rtc.o(.text)
    RTC_TamperPinsPrechargeDuration          0x08004563   Thumb Code    22  stm32f0xx_rtc.o(.text)
    RTC_TimeStampOnTamperDetectionCmd        0x08004579   Thumb Code    22  stm32f0xx_rtc.o(.text)
    RTC_TamperPullUpCmd                      0x0800458f   Thumb Code    22  stm32f0xx_rtc.o(.text)
    RTC_WriteBackupRegister                  0x080045a5   Thumb Code    16  stm32f0xx_rtc.o(.text)
    RTC_ReadBackupRegister                   0x080045b5   Thumb Code    16  stm32f0xx_rtc.o(.text)
    RTC_OutputTypeConfig                     0x080045c5   Thumb Code    22  stm32f0xx_rtc.o(.text)
    RTC_SynchroShiftConfig                   0x080045db   Thumb Code    72  stm32f0xx_rtc.o(.text)
    RTC_ITConfig                             0x08004623   Thumb Code    56  stm32f0xx_rtc.o(.text)
    RTC_GetFlagStatus                        0x0800465b   Thumb Code    20  stm32f0xx_rtc.o(.text)
    RTC_ClearFlag                            0x0800466f   Thumb Code    22  stm32f0xx_rtc.o(.text)
    RTC_GetITStatus                          0x08004685   Thumb Code    76  stm32f0xx_rtc.o(.text)
    RTC_ClearITPendingBit                    0x080046d1   Thumb Code    22  stm32f0xx_rtc.o(.text)
    NVIC_Init                                0x08004715   Thumb Code    70  stm32f0xx_misc.o(.text)
    NVIC_SystemLPConfig                      0x0800475b   Thumb Code    18  stm32f0xx_misc.o(.text)
    SysTick_CLKSourceConfig                  0x0800476d   Thumb Code    20  stm32f0xx_misc.o(.text)
    PWR_DeInit                               0x08004791   Thumb Code    22  stm32f0xx_pwr.o(.text)
    PWR_BackupAccessCmd                      0x080047a7   Thumb Code    20  stm32f0xx_pwr.o(.text)
    PWR_PVDLevelConfig                       0x080047bb   Thumb Code    14  stm32f0xx_pwr.o(.text)
    PWR_PVDCmd                               0x080047c9   Thumb Code    20  stm32f0xx_pwr.o(.text)
    PWR_WakeUpPinCmd                         0x080047dd   Thumb Code    18  stm32f0xx_pwr.o(.text)
    PWR_EnterSleepMode                       0x080047ef   Thumb Code    22  stm32f0xx_pwr.o(.text)
    PWR_EnterSTOPMode                        0x08004805   Thumb Code    40  stm32f0xx_pwr.o(.text)
    PWR_EnterSTANDBYMode                     0x0800482d   Thumb Code    30  stm32f0xx_pwr.o(.text)
    PWR_GetFlagStatus                        0x0800484b   Thumb Code    16  stm32f0xx_pwr.o(.text)
    PWR_ClearFlag                            0x0800485b   Thumb Code    12  stm32f0xx_pwr.o(.text)
    SYSCFG_DeInit                            0x08004871   Thumb Code    30  stm32f0xx_syscfg.o(.text)
    SYSCFG_MemoryRemapConfig                 0x0800488f   Thumb Code    14  stm32f0xx_syscfg.o(.text)
    SYSCFG_DMAChannelRemapConfig             0x0800489d   Thumb Code    18  stm32f0xx_syscfg.o(.text)
    SYSCFG_I2CFastModePlusConfig             0x080048af   Thumb Code    18  stm32f0xx_syscfg.o(.text)
    SYSCFG_EXTILineConfig                    0x080048c1   Thumb Code    34  stm32f0xx_syscfg.o(.text)
    SYSCFG_BreakConfig                       0x080048e3   Thumb Code    10  stm32f0xx_syscfg.o(.text)
    SYSCFG_GetFlagStatus                     0x080048ed   Thumb Code    14  stm32f0xx_syscfg.o(.text)
    SYSCFG_ClearFlag                         0x080048fb   Thumb Code    10  stm32f0xx_syscfg.o(.text)
    DMA_DeInit                               0x08004909   Thumb Code   100  stm32f0xx_dma.o(.text)
    DMA_Init                                 0x0800496d   Thumb Code    56  stm32f0xx_dma.o(.text)
    DMA_StructInit                           0x080049a5   Thumb Code    26  stm32f0xx_dma.o(.text)
    DMA_Cmd                                  0x080049bf   Thumb Code    20  stm32f0xx_dma.o(.text)
    DMA_SetCurrDataCounter                   0x080049d3   Thumb Code     4  stm32f0xx_dma.o(.text)
    DMA_GetCurrDataCounter                   0x080049d7   Thumb Code     6  stm32f0xx_dma.o(.text)
    DMA_ITConfig                             0x080049dd   Thumb Code    16  stm32f0xx_dma.o(.text)
    DMA_GetFlagStatus                        0x080049ed   Thumb Code    18  stm32f0xx_dma.o(.text)
    DMA_ClearFlag                            0x080049ff   Thumb Code     8  stm32f0xx_dma.o(.text)
    DMA_GetITStatus                          0x08004a07   Thumb Code    18  stm32f0xx_dma.o(.text)
    DMA_ClearITPendingBit                    0x08004a19   Thumb Code     8  stm32f0xx_dma.o(.text)
    Init_1621                                0x08004aa5   Thumb Code    92  ht1621_driver.o(.text)
    Update_Display                           0x08004b01   Thumb Code    78  ht1621_driver.o(.text)
    Displaybuf_All_off                       0x08004b4f   Thumb Code    18  ht1621_driver.o(.text)
    Displaybuf_All_on                        0x08004b61   Thumb Code    18  ht1621_driver.o(.text)
    Display_Boot_Info                        0x08004b73   Thumb Code    50  ht1621_driver.o(.text)
    Display_Model_Info                       0x08004ba5   Thumb Code    76  ht1621_driver.o(.text)
    update_area1_buf                         0x08004bf1   Thumb Code   136  ht1621_driver.o(.text)
    Display_weight_Data                      0x08004c79   Thumb Code   206  ht1621_driver.o(.text)
    Display_weight_Data_Special              0x08004d47   Thumb Code   128  ht1621_driver.o(.text)
    Display_Prehot_time                      0x08004dc7   Thumb Code   186  ht1621_driver.o(.text)
    Display_Inner_code                       0x08004e81   Thumb Code    54  ht1621_driver.o(.text)
    Display_density_mode                     0x08004eb7   Thumb Code    64  ht1621_driver.o(.text)
    Display_animal_time                      0x08004ef7   Thumb Code    80  ht1621_driver.o(.text)
    Display_density_step                     0x08004f47   Thumb Code    86  ht1621_driver.o(.text)
    Display_normal_main                      0x08004f9d   Thumb Code   912  ht1621_driver.o(.text)
    Display_CALL_Pro                         0x0800532d   Thumb Code   106  ht1621_driver.o(.text)
    Display_CAL_Pro                          0x08005397   Thumb Code   250  ht1621_driver.o(.text)
    Display_CAL_INNER_Pro                    0x08005491   Thumb Code    76  ht1621_driver.o(.text)
    Display_REC_Pro                          0x080054dd   Thumb Code   236  ht1621_driver.o(.text)
    Display_CFG_Pro                          0x080055c9   Thumb Code   228  ht1621_driver.o(.text)
    Ht1621_Display_area1                     0x080056ad   Thumb Code   216  ht1621_driver.o(.text)
    Ht1621_Display_area2                     0x08005785   Thumb Code   232  ht1621_driver.o(.text)
    Display_weight_unit                      0x0800586d   Thumb Code    40  ht1621_driver.o(.text)
    Ht1621_Display_area3                     0x08005895   Thumb Code   556  ht1621_driver.o(.text)
    Display_F_CFG_Pro                        0x08005ac1   Thumb Code   394  ht1621_driver.o(.text)
    Display_F_CFG2_Pro                       0x08005c4b   Thumb Code    52  ht1621_driver.o(.text)
    Display_inner_cal_sub                    0x08005c7f   Thumb Code    74  ht1621_driver.o(.text)
    Ht1621_F_Display_area1                   0x08005cc9   Thumb Code    54  ht1621_driver.o(.text)
    Ht1621_F_Display_area3                   0x08005cff   Thumb Code   172  ht1621_driver.o(.text)
    Key_Init                                 0x08005de9   Thumb Code    68  key.o(.text)
    Key_Sound_Pro                            0x08005e2d   Thumb Code    28  key.o(.text)
    Get_Key_Code                             0x08005e49   Thumb Code     6  key.o(.text)
    Key_Scan                                 0x08005e4f   Thumb Code   226  key.o(.text)
    Key_Null_Pro                             0x08005f31   Thumb Code    10  key.o(.text)
    Key_ON_OFF_Pro                           0x08005f3b   Thumb Code    58  key.o(.text)
    Key_Zero_Pro                             0x08005f75   Thumb Code   164  key.o(.text)
    Key_Print_Pro                            0x08006019   Thumb Code   116  key.o(.text)
    Key_Config_Pro                           0x0800608d   Thumb Code    24  key.o(.text)
    Key_Save_Up_Pro                          0x080060a5   Thumb Code    48  key.o(.text)
    Key_Rec_Down_Pro                         0x080060d5   Thumb Code   244  key.o(.text)
    Key_LONG_Cal_Confirm_Pro                 0x080061c9   Thumb Code     2  key.o(.text)
    Key_Cal_Confirm_Pro                      0x080061cb   Thumb Code   502  key.o(.text)
    Key_Tare_Ret_Pro                         0x080063c1   Thumb Code   100  key.o(.text)
    Key_Group1_Pro                           0x08006425   Thumb Code    32  key.o(.text)
    Key_Pro                                  0x08006445   Thumb Code   126  key.o(.text)
    Get_F_tmp                                0x080064c3   Thumb Code     6  key.o(.text)
    Key_F_ON_OFF_Pro                         0x080064c9   Thumb Code    28  key.o(.text)
    Key_F_Config_Pro                         0x080064e5   Thumb Code    66  key.o(.text)
    Key_F_Tare_Ret_Pro                       0x08006527   Thumb Code    38  key.o(.text)
    Key_F_Zero_Pro                           0x0800654d   Thumb Code   138  key.o(.text)
    Key_F_Print_Pro                          0x080065d7   Thumb Code    54  key.o(.text)
    Key_F_Up_Pro                             0x0800660d   Thumb Code   362  key.o(.text)
    Key_F_Down_Pro                           0x08006777   Thumb Code   294  key.o(.text)
    Key_F_Confirm_Pro                        0x0800689d   Thumb Code   358  key.o(.text)
    Key_F_Pro                                0x08006a03   Thumb Code    84  key.o(.text)
    EPM7064_PIN_Init                         0x08006ad9   Thumb Code   178  epm7064s.o(.text)
    Read_EPM7064_Low                         0x08006b8b   Thumb Code    42  epm7064s.o(.text)
    Read_EPM7064_High                        0x08006bb5   Thumb Code    44  epm7064s.o(.text)
    EXTI0_1_IRQHandler                       0x08006c51   Thumb Code    62  epm7064s.o(.text)
    Get_Raw                                  0x08006c8f   Thumb Code     6  epm7064s.o(.text)
    SET_I2C_OUTPUT                           0x08006ca9   Thumb Code    38  i2c.o(.text)
    SET_I2C_INPUT                            0x08006ccf   Thumb Code    36  i2c.o(.text)
    I2c_Init                                 0x08006d83   Thumb Code    56  i2c.o(.text)
    Read_EEPROM                              0x08006e45   Thumb Code   114  i2c.o(.text)
    Write_EEPROM                             0x08006eb7   Thumb Code   194  i2c.o(.text)
    RTC_IRQHandler                           0x08007011   Thumb Code    30  rtc.o(.text)
    RTC_INT_Config                           0x0800702f   Thumb Code    52  rtc.o(.text)
    Set_RTC_Date                             0x08007063   Thumb Code    28  rtc.o(.text)
    RTC_TimeRegulate                         0x0800707f   Thumb Code    94  rtc.o(.text)
    Set_RTC_Time                             0x080070dd   Thumb Code    24  rtc.o(.text)
    RTC_Config                               0x080070f5   Thumb Code    80  rtc.o(.text)
    Reset_Handler                            0x08007149   Thumb Code    38  startup_stm32f030.o(.text)
    NMI_Handler                              0x0800716f   Thumb Code     2  startup_stm32f030.o(.text)
    HardFault_Handler                        0x08007171   Thumb Code     2  startup_stm32f030.o(.text)
    SVC_Handler                              0x08007173   Thumb Code     2  startup_stm32f030.o(.text)
    PendSV_Handler                           0x08007175   Thumb Code     2  startup_stm32f030.o(.text)
    SysTick_Handler                          0x08007177   Thumb Code     2  startup_stm32f030.o(.text)
    ADC1_IRQHandler                          0x08007179   Thumb Code     0  startup_stm32f030.o(.text)
    DMA1_Channel1_IRQHandler                 0x08007179   Thumb Code     0  startup_stm32f030.o(.text)
    DMA1_Channel2_3_IRQHandler               0x08007179   Thumb Code     0  startup_stm32f030.o(.text)
    DMA1_Channel4_5_IRQHandler               0x08007179   Thumb Code     0  startup_stm32f030.o(.text)
    EXTI2_3_IRQHandler                       0x08007179   Thumb Code     0  startup_stm32f030.o(.text)
    EXTI4_15_IRQHandler                      0x08007179   Thumb Code     0  startup_stm32f030.o(.text)
    FLASH_IRQHandler                         0x08007179   Thumb Code     0  startup_stm32f030.o(.text)
    I2C1_IRQHandler                          0x08007179   Thumb Code     0  startup_stm32f030.o(.text)
    I2C2_IRQHandler                          0x08007179   Thumb Code     0  startup_stm32f030.o(.text)
    RCC_IRQHandler                           0x08007179   Thumb Code     0  startup_stm32f030.o(.text)
    SPI1_IRQHandler                          0x08007179   Thumb Code     0  startup_stm32f030.o(.text)
    SPI2_IRQHandler                          0x08007179   Thumb Code     0  startup_stm32f030.o(.text)
    TIM14_IRQHandler                         0x08007179   Thumb Code     0  startup_stm32f030.o(.text)
    TIM15_IRQHandler                         0x08007179   Thumb Code     0  startup_stm32f030.o(.text)
    TIM16_IRQHandler                         0x08007179   Thumb Code     0  startup_stm32f030.o(.text)
    TIM17_IRQHandler                         0x08007179   Thumb Code     0  startup_stm32f030.o(.text)
    TIM1_BRK_UP_TRG_COM_IRQHandler           0x08007179   Thumb Code     0  startup_stm32f030.o(.text)
    TIM1_CC_IRQHandler                       0x08007179   Thumb Code     0  startup_stm32f030.o(.text)
    USART1_IRQHandler                        0x08007179   Thumb Code     0  startup_stm32f030.o(.text)
    USART2_IRQHandler                        0x08007179   Thumb Code     0  startup_stm32f030.o(.text)
    WWDG_IRQHandler                          0x08007179   Thumb Code     0  startup_stm32f030.o(.text)
    __user_initial_stackheap                 0x0800717d   Thumb Code     0  startup_stm32f030.o(.text)
    SystemInit                               0x080071bd   Thumb Code    84  system_stm32f0xx.o(.text)
    SystemCoreClockUpdate                    0x08007211   Thumb Code    90  system_stm32f0xx.o(.text)
    __2sprintf                               0x08007315   Thumb Code    36  noretval__2sprintf.o(.text)
    _printf_pre_padding                      0x0800733d   Thumb Code    44  _printf_pad.o(.text)
    _printf_post_padding                     0x08007369   Thumb Code    34  _printf_pad.o(.text)
    _printf_int_dec                          0x0800738d   Thumb Code    90  _printf_dec.o(.text)
    __printf                                 0x080073f9   Thumb Code   306  __printf_flags_wp.o(.text)
    abs                                      0x08007531   Thumb Code     8  abs.o(.text)
    memcmp                                   0x08007539   Thumb Code    90  memcmp.o(.text)
    __aeabi_uidiv                            0x08007593   Thumb Code     0  aeabi_sdiv.o(.text)
    __aeabi_uidivmod                         0x08007593   Thumb Code    20  aeabi_sdiv.o(.text)
    __aeabi_idiv                             0x080075a7   Thumb Code     0  aeabi_sdiv.o(.text)
    __aeabi_idivmod                          0x080075a7   Thumb Code   326  aeabi_sdiv.o(.text)
    __use_two_region_memory                  0x080076ed   Thumb Code     2  heapauxi.o(.text)
    __rt_heap_escrow$2region                 0x080076ef   Thumb Code     2  heapauxi.o(.text)
    __rt_heap_expand$2region                 0x080076f1   Thumb Code     2  heapauxi.o(.text)
    __aeabi_d2f                              0x080076f5   Thumb Code     0  d2f.o(.text)
    _d2f                                     0x080076f5   Thumb Code   120  d2f.o(.text)
    __aeabi_dadd                             0x08007a69   Thumb Code     0  daddsub.o(.text)
    _dadd                                    0x08007a69   Thumb Code    22  daddsub.o(.text)
    __aeabi_dsub                             0x08007a7f   Thumb Code     0  daddsub.o(.text)
    _dsub                                    0x08007a7f   Thumb Code    22  daddsub.o(.text)
    __aeabi_drsub                            0x08007a95   Thumb Code     0  daddsub.o(.text)
    _drsb                                    0x08007a95   Thumb Code    24  daddsub.o(.text)
    __aeabi_ddiv                             0x08007ac1   Thumb Code     0  ddiv.o(.text)
    _ddiv                                    0x08007ac1   Thumb Code  1072  ddiv.o(.text)
    _drdiv                                   0x08007ef1   Thumb Code    20  ddiv.o(.text)
    __aeabi_d2uiz                            0x08007f09   Thumb Code     0  dfixui.o(.text)
    _dfixu                                   0x08007f09   Thumb Code    64  dfixui.o(.text)
    __aeabi_i2d_normalise                    0x08007f4d   Thumb Code    66  dflti.o(.text)
    __aeabi_i2d                              0x08007f8f   Thumb Code    16  dflti.o(.text)
    _dflt                                    0x08007f8f   Thumb Code     0  dflti.o(.text)
    __aeabi_ui2d                             0x08007f9f   Thumb Code     6  dflti.o(.text)
    _dfltu                                   0x08007f9f   Thumb Code     0  dflti.o(.text)
    __aeabi_dmul                             0x08007fa5   Thumb Code     0  dmul.o(.text)
    _dmul                                    0x08007fa5   Thumb Code   592  dmul.o(.text)
    __aeabi_f2d                              0x0800820d   Thumb Code     0  f2d.o(.text)
    _f2d                                     0x0800820d   Thumb Code    80  f2d.o(.text)
    __aeabi_fdiv                             0x08008261   Thumb Code     0  fdiv.o(.text)
    _fdiv                                    0x08008261   Thumb Code   336  fdiv.o(.text)
    _frdiv                                   0x080083b1   Thumb Code     8  fdiv.o(.text)
    __aeabi_f2uiz                            0x080083c1   Thumb Code     0  ffixui.o(.text)
    _ffixu                                   0x080083c1   Thumb Code    48  ffixui.o(.text)
    __aeabi_i2f_normalise                    0x080083f1   Thumb Code    72  fflti.o(.text)
    __aeabi_i2f                              0x08008439   Thumb Code    16  fflti.o(.text)
    _fflt                                    0x08008439   Thumb Code     0  fflti.o(.text)
    __aeabi_ui2f                             0x08008449   Thumb Code     6  fflti.o(.text)
    _ffltu                                   0x08008449   Thumb Code     0  fflti.o(.text)
    __ARM_scalbnf                            0x08008451   Thumb Code    64  fscalbn.o(.text)
    _printf_int_common                       0x08008495   Thumb Code   176  _printf_intcommon.o(.text)
    __lib_sel_fp_printf                      0x08008545   Thumb Code     2  _printf_fp_dec.o(.text)
    _printf_fp_dec_real                      0x080086df   Thumb Code   620  _printf_fp_dec.o(.text)
    _printf_char_common                      0x08008963   Thumb Code    32  _printf_char_common.o(.text)
    _sputc                                   0x08008989   Thumb Code    10  _sputc.o(.text)
    __rt_udiv10                              0x08008993   Thumb Code    40  rtudiv10.o(.text)
    __fpl_fcmp_InfNaN                        0x080089bd   Thumb Code    96  fcmpin.o(.text)
    __rt_locale                              0x08008a21   Thumb Code     8  rt_locale_intlibspace.o(.text)
    _ll_udiv10                               0x08008a29   Thumb Code   122  lludiv10.o(.text)
    _printf_fp_infnan                        0x08008aa5   Thumb Code   120  _printf_fp_infnan.o(.text)
    _btod_etento                             0x08008b2d   Thumb Code   196  bigflt0.o(.text)
    _btod_d2e                                0x08008bf5   Thumb Code    64  btod.o(.text)
    _btod_emul                               0x08008feb   Thumb Code    24  btod.o(.text)
    _btod_emuld                              0x08009003   Thumb Code    60  btod.o(.text)
    _btod_ediv                               0x0800903f   Thumb Code    22  btod.o(.text)
    _btod_edivd                              0x08009055   Thumb Code    60  btod.o(.text)
    __fpl_cmpreturn                          0x0800909d   Thumb Code    44  cmpret.o(.text)
    __fpl_fcheck_NaN2                        0x080090cd   Thumb Code    10  fnan2.o(.text)
    __user_libspace                          0x080090dd   Thumb Code     8  libspace.o(.text)
    __user_perproc_libspace                  0x080090dd   Thumb Code     0  libspace.o(.text)
    __user_perthread_libspace                0x080090dd   Thumb Code     0  libspace.o(.text)
    __user_setup_stackheap                   0x080090e5   Thumb Code    62  sys_stackheap_outer.o(.text)
    exit                                     0x08009123   Thumb Code    12  exit.o(.text)
    strcmp                                   0x08009131   Thumb Code   132  strcmp.o(.text)
    __fpl_return_NaN                         0x080091b9   Thumb Code    94  retnan.o(.text)
    _sys_exit                                0x08009219   Thumb Code     8  sys_exit.o(.text)
    __I$use$semihosting                      0x08009225   Thumb Code     0  use_no_semi.o(.text)
    __use_no_semihosting_swi                 0x08009225   Thumb Code     2  use_no_semi.o(.text)
    __decompress                             0x08009227   Thumb Code     0  __dczerorl2.o(.text)
    __decompress1                            0x08009227   Thumb Code    86  __dczerorl2.o(.text)
    __semihosting_library_function           0x08009227   Thumb Code     0  indicate_semi.o(.text)
    __ARM_common_ll_muluu                    0x0800927d   Thumb Code    48  btod.o(i.__ARM_common_ll_muluu)
    __ARM_common_switch8                     0x080092ad   Thumb Code    26  global.o(i.__ARM_common_switch8)
    __ARM_fpclassify                         0x080092c9   Thumb Code    40  fpclassify.o(i.__ARM_fpclassify)
    _is_digit                                0x080092f5   Thumb Code    14  __printf_wp.o(i._is_digit)
    _get_lc_numeric                          0x08009305   Thumb Code    44  lc_numeric_c.o(locale$$code)
    __aeabi_fadd                             0x08009331   Thumb Code     0  faddsub.o(x$fpl$fadd)
    _fadd                                    0x08009331   Thumb Code   134  faddsub.o(x$fpl$fadd)
    __aeabi_cfcmple                          0x080093bd   Thumb Code     0  flef.o(x$fpl$fleqf)
    _fcmple                                  0x080093bd   Thumb Code    78  flef.o(x$fpl$fleqf)
    __aeabi_fmul                             0x08009411   Thumb Code     0  fmul.o(x$fpl$fmul)
    _fmul                                    0x08009411   Thumb Code   172  fmul.o(x$fpl$fmul)
    __aeabi_cfrcmple                         0x080094c1   Thumb Code     0  frlef.o(x$fpl$frleqf)
    _frcmple                                 0x080094c1   Thumb Code    84  frlef.o(x$fpl$frleqf)
    __aeabi_fsub                             0x08009519   Thumb Code     0  faddsub.o(x$fpl$fsub)
    _fsub                                    0x08009519   Thumb Code   204  faddsub.o(x$fpl$fsub)
    _printf_fp_dec                           0x080095e9   Thumb Code    16  printf1.o(x$fpl$printf1)
    __I$use$fp                               0x080095f8   Number         0  usenofp.o(x$fpl$usenofp)
    machine_alarm                            0x080095f8   Data          12  global.o(.constdata)
    machine_division                         0x08009604   Data          12  global.o(.constdata)
    machine_4s5r                             0x08009610   Data          12  global.o(.constdata)
    machine_display_min                      0x0800961c   Data          12  global.o(.constdata)
    DENSITY_STAND_SOLID                      0x08009628   Data          36  global.o(.constdata)
    DENSITY_STAND_LIQUID                     0x0800964c   Data          36  global.o(.constdata)
    machine_speed                            0x08009670   Data          48  main.o(.constdata)
    ntc_table                                0x080096a0   Data          96  filter.o(.constdata)
    ntc_start                                0x08009700   Data          23  filter.o(.constdata)
    display_FULL_OVER                        0x08009717   Data           7  ht1621_driver.o(.constdata)
    display_CAL_INFO1                        0x0800971e   Data           7  ht1621_driver.o(.constdata)
    display_CAL_INFO2                        0x08009725   Data           7  ht1621_driver.o(.constdata)
    display_CAL_INFO3                        0x0800972c   Data           7  ht1621_driver.o(.constdata)
    display_CALL_INFO                        0x08009733   Data           7  ht1621_driver.o(.constdata)
    display_CFG_INFO                         0x0800973a   Data           7  ht1621_driver.o(.constdata)
    display_F_CFG_INFO                       0x08009741   Data           7  ht1621_driver.o(.constdata)
    display_F_CFG2_INFO                      0x08009748   Data           7  ht1621_driver.o(.constdata)
    display_BOOT_INFO                        0x0800974f   Data           7  ht1621_driver.o(.constdata)
    display_MODEL_INFO                       0x08009756   Data           7  ht1621_driver.o(.constdata)
    display_PCS_INFO                         0x0800975d   Data           7  ht1621_driver.o(.constdata)
    display_DENSITY_STEP1                    0x08009764   Data           7  ht1621_driver.o(.constdata)
    display_DENSITY_STEP2                    0x0800976b   Data           7  ht1621_driver.o(.constdata)
    display_ANIMAL_TIME                      0x08009772   Data           7  ht1621_driver.o(.constdata)
    display_REC_ERROR                        0x08009779   Data           7  ht1621_driver.o(.constdata)
    display_code                             0x08009780   Data          26  ht1621_driver.o(.constdata)
    display_code1                            0x0800979a   Data          13  ht1621_driver.o(.constdata)
    display_DEN_MODE                         0x080097a7   Data          28  ht1621_driver.o(.constdata)
    display_step                             0x080097c3   Data           9  ht1621_driver.o(.constdata)
    ANIMAL_TIME                              0x080097cc   Data           6  key.o(.constdata)
    SAMPLE_COUNT                             0x080097d2   Data           7  key.o(.constdata)
    F_Mode_MAX                               0x080097d9   Data          11  key.o(.constdata)
    Region$$Table$$Base                      0x0800994c   Number         0  anon$$obj.o(Region$$Table)
    Region$$Table$$Limit                     0x0800996c   Number         0  anon$$obj.o(Region$$Table)
    full_flag                                0x20000000   Data           1  global.o(.data)
    flag_LOGO                                0x20000001   Data           1  global.o(.data)
    flag_language                            0x20000002   Data           1  global.o(.data)
    repetion_func                            0x20000003   Data           1  global.o(.data)
    int_func                                 0x20000004   Data           1  global.o(.data)
    line_cal_en                              0x20000005   Data           1  global.o(.data)
    lock_func_en                             0x20000006   Data           1  global.o(.data)
    disdiv_para                              0x20000007   Data           1  global.o(.data)
    sleepmode                                0x20000008   Data           1  global.o(.data)
    current_mode                             0x20000009   Data           1  global.o(.data)
    current_unit                             0x2000000a   Data           1  global.o(.data)
    del_last_one                             0x2000000b   Data           1  global.o(.data)
    stable_flag                              0x2000000c   Data           1  global.o(.data)
    power_on_flag                            0x2000000d   Data           1  global.o(.data)
    power_on_clr_cnt                         0x2000000e   Data           1  global.o(.data)
    do_zer0_flag                             0x2000000f   Data           1  global.o(.data)
    do_tare_flag                             0x20000010   Data           1  global.o(.data)
    do_sam100_flag                           0x20000011   Data           1  global.o(.data)
    positive_flag                            0x20000012   Data           1  global.o(.data)
    point10_cal_start                        0x20000013   Data           1  global.o(.data)
    point10_cal_step                         0x20000014   Data           1  global.o(.data)
    point10_cal_ok                           0x20000015   Data           1  global.o(.data)
    point2_cal_start                         0x20000016   Data           1  global.o(.data)
    point2_cal_step                          0x20000017   Data           1  global.o(.data)
    point2_cal_ok                            0x20000018   Data           1  global.o(.data)
    inner_code_step                          0x20000019   Data           1  global.o(.data)
    auto_zer0_valid                          0x2000001a   Data           1  global.o(.data)
    density_mode_index                       0x2000001b   Data           1  global.o(.data)
    solid_sel_index                          0x2000001c   Data           1  global.o(.data)
    liquid_sel_index                         0x2000001d   Data           1  global.o(.data)
    temp_cmp_flag                            0x2000001e   Data           1  global.o(.data)
    temp_error_flag                          0x2000001f   Data           1  global.o(.data)
    temp_unit                                0x20000020   Data           1  global.o(.data)
    rec_total_num                            0x20000021   Data           1  global.o(.data)
    rec_index                                0x20000022   Data           1  global.o(.data)
    display_flag_mp                          0x20000023   Data           1  global.o(.data)
    dot_position                             0x20000024   Data           1  global.o(.data)
    motor_err_flag                           0x20000025   Data           1  global.o(.data)
    Uart_Printer_Flag                        0x20000026   Data           1  global.o(.data)
    uart_format_type                         0x20000027   Data           1  global.o(.data)
    selemode                                 0x20000028   Data           1  global.o(.data)
    no_key_time                              0x2000002a   Data           2  global.o(.data)
    line_cal_para                            0x2000002c   Data           2  global.o(.data)
    user_cal_para                            0x2000002e   Data           2  global.o(.data)
    inner_real_g                             0x2000003c   Data           4  global.o(.data)
    clr_data                                 0x20000040   Data           4  global.o(.data)
    zer0_data                                0x20000044   Data           4  global.o(.data)
    full_code                                0x20000048   Data           4  global.o(.data)
    new_data                                 0x2000004c   Data           4  global.o(.data)
    new_data_big                             0x20000050   Data           4  global.o(.data)
    tare_data                                0x20000054   Data           4  global.o(.data)
    percent_10_data                          0x20000058   Data           4  global.o(.data)
    offset_polar                             0x2000005c   Data           4  global.o(.data)
    offset_50g                               0x20000060   Data           4  global.o(.data)
    offset_100g                              0x20000064   Data           4  global.o(.data)
    offset_150g                              0x20000068   Data           4  global.o(.data)
    expected_100g                            0x2000006c   Data           4  global.o(.data)
    expected_50g                             0x20000070   Data           4  global.o(.data)
    expected_25g                             0x20000074   Data           4  global.o(.data)
    weigh_coef1                              0x20000078   Data           4  global.o(.data)
    tare_weight                              0x2000007c   Data           4  global.o(.data)
    gross_weight                             0x20000080   Data           4  global.o(.data)
    net_weight                               0x20000084   Data           4  global.o(.data)
    weight_per_pcs                           0x20000088   Data           4  global.o(.data)
    pcs_number                               0x2000008c   Data           4  global.o(.data)
    weight_compare_100                       0x20000090   Data           4  global.o(.data)
    number_100                               0x20000094   Data           4  global.o(.data)
    density_data                             0x20000098   Data           4  global.o(.data)
    temp_float                               0x2000009c   Data           4  global.o(.data)
    temp_cmp_point                           0x200000a0   Data           4  global.o(.data)
    model_id                                 0x200000a4   Data           4  global.o(.data)
    system_division                          0x200000a8   Data           4  global.o(.data)
    inner_code_min                           0x200000ac   Data           4  global.o(.data)
    inner_code_max                           0x200000b0   Data           4  global.o(.data)
    additional_num                           0x200000b4   Data           4  global.o(.data)
    display_min_value                        0x200000b8   Data           4  global.o(.data)
    full_range                               0x200000bc   Data           4  global.o(.data)
    weight_alarm                             0x200000c0   Data           4  global.o(.data)
    motor_run_time                           0x200000c4   Data           4  global.o(.data)
    Speaker_Time                             0x200000d0   Data           1  global.o(.data)
    asd_para                                 0x200000d1   Data           1  global.o(.data)
    prehot_time                              0x200000d2   Data           2  global.o(.data)
    done_ok_flag                             0x200000d4   Data           1  global.o(.data)
    current_menu                             0x200000d5   Data           1  global.o(.data)
    current_mode_bak                         0x200000d6   Data           1  global.o(.data)
    flag_new_data                            0x200000d7   Data           1  global.o(.data)
    sample_pcs_enter                         0x200000d8   Data           1  global.o(.data)
    sample_pcs_index                         0x200000d9   Data           1  global.o(.data)
    sample_pcs_ok                            0x200000da   Data           1  global.o(.data)
    compare_100_flag                         0x200000db   Data           1  global.o(.data)
    check_valid                              0x200000dc   Data           1  global.o(.data)
    check_flag                               0x200000dd   Data           1  global.o(.data)
    sample_limit_step                        0x200000de   Data           1  global.o(.data)
    limit1_weight                            0x200000e0   Data           4  global.o(.data)
    limit2_weight                            0x200000e4   Data           4  global.o(.data)
    animal_data                              0x200000e8   Data           4  global.o(.data)
    animal_time_index                        0x200000ec   Data           1  global.o(.data)
    animal_run_time                          0x200000ed   Data           1  global.o(.data)
    animal_start                             0x200000ee   Data           1  global.o(.data)
    density_step                             0x200000ef   Data           1  global.o(.data)
    REC_flag                                 0x200000f0   Data           1  global.o(.data)
    REC_current_mode                         0x200000f1   Data           1  global.o(.data)
    REC_current_unit                         0x200000f2   Data           1  global.o(.data)
    disp_rec_index                           0x200000f3   Data           1  global.o(.data)
    adc_times                                0x200000f4   Data           2  global.o(.data)
    factory_inner_cal_full                   0x200000f8   Data           4  global.o(.data)
    user_inner_cal_full                      0x200000fc   Data           4  global.o(.data)
    motor_pos_flag                           0x20000100   Data           1  global.o(.data)
    Factory_Inncal_step                      0x20000101   Data           1  global.o(.data)
    print_busy                               0x20000102   Data           1  global.o(.data)
    flag_5ms_ok                              0x20000108   Data           1  timer.o(.data)
    flag_10ms_ok                             0x20000109   Data           1  timer.o(.data)
    flag_100ms_ok                            0x2000010a   Data           1  timer.o(.data)
    flag_300ms_ok                            0x2000010b   Data           1  timer.o(.data)
    flag_1ms_ok                              0x2000010c   Data           1  timer.o(.data)
    flag_1ms_ok_for_delay                    0x2000010d   Data           1  timer.o(.data)
    flag_500ms_ok                            0x2000010e   Data           1  timer.o(.data)
    flag_1s_ok                               0x2000010f   Data           1  timer.o(.data)
    one_minute_timer                         0x20000114   Data           4  timer.o(.data)
    timer_5ms                                0x20000118   Data           4  timer.o(.data)
    timer_10ms                               0x2000011c   Data           4  timer.o(.data)
    timer_100ms                              0x20000120   Data           4  timer.o(.data)
    timer_300ms                              0x20000124   Data           4  timer.o(.data)
    timer_500ms                              0x20000128   Data           4  timer.o(.data)
    timer_1s                                 0x2000012c   Data           4  timer.o(.data)
    flag_auto_track_enable                   0x20000131   Data           1  filter.o(.data)
    auto_track_cnt                           0x20000132   Data           1  filter.o(.data)
    flag_load_track_enable                   0x20000133   Data           1  filter.o(.data)
    load_track_cnt                           0x20000134   Data           1  filter.o(.data)
    SystemCoreClock                          0x200001d0   Data           4  system_stm32f0xx.o(.data)
    AHBPrescTable                            0x200001d4   Data          16  system_stm32f0xx.o(.data)
    display_buffer                           0x200001e4   Data          14  global.o(.bss)
    Point10_Cal_Buf                          0x200001f4   Data          48  global.o(.bss)
    point10_k                                0x20000224   Data          44  global.o(.bss)
    __libspace_start                         0x200003e0   Data          96  libspace.o(.bss)
    __temporary_stack_top$libspace           0x20000440   Data           0  libspace.o(.bss)



==============================================================================

Memory Map of the image

  Image Entry point : 0x08007149

  Load Region LR_1 (Base: 0x08000000, Size: 0x00009b6c, Max: 0xffffffff, ABSOLUTE, COMPRESSED[0x000099a4])

    Execution Region ER_RO (Base: 0x08000000, Size: 0x00009988, Max: 0xffffffff, ABSOLUTE)

    Base Addr    Size         Type   Attr      Idx    E Section Name        Object

    0x08000000   0x000000b4   Data   RO          743    RESET               startup_stm32f030.o
    0x080000b4   0x00000008   Code   RO          819  * !!!main             c_p.l(__main.o)
    0x080000bc   0x0000003c   Code   RO         1072    !!!scatter          c_p.l(__scatter.o)
    0x080000f8   0x0000001c   Code   RO         1074    !!handler_zi        c_p.l(__scatter_zi.o)
    0x08000114   0x00000002   Code   RO          808    .ARM.Collect$$_printf_percent$$00000000  c_p.l(_printf_percent.o)
    0x08000116   0x0000000a   Code   RO          807    .ARM.Collect$$_printf_percent$$00000003  c_p.l(_printf_f.o)
    0x08000120   0x0000000a   Code   RO          806    .ARM.Collect$$_printf_percent$$00000009  c_p.l(_printf_d.o)
    0x0800012a   0x00000004   Code   RO          872    .ARM.Collect$$_printf_percent$$00000017  c_p.l(_printf_percent_end.o)
    0x0800012e   0x00000002   Code   RO          943    .ARM.Collect$$libinit$$00000000  c_p.l(libinit.o)
    0x08000130   0x00000004   Code   RO          944    .ARM.Collect$$libinit$$00000001  c_p.l(libinit2.o)
    0x08000134   0x00000000   Code   RO          948    .ARM.Collect$$libinit$$00000008  c_p.l(libinit2.o)
    0x08000134   0x00000000   Code   RO          950    .ARM.Collect$$libinit$$0000000A  c_p.l(libinit2.o)
    0x08000134   0x00000000   Code   RO          952    .ARM.Collect$$libinit$$0000000C  c_p.l(libinit2.o)
    0x08000134   0x00000006   Code   RO          953    .ARM.Collect$$libinit$$0000000D  c_p.l(libinit2.o)
    0x0800013a   0x00000000   Code   RO          955    .ARM.Collect$$libinit$$0000000F  c_p.l(libinit2.o)
    0x0800013a   0x00000000   Code   RO          957    .ARM.Collect$$libinit$$00000011  c_p.l(libinit2.o)
    0x0800013a   0x00000000   Code   RO          959    .ARM.Collect$$libinit$$00000013  c_p.l(libinit2.o)
    0x0800013a   0x0000000a   Code   RO          960    .ARM.Collect$$libinit$$00000014  c_p.l(libinit2.o)
    0x08000144   0x00000000   Code   RO          961    .ARM.Collect$$libinit$$00000015  c_p.l(libinit2.o)
    0x08000144   0x00000000   Code   RO          963    .ARM.Collect$$libinit$$00000017  c_p.l(libinit2.o)
    0x08000144   0x00000000   Code   RO          965    .ARM.Collect$$libinit$$00000019  c_p.l(libinit2.o)
    0x08000144   0x00000000   Code   RO          967    .ARM.Collect$$libinit$$0000001B  c_p.l(libinit2.o)
    0x08000144   0x00000000   Code   RO          969    .ARM.Collect$$libinit$$0000001D  c_p.l(libinit2.o)
    0x08000144   0x00000000   Code   RO          971    .ARM.Collect$$libinit$$0000001F  c_p.l(libinit2.o)
    0x08000144   0x00000000   Code   RO          973    .ARM.Collect$$libinit$$00000021  c_p.l(libinit2.o)
    0x08000144   0x00000000   Code   RO          975    .ARM.Collect$$libinit$$00000023  c_p.l(libinit2.o)
    0x08000144   0x00000000   Code   RO          979    .ARM.Collect$$libinit$$0000002A  c_p.l(libinit2.o)
    0x08000144   0x00000000   Code   RO          981    .ARM.Collect$$libinit$$0000002C  c_p.l(libinit2.o)
    0x08000144   0x00000000   Code   RO          983    .ARM.Collect$$libinit$$0000002E  c_p.l(libinit2.o)
    0x08000144   0x00000000   Code   RO          985    .ARM.Collect$$libinit$$00000030  c_p.l(libinit2.o)
    0x08000144   0x00000002   Code   RO          986    .ARM.Collect$$libinit$$00000031  c_p.l(libinit2.o)
    0x08000146   0x00000002   Code   RO         1036    .ARM.Collect$$libshutdown$$00000000  c_p.l(libshutdown.o)
    0x08000148   0x00000000   Code   RO         1055    .ARM.Collect$$libshutdown$$00000003  c_p.l(libshutdown2.o)
    0x08000148   0x00000000   Code   RO         1058    .ARM.Collect$$libshutdown$$00000006  c_p.l(libshutdown2.o)
    0x08000148   0x00000000   Code   RO         1061    .ARM.Collect$$libshutdown$$00000009  c_p.l(libshutdown2.o)
    0x08000148   0x00000000   Code   RO         1063    .ARM.Collect$$libshutdown$$0000000B  c_p.l(libshutdown2.o)
    0x08000148   0x00000000   Code   RO         1066    .ARM.Collect$$libshutdown$$0000000E  c_p.l(libshutdown2.o)
    0x08000148   0x00000002   Code   RO         1067    .ARM.Collect$$libshutdown$$0000000F  c_p.l(libshutdown2.o)
    0x0800014a   0x00000000   Code   RO          859    .ARM.Collect$$rtentry$$00000000  c_p.l(rtentry.o)
    0x0800014a   0x00000000   Code   RO          879    .ARM.Collect$$rtentry$$00000002  c_p.l(rtentry2.o)
    0x0800014a   0x00000006   Code   RO          891    .ARM.Collect$$rtentry$$00000004  c_p.l(rtentry4.o)
    0x08000150   0x00000000   Code   RO          881    .ARM.Collect$$rtentry$$00000009  c_p.l(rtentry2.o)
    0x08000150   0x00000004   Code   RO          882    .ARM.Collect$$rtentry$$0000000A  c_p.l(rtentry2.o)
    0x08000154   0x00000000   Code   RO          884    .ARM.Collect$$rtentry$$0000000C  c_p.l(rtentry2.o)
    0x08000154   0x00000008   Code   RO          885    .ARM.Collect$$rtentry$$0000000D  c_p.l(rtentry2.o)
    0x0800015c   0x00000002   Code   RO          990    .ARM.Collect$$rtexit$$00000000  c_p.l(rtexit.o)
    0x0800015e   0x00000000   Code   RO         1005    .ARM.Collect$$rtexit$$00000002  c_p.l(rtexit2.o)
    0x0800015e   0x00000004   Code   RO         1006    .ARM.Collect$$rtexit$$00000003  c_p.l(rtexit2.o)
    0x08000162   0x00000006   Code   RO         1007    .ARM.Collect$$rtexit$$00000004  c_p.l(rtexit2.o)
    0x08000168   0x00001514   Code   RO            3    .text               global.o
    0x0800167c   0x00000398   Code   RO          179    .text               main.o
    0x08001a14   0x00000190   Code   RO          223    .text               timer.o
    0x08001ba4   0x00000694   Code   RO          252    .text               uart.o
    0x08002238   0x000004fc   Code   RO          282    .text               filter.o
    0x08002734   0x000000ec   Code   RO          314    .text               ad_acquire.o
    0x08002820   0x000000e8   Code   RO          336    .text               led.o
    0x08002908   0x0000015c   Code   RO          356    .text               stm32f0xx_gpio.o
    0x08002a64   0x00000418   Code   RO          376    .text               stm32f0xx_rcc.o
    0x08002e7c   0x00000224   Code   RO          398    .text               stm32f0xx_adc.o
    0x080030a0   0x00000924   Code   RO          418    .text               stm32f0xx_tim.o
    0x080039c4   0x00000436   Code   RO          439    .text               stm32f0xx_usart.o
    0x08003dfa   0x00000002   PAD
    0x08003dfc   0x000000cc   Code   RO          459    .text               stm32f0xx_exti.o
    0x08003ec8   0x0000084c   Code   RO          499    .text               stm32f0xx_rtc.o
    0x08004714   0x0000007c   Code   RO          520    .text               stm32f0xx_misc.o
    0x08004790   0x000000e0   Code   RO          540    .text               stm32f0xx_pwr.o
    0x08004870   0x00000098   Code   RO          560    .text               stm32f0xx_syscfg.o
    0x08004908   0x00000124   Code   RO          580    .text               stm32f0xx_dma.o
    0x08004a2c   0x000013bc   Code   RO          600    .text               ht1621_driver.o
    0x08005de8   0x00000cf0   Code   RO          628    .text               key.o
    0x08006ad8   0x000001d0   Code   RO          656    .text               epm7064s.o
    0x08006ca8   0x00000368   Code   RO          679    .text               i2c.o
    0x08007010   0x00000138   Code   RO          723    .text               rtc.o
    0x08007148   0x00000074   Code   RO          744  * .text               startup_stm32f030.o
    0x080071bc   0x00000158   Code   RO          750    .text               system_stm32f0xx.o
    0x08007314   0x00000028   Code   RO          778    .text               c_p.l(noretval__2sprintf.o)
    0x0800733c   0x0000004e   Code   RO          782    .text               c_p.l(_printf_pad.o)
    0x0800738a   0x00000002   PAD
    0x0800738c   0x0000006c   Code   RO          784    .text               c_p.l(_printf_dec.o)
    0x080073f8   0x00000138   Code   RO          798    .text               c_p.l(__printf_flags_wp.o)
    0x08007530   0x00000008   Code   RO          809    .text               c_p.l(abs.o)
    0x08007538   0x0000005a   Code   RO          811    .text               c_p.l(memcmp.o)
    0x08007592   0x0000015a   Code   RO          813    .text               c_p.l(aeabi_sdiv.o)
    0x080076ec   0x00000006   Code   RO          817    .text               c_p.l(heapauxi.o)
    0x080076f2   0x00000002   PAD
    0x080076f4   0x0000007c   Code   RO          821    .text               fz_ps.l(d2f.o)
    0x08007770   0x00000350   Code   RO          823    .text               fz_ps.l(daddsub.o)
    0x08007ac0   0x00000448   Code   RO          825    .text               fz_ps.l(ddiv.o)
    0x08007f08   0x00000044   Code   RO          828    .text               fz_ps.l(dfixui.o)
    0x08007f4c   0x00000058   Code   RO          830    .text               fz_ps.l(dflti.o)
    0x08007fa4   0x00000268   Code   RO          832    .text               fz_ps.l(dmul.o)
    0x0800820c   0x00000054   Code   RO          834    .text               fz_ps.l(f2d.o)
    0x08008260   0x00000160   Code   RO          842    .text               fz_ps.l(fdiv.o)
    0x080083c0   0x00000030   Code   RO          845    .text               fz_ps.l(ffixui.o)
    0x080083f0   0x0000005e   Code   RO          847    .text               fz_ps.l(fflti.o)
    0x0800844e   0x00000002   PAD
    0x08008450   0x00000044   Code   RO          855    .text               fz_ps.l(fscalbn.o)
    0x08008494   0x000000b0   Code   RO          864    .text               c_p.l(_printf_intcommon.o)
    0x08008544   0x00000414   Code   RO          866    .text               c_p.l(_printf_fp_dec.o)
    0x08008958   0x00000030   Code   RO          868    .text               c_p.l(_printf_char_common.o)
    0x08008988   0x0000000a   Code   RO          870    .text               c_p.l(_sputc.o)
    0x08008992   0x00000028   Code   RO          873    .text               c_p.l(rtudiv10.o)
    0x080089ba   0x00000002   PAD
    0x080089bc   0x00000064   Code   RO          875    .text               fz_ps.l(fcmpin.o)
    0x08008a20   0x00000008   Code   RO          898    .text               c_p.l(rt_locale_intlibspace.o)
    0x08008a28   0x0000007a   Code   RO          900    .text               c_p.l(lludiv10.o)
    0x08008aa2   0x00000002   PAD
    0x08008aa4   0x00000088   Code   RO          902    .text               c_p.l(_printf_fp_infnan.o)
    0x08008b2c   0x000000c8   Code   RO          906    .text               c_p.l(bigflt0.o)
    0x08008bf4   0x000004a8   Code   RO          909    .text               c_p.l(btod.o)
    0x0800909c   0x00000030   Code   RO          916    .text               fz_ps.l(cmpret.o)
    0x080090cc   0x00000010   Code   RO          918    .text               fz_ps.l(fnan2.o)
    0x080090dc   0x00000008   Code   RO          924    .text               c_p.l(libspace.o)
    0x080090e4   0x0000003e   Code   RO          927    .text               c_p.l(sys_stackheap_outer.o)
    0x08009122   0x0000000c   Code   RO          930    .text               c_p.l(exit.o)
    0x0800912e   0x00000002   PAD
    0x08009130   0x00000088   Code   RO          936    .text               c_p.l(strcmp.o)
    0x080091b8   0x0000005e   Code   RO          987    .text               fz_ps.l(retnan.o)
    0x08009216   0x00000002   PAD
    0x08009218   0x0000000c   Code   RO         1002    .text               c_p.l(sys_exit.o)
    0x08009224   0x00000002   Code   RO         1023    .text               c_p.l(use_no_semi.o)
    0x08009226   0x00000000   Code   RO         1025    .text               c_p.l(indicate_semi.o)
    0x08009226   0x00000056   Code   RO         1070    .text               c_p.l(__dczerorl2.o)
    0x0800927c   0x00000030   Code   RO          911    i.__ARM_common_ll_muluu  c_p.l(btod.o)
    0x080092ac   0x0000001a   Code   RO           61    i.__ARM_common_switch8  global.o
    0x080092c6   0x00000002   PAD
    0x080092c8   0x0000002c   Code   RO          922    i.__ARM_fpclassify  m_ps.l(fpclassify.o)
    0x080092f4   0x0000000e   Code   RO          796    i._is_digit         c_p.l(__printf_wp.o)
    0x08009302   0x00000002   PAD
    0x08009304   0x0000002c   Code   RO          914    locale$$code        c_p.l(lc_numeric_c.o)
    0x08009330   0x0000008c   Code   RO          836    x$fpl$fadd          fz_ps.l(faddsub.o)
    0x080093bc   0x00000054   Code   RO          849    x$fpl$fleqf         fz_ps.l(flef.o)
    0x08009410   0x000000b0   Code   RO          851    x$fpl$fmul          fz_ps.l(fmul.o)
    0x080094c0   0x00000058   Code   RO          853    x$fpl$frleqf        fz_ps.l(frlef.o)
    0x08009518   0x000000d0   Code   RO          838    x$fpl$fsub          fz_ps.l(faddsub.o)
    0x080095e8   0x00000010   Code   RO          857    x$fpl$printf1       fz_ps.l(printf1.o)
    0x080095f8   0x00000000   Code   RO          877    x$fpl$usenofp       fz_ps.l(usenofp.o)
    0x080095f8   0x00000078   Data   RO            6    .constdata          global.o
    0x08009670   0x00000030   Data   RO          181    .constdata          main.o
    0x080096a0   0x00000077   Data   RO          284    .constdata          filter.o
    0x08009717   0x000000b5   Data   RO          601    .constdata          ht1621_driver.o
    0x080097cc   0x00000018   Data   RO          629    .constdata          key.o
    0x080097e4   0x00000011   Data   RO          799    .constdata          c_p.l(__printf_flags_wp.o)
    0x080097f5   0x00000080   Data   RO          826    .constdata          fz_ps.l(ddiv.o)
    0x08009875   0x00000040   Data   RO          843    .constdata          fz_ps.l(fdiv.o)
    0x080098b5   0x00000003   PAD
    0x080098b8   0x00000094   Data   RO          907    .constdata          c_p.l(bigflt0.o)
    0x0800994c   0x00000020   Data   RO         1068    Region$$Table       anon$$obj.o
    0x0800996c   0x0000001c   Data   RO          913    locale$$data        c_p.l(lc_numeric_c.o)


    Execution Region ER_RW (Base: 0x20000000, Size: 0x000001e4, Max: 0xffffffff, ABSOLUTE, COMPRESSED[0x0000001c])

    Base Addr    Size         Type   Attr      Idx    E Section Name        Object

    0x20000000   0x000000d0   Data   RW            7    .data               global.o
    0x200000d0   0x00000001   Data   RW            8    .data               global.o
    0x200000d1   0x00000001   Data   RW            9    .data               global.o
    0x200000d2   0x00000002   Data   RW           10    .data               global.o
    0x200000d4   0x00000001   Data   RW           12    .data               global.o
    0x200000d5   0x00000001   Data   RW           13    .data               global.o
    0x200000d6   0x00000001   Data   RW           14    .data               global.o
    0x200000d7   0x00000001   Data   RW           15    .data               global.o
    0x200000d8   0x00000001   Data   RW           19    .data               global.o
    0x200000d9   0x00000001   Data   RW           20    .data               global.o
    0x200000da   0x00000001   Data   RW           21    .data               global.o
    0x200000db   0x00000001   Data   RW           22    .data               global.o
    0x200000dc   0x00000001   Data   RW           23    .data               global.o
    0x200000dd   0x00000001   Data   RW           24    .data               global.o
    0x200000de   0x00000001   Data   RW           25    .data               global.o
    0x200000df   0x00000001   PAD
    0x200000e0   0x00000004   Data   RW           26    .data               global.o
    0x200000e4   0x00000004   Data   RW           27    .data               global.o
    0x200000e8   0x00000004   Data   RW           28    .data               global.o
    0x200000ec   0x00000001   Data   RW           29    .data               global.o
    0x200000ed   0x00000001   Data   RW           30    .data               global.o
    0x200000ee   0x00000001   Data   RW           31    .data               global.o
    0x200000ef   0x00000001   Data   RW           32    .data               global.o
    0x200000f0   0x00000001   Data   RW           33    .data               global.o
    0x200000f1   0x00000001   Data   RW           34    .data               global.o
    0x200000f2   0x00000001   Data   RW           35    .data               global.o
    0x200000f3   0x00000001   Data   RW           36    .data               global.o
    0x200000f4   0x00000002   Data   RW           37    .data               global.o
    0x200000f6   0x00000002   PAD
    0x200000f8   0x00000004   Data   RW           38    .data               global.o
    0x200000fc   0x00000004   Data   RW           39    .data               global.o
    0x20000100   0x00000001   Data   RW           40    .data               global.o
    0x20000101   0x00000001   Data   RW           42    .data               global.o
    0x20000102   0x00000001   Data   RW           43    .data               global.o
    0x20000103   0x00000001   PAD
    0x20000104   0x00000004   Data   RW          182    .data               main.o
    0x20000108   0x00000028   Data   RW          224    .data               timer.o
    0x20000130   0x00000058   Data   RW          285    .data               filter.o
    0x20000188   0x00000002   Data   RW          315    .data               ad_acquire.o
    0x2000018a   0x00000010   Data   RW          377    .data               stm32f0xx_rcc.o
    0x2000019a   0x0000000a   Data   RW          603    .data               ht1621_driver.o
    0x200001a4   0x00000010   Data   RW          630    .data               key.o
    0x200001b4   0x0000001c   Data   RW          657    .data               epm7064s.o
    0x200001d0   0x00000014   Data   RW          751    .data               system_stm32f0xx.o


    Execution Region ER_ZI (Base: 0x200001e4, Size: 0x0000085c, Max: 0xffffffff, ABSOLUTE)

    Base Addr    Size         Type   Attr      Idx    E Section Name        Object

    0x200001e4   0x0000000e   Zero   RW            4    .bss                global.o
    0x200001f2   0x00000002   PAD
    0x200001f4   0x0000008c   Zero   RW            5    .bss                global.o
    0x20000280   0x00000160   Zero   RW          283    .bss                filter.o
    0x200003e0   0x00000060   Zero   RW          925    .bss                c_p.l(libspace.o)
    0x20000440   0x00000200   Zero   RW          742    HEAP                startup_stm32f030.o
    0x20000640   0x00000400   Zero   RW          741    STACK               startup_stm32f030.o


==============================================================================

Image component sizes


      Code (inc. data)   RO Data    RW Data    ZI Data      Debug   Object Name

       236         20          0          2          0       1296   ad_acquire.o
       464         20          0         28          0       2431   epm7064s.o
      1276         98        119         88        352       6410   filter.o
      5422        246        120        256        154     257518   global.o
      5052        678        181         10          0      11720   ht1621_driver.o
       872          8          0          0          0       2867   i2c.o
      3312        530         24         16          0       7973   key.o
       232          8          0          0          0       1447   led.o
       920        108         48          4          0      10467   main.o
       312          4          0          0          0       1450   rtc.o
       116         56        180          0       1536        632   startup_stm32f030.o
       548         12          0          0          0       5835   stm32f0xx_adc.o
       292         12          0          0          0       3130   stm32f0xx_dma.o
       204         14          0          0          0       2051   stm32f0xx_exti.o
       348         22          0          0          0       3177   stm32f0xx_gpio.o
       124         16          0          0          0       1280   stm32f0xx_misc.o
       224         10          0          0          0       1930   stm32f0xx_pwr.o
      1048         38          0         16          0       7646   stm32f0xx_rcc.o
      2124         50          0          0          0      11718   stm32f0xx_rtc.o
       152          4          0          0          0       1762   stm32f0xx_syscfg.o
      2340        116          0          0          0      17755   stm32f0xx_tim.o
      1078         18          0          0          0       9870   stm32f0xx_usart.o
       344         28          0         20          0       1647   system_stm32f0xx.o
       400         40          0         40          0       2486   timer.o
      1684        412          0          0          0       4724   uart.o

    ----------------------------------------------------------------------
     29128       2568        704        484       2044     379222   Object Totals
         0          0         32          0          0          0   (incl. Generated)
         4          0          0          4          2          0   (incl. Padding)

    ----------------------------------------------------------------------

      Code (inc. data)   RO Data    RW Data    ZI Data      Debug   Library Member Name

        86          0          0          0          0          0   __dczerorl2.o
         8          0          0          0          0         68   __main.o
       312          6         17          0          0         76   __printf_flags_wp.o
        14          0          0          0          0         60   __printf_wp.o
        60          8          0          0          0          0   __scatter.o
        28          0          0          0          0          0   __scatter_zi.o
        48          6          0          0          0         88   _printf_char_common.o
        10          0          0          0          0          0   _printf_d.o
       108         18          0          0          0         76   _printf_dec.o
        10          0          0          0          0          0   _printf_f.o
      1044         14          0          0          0        176   _printf_fp_dec.o
       136         16          0          0          0         76   _printf_fp_infnan.o
       176          0          0          0          0         84   _printf_intcommon.o
        78          0          0          0          0        100   _printf_pad.o
         2          0          0          0          0          0   _printf_percent.o
         4          0          0          0          0          0   _printf_percent_end.o
        10          0          0          0          0         60   _sputc.o
         8          0          0          0          0         60   abs.o
       346          0          0          0          0         92   aeabi_sdiv.o
       200          4        148          0          0         80   bigflt0.o
      1240         12          0          0          0        316   btod.o
        12          0          0          0          0         64   exit.o
         6          0          0          0          0        136   heapauxi.o
         0          0          0          0          0          0   indicate_semi.o
        44         10         28          0          0         76   lc_numeric_c.o
         2          0          0          0          0          0   libinit.o
        22          0          0          0          0          0   libinit2.o
         2          0          0          0          0          0   libshutdown.o
         2          0          0          0          0          0   libshutdown2.o
         8          4          0          0         96         68   libspace.o
       122          0          0          0          0         72   lludiv10.o
        90          0          0          0          0         68   memcmp.o
        40          4          0          0          0         84   noretval__2sprintf.o
         8          4          0          0          0         68   rt_locale_intlibspace.o
         0          0          0          0          0          0   rtentry.o
        12          0          0          0          0          0   rtentry2.o
         6          0          0          0          0          0   rtentry4.o
         2          0          0          0          0          0   rtexit.o
        10          0          0          0          0          0   rtexit2.o
        40          0          0          0          0         60   rtudiv10.o
       136          4          0          0          0         72   strcmp.o
        12          4          0          0          0         60   sys_exit.o
        62          0          0          0          0         80   sys_stackheap_outer.o
         2          0          0          0          0         68   use_no_semi.o
        48          4          0          0          0         60   cmpret.o
       124          4          0          0          0         72   d2f.o
       848         20          0          0          0        228   daddsub.o
      1096         26        128          0          0        116   ddiv.o
        68          4          0          0          0         68   dfixui.o
        88          0          0          0          0         92   dflti.o
       616         24          0          0          0         84   dmul.o
        84          4          0          0          0         60   f2d.o
       348          8          0          0          0        160   faddsub.o
       100          4          0          0          0         68   fcmpin.o
       352          8         64          0          0         88   fdiv.o
        48          0          0          0          0         60   ffixui.o
        94          0          0          0          0         92   fflti.o
        84          4          0          0          0         76   flef.o
       176          4          0          0          0         80   fmul.o
        16          6          0          0          0         68   fnan2.o
        88          4          0          0          0         76   frlef.o
        68          4          0          0          0         68   fscalbn.o
        16          4          0          0          0         76   printf1.o
        94          0          0          0          0         68   retnan.o
         0          0          0          0          0          0   usenofp.o
        44          4          0          0          0         60   fpclassify.o

    ----------------------------------------------------------------------
      9084        250        388          0         96       4208   Library Totals
        16          0          3          0          0          0   (incl. Padding)

    ----------------------------------------------------------------------

      Code (inc. data)   RO Data    RW Data    ZI Data      Debug   Library Name

      4568        114        193          0         96       2388   c_p.l
      4456        132        192          0          0       1760   fz_ps.l
        44          4          0          0          0         60   m_ps.l

    ----------------------------------------------------------------------
      9084        250        388          0         96       4208   Library Totals

    ----------------------------------------------------------------------

==============================================================================


      Code (inc. data)   RO Data    RW Data    ZI Data      Debug   

     38212       2818       1092        484       2140     377990   Grand Totals
     38212       2818       1092         28       2140     377990   ELF Image Totals (compressed)
     38212       2818       1092         28          0          0   ROM Totals

==============================================================================

    Total RO  Size (Code + RO Data)                39304 (  38.38kB)
    Total RW  Size (RW Data + ZI Data)              2624 (   2.56kB)
    Total ROM Size (Code + RO Data + RW Data)      39332 (  38.41kB)

==============================================================================

